lcd.c:22:6:LCD_WR_REG	16	static
lcd.c:27:6:LCD_WR_DATA	16	static
lcd.c:32:10:LCD_RD_DATA	16	static
lcd.c:40:6:lcd_AddressSet	24	static
lcd.c:56:6:lcd_SetCursor	16	static
lcd.c:66:6:lcd_DisplayOn	8	static
lcd.c:71:6:lcd_DisplayOff	8	static
lcd.c:76:10:lcd_ReadPoint	24	static
lcd.c:94:6:lcd_Clear	24	static
lcd.c:116:6:lcd_Fill	32	static
lcd.c:136:6:lcd_DrawPoint	16	static
lcd.c:151:6:lcd_DrawLine	64	static
lcd.c:187:6:lcd_DrawRectangle	32	static
lcd.c:195:6:lcd_ShowChar	40	static
lcd.c:239:10:mypow	24	static
lcd.c:246:6:lcd_ShowIntNum	48	static
lcd.c:268:6:lcd_ShowFloatNum	56	static
lcd.c:287:6:lcd_ShowPicture	40	static
lcd.c:306:6:lcd_SetDir	16	static
lcd.c:320:6:lcd_init	8	static
lcd.c:430:13:_draw_circle_8	24	static
lcd.c:449:6:lcd_DrawCircle	48	static
lcd.c:485:6:lcd_ShowStr	56	static
lcd.c:513:6:lcd_StrCenter	48	static
