main.c:149:5:main	8	static
main.c:215:6:SystemClock_Config	88	static
main.c:260:13:MX_ADC1_Init	24	static
main.c:342:13:MX_I2C1_Init	8	static
main.c:376:13:MX_SPI1_Init	8	static
main.c:414:13:MX_TIM2_Init	32	static
main.c:459:13:MX_TIM13_Init	40	static
main.c:505:13:MX_USART1_UART_Init	8	static
main.c:538:13:MX_USART2_UART_Init	8	static
main.c:569:13:MX_DMA_Init	16	static
main.c:587:13:MX_GPIO_Init	64	static
main.c:682:13:MX_FSMC_Init	64	static
main.c:743:6:system_init	8	static
main.c:757:6:test_LedDebug	8	static
main.c:764:6:test_7seg	8	static
main.c:770:6:test_button	16	static
main.c:779:6:updateTime	8	static
main.c:789:9:isButtonUp	4	static
main.c:796:9:isButtonDown	4	static
main.c:806:6:displayModeIndicator	24	static
main.c:824:6:checkAlarm	32	static
main.c:843:6:displayAlarmTime	24	static
main.c:850:6:displayTime	40	static
main.c:931:6:handleIncrementButton	4	static
main.c:999:6:handleResendRequest	8	static
main.c:1016:6:fsm_clock	8	static
main.c:1141:6:test_Uart	8	static
main.c:1151:5:get_char_Uart	16	static
main.c:1157:6:handle_Uart	16	static
main.c:1201:6:set_time_Uart	24	static
main.c:1472:7:getPowerConsumption	16	static
main.c:1477:7:getHumidity	16	static
main.c:1484:13:getLightLevel	16	static
main.c:1494:6:test_Adc	40	static
main.c:1530:6:tempProcess	64	static
main.c:1561:6:Error_Handler	4	static,ignoring_inline_asm
