main.c:103:5:main	24	static
main.c:169:6:SystemClock_Config	88	static
main.c:214:13:MX_ADC1_Init	24	static
main.c:296:13:MX_I2C1_Init	8	static
main.c:330:13:MX_SPI1_Init	8	static
main.c:368:13:MX_TIM2_Init	32	static
main.c:413:13:MX_TIM13_Init	40	static
main.c:459:13:MX_USART1_UART_Init	8	static
main.c:490:13:MX_DMA_Init	16	static
main.c:508:13:MX_GPIO_Init	64	static
main.c:587:13:MX_FSMC_Init	64	static
main.c:648:6:system_init	8	static
main.c:663:6:test_LedDebug	8	static
main.c:670:9:isButtonUp	4	static
main.c:678:9:isButtonDown	4	static
main.c:686:9:isButtonRight	4	static
main.c:697:7:getPowerConsumption	16	static
main.c:702:7:getHumidity	16	static
main.c:709:13:getLightLevel	16	static
main.c:719:6:test_Adc	40	static
main.c:756:6:displayTimeOn7Seg	8	static
main.c:766:6:sendDataToPC	24	static
main.c:794:6:test_Buzzer	16	static
main.c:844:6:drawPowerChart	80	static
main.c:925:6:Error_Handler	4	static,ignoring_inline_asm
