Archive member included to satisfy reference by file (symbol)

d:/software/st/stm32cubeide_1.7.0/stm32cubeide/plugins/com.st.stm32cube.ide.mcu.externaltools.gnu-tools-for-stm32.9-2020-q2-update.win32_2.0.0.202105311346/tools/bin/../lib/gcc/arm-none-eabi/9.3.1/../../../../arm-none-eabi/lib/thumb/v7e-m+fp/hard\libc_nano.a(lib_a-errno.o)
                              ./Core/Src/syscalls.o (__errno)
d:/software/st/stm32cubeide_1.7.0/stm32cubeide/plugins/com.st.stm32cube.ide.mcu.externaltools.gnu-tools-for-stm32.9-2020-q2-update.win32_2.0.0.202105311346/tools/bin/../lib/gcc/arm-none-eabi/9.3.1/../../../../arm-none-eabi/lib/thumb/v7e-m+fp/hard\libc_nano.a(lib_a-exit.o)
                              d:/software/st/stm32cubeide_1.7.0/stm32cubeide/plugins/com.st.stm32cube.ide.mcu.externaltools.gnu-tools-for-stm32.9-2020-q2-update.win32_2.0.0.202105311346/tools/bin/../lib/gcc/arm-none-eabi/9.3.1/../../../../arm-none-eabi/lib/thumb/v7e-m+fp/hard/crt0.o (exit)
d:/software/st/stm32cubeide_1.7.0/stm32cubeide/plugins/com.st.stm32cube.ide.mcu.externaltools.gnu-tools-for-stm32.9-2020-q2-update.win32_2.0.0.202105311346/tools/bin/../lib/gcc/arm-none-eabi/9.3.1/../../../../arm-none-eabi/lib/thumb/v7e-m+fp/hard\libc_nano.a(lib_a-impure.o)
                              d:/software/st/stm32cubeide_1.7.0/stm32cubeide/plugins/com.st.stm32cube.ide.mcu.externaltools.gnu-tools-for-stm32.9-2020-q2-update.win32_2.0.0.202105311346/tools/bin/../lib/gcc/arm-none-eabi/9.3.1/../../../../arm-none-eabi/lib/thumb/v7e-m+fp/hard\libc_nano.a(lib_a-exit.o) (_global_impure_ptr)
d:/software/st/stm32cubeide_1.7.0/stm32cubeide/plugins/com.st.stm32cube.ide.mcu.externaltools.gnu-tools-for-stm32.9-2020-q2-update.win32_2.0.0.202105311346/tools/bin/../lib/gcc/arm-none-eabi/9.3.1/../../../../arm-none-eabi/lib/thumb/v7e-m+fp/hard\libc_nano.a(lib_a-init.o)
                              d:/software/st/stm32cubeide_1.7.0/stm32cubeide/plugins/com.st.stm32cube.ide.mcu.externaltools.gnu-tools-for-stm32.9-2020-q2-update.win32_2.0.0.202105311346/tools/bin/../lib/gcc/arm-none-eabi/9.3.1/../../../../arm-none-eabi/lib/thumb/v7e-m+fp/hard/crt0.o (__libc_init_array)
d:/software/st/stm32cubeide_1.7.0/stm32cubeide/plugins/com.st.stm32cube.ide.mcu.externaltools.gnu-tools-for-stm32.9-2020-q2-update.win32_2.0.0.202105311346/tools/bin/../lib/gcc/arm-none-eabi/9.3.1/../../../../arm-none-eabi/lib/thumb/v7e-m+fp/hard\libc_nano.a(lib_a-memset.o)
                              d:/software/st/stm32cubeide_1.7.0/stm32cubeide/plugins/com.st.stm32cube.ide.mcu.externaltools.gnu-tools-for-stm32.9-2020-q2-update.win32_2.0.0.202105311346/tools/bin/../lib/gcc/arm-none-eabi/9.3.1/../../../../arm-none-eabi/lib/thumb/v7e-m+fp/hard/crt0.o (memset)
d:/software/st/stm32cubeide_1.7.0/stm32cubeide/plugins/com.st.stm32cube.ide.mcu.externaltools.gnu-tools-for-stm32.9-2020-q2-update.win32_2.0.0.202105311346/tools/bin/../lib/gcc/arm-none-eabi/9.3.1/../../../../arm-none-eabi/lib/thumb/v7e-m+fp/hard\libc_nano.a(lib_a-rand.o)
                              ./Core/Src/main.o (rand)
d:/software/st/stm32cubeide_1.7.0/stm32cubeide/plugins/com.st.stm32cube.ide.mcu.externaltools.gnu-tools-for-stm32.9-2020-q2-update.win32_2.0.0.202105311346/tools/bin/../lib/gcc/arm-none-eabi/9.3.1/../../../../arm-none-eabi/lib/thumb/v7e-m+fp/hard\libc_nano.a(lib_a-sprintf.o)
                              ./Core/Src/main.o (sprintf)
d:/software/st/stm32cubeide_1.7.0/stm32cubeide/plugins/com.st.stm32cube.ide.mcu.externaltools.gnu-tools-for-stm32.9-2020-q2-update.win32_2.0.0.202105311346/tools/bin/../lib/gcc/arm-none-eabi/9.3.1/../../../../arm-none-eabi/lib/thumb/v7e-m+fp/hard\libc_nano.a(lib_a-strlen.o)
                              ./Core/Src/lcd.o (strlen)
d:/software/st/stm32cubeide_1.7.0/stm32cubeide/plugins/com.st.stm32cube.ide.mcu.externaltools.gnu-tools-for-stm32.9-2020-q2-update.win32_2.0.0.202105311346/tools/bin/../lib/gcc/arm-none-eabi/9.3.1/../../../../arm-none-eabi/lib/thumb/v7e-m+fp/hard\libc_nano.a(lib_a-assert.o)
                              d:/software/st/stm32cubeide_1.7.0/stm32cubeide/plugins/com.st.stm32cube.ide.mcu.externaltools.gnu-tools-for-stm32.9-2020-q2-update.win32_2.0.0.202105311346/tools/bin/../lib/gcc/arm-none-eabi/9.3.1/../../../../arm-none-eabi/lib/thumb/v7e-m+fp/hard\libc_nano.a(lib_a-rand.o) (__assert_func)
d:/software/st/stm32cubeide_1.7.0/stm32cubeide/plugins/com.st.stm32cube.ide.mcu.externaltools.gnu-tools-for-stm32.9-2020-q2-update.win32_2.0.0.202105311346/tools/bin/../lib/gcc/arm-none-eabi/9.3.1/../../../../arm-none-eabi/lib/thumb/v7e-m+fp/hard\libc_nano.a(lib_a-fprintf.o)
                              d:/software/st/stm32cubeide_1.7.0/stm32cubeide/plugins/com.st.stm32cube.ide.mcu.externaltools.gnu-tools-for-stm32.9-2020-q2-update.win32_2.0.0.202105311346/tools/bin/../lib/gcc/arm-none-eabi/9.3.1/../../../../arm-none-eabi/lib/thumb/v7e-m+fp/hard\libc_nano.a(lib_a-assert.o) (fiprintf)
[...]
Memory Configuration

Name             Origin             Length             Attributes
CCMRAM           0x0000000010000000 0x0000000000010000 xrw
RAM              0x0000000020000000 0x0000000000020000 xrw
FLASH            0x0000000008000000 0x0000000000100000 xr
*default*        0x0000000000000000 0xffffffffffffffff

Linker script and memory map

LOAD d:/software/st/stm32cubeide_1.7.0/stm32cubeide/plugins/com.st.stm32cube.ide.mcu.externaltools.gnu-tools-for-stm32.9-2020-q2-update.win32_2.0.0.202105311346/tools/bin/../lib/gcc/arm-none-eabi/9.3.1/thumb/v7e-m+fp/hard/crti.o
LOAD d:/software/st/stm32cubeide_1.7.0/stm32cubeide/plugins/com.st.stm32cube.ide.mcu.externaltools.gnu-tools-for-stm32.9-2020-q2-update.win32_2.0.0.202105311346/tools/bin/../lib/gcc/arm-none-eabi/9.3.1/thumb/v7e-m+fp/hard/crtbegin.o
LOAD d:/software/st/stm32cubeide_1.7.0/stm32cubeide/plugins/com.st.stm32cube.ide.mcu.externaltools.gnu-tools-for-stm32.9-2020-q2-update.win32_2.0.0.202105311346/tools/bin/../lib/gcc/arm-none-eabi/9.3.1/../../../../arm-none-eabi/lib/thumb/v7e-m+fp/hard/crt0.o
LOAD ./Core/Src/at24c.o
LOAD ./Core/Src/button.o
LOAD ./Core/Src/buzzer.o
LOAD ./Core/Src/ds3231.o
LOAD ./Core/Src/lcd.o
LOAD ./Core/Src/led_7seg.o
LOAD ./Core/Src/main.o
LOAD ./Core/Src/picture.o
LOAD ./Core/Src/sensor.o
LOAD ./Core/Src/software_timer.o
LOAD ./Core/Src/stm32f4xx_hal_msp.o
LOAD ./Core/Src/stm32f4xx_it.o
LOAD ./Core/Src/syscalls.o
LOAD ./Core/Src/sysmem.o
LOAD ./Core/Src/system_stm32f4xx.o
LOAD ./Core/Src/touch.o
LOAD ./Core/Src/uart.o
LOAD ./Core/Src/utils.o
LOAD ./Core/Startup/startup_stm32f407zgtx.o
LOAD ./Drivers/STM32F4xx_HAL_Driver/Src/stm32f4xx_hal.o
LOAD ./Drivers/STM32F4xx_HAL_Driver/Src/stm32f4xx_hal_adc.o
LOAD ./Drivers/STM32F4xx_HAL_Driver/Src/stm32f4xx_hal_adc_ex.o
LOAD ./Drivers/STM32F4xx_HAL_Driver/Src/stm32f4xx_hal_cortex.o
LOAD ./Drivers/STM32F4xx_HAL_Driver/Src/stm32f4xx_hal_dma.o
LOAD ./Drivers/STM32F4xx_HAL_Driver/Src/stm32f4xx_hal_dma_ex.o
LOAD ./Drivers/STM32F4xx_HAL_Driver/Src/stm32f4xx_hal_exti.o
LOAD ./Drivers/STM32F4xx_HAL_Driver/Src/stm32f4xx_hal_flash.o
LOAD ./Drivers/STM32F4xx_HAL_Driver/Src/stm32f4xx_hal_flash_ex.o
LOAD ./Drivers/STM32F4xx_HAL_Driver/Src/stm32f4xx_hal_flash_ramfunc.o
LOAD ./Drivers/STM32F4xx_HAL_Driver/Src/stm32f4xx_hal_gpio.o
LOAD ./Drivers/STM32F4xx_HAL_Driver/Src/stm32f4xx_hal_i2c.o
LOAD ./Drivers/STM32F4xx_HAL_Driver/Src/stm32f4xx_hal_i2c_ex.o
LOAD ./Drivers/STM32F4xx_HAL_Driver/Src/stm32f4xx_hal_pwr.o
LOAD ./Drivers/STM32F4xx_HAL_Driver/Src/stm32f4xx_hal_pwr_ex.o
LOAD ./Drivers/STM32F4xx_HAL_Driver/Src/stm32f4xx_hal_rcc.o
LOAD ./Drivers/STM32F4xx_HAL_Driver/Src/stm32f4xx_hal_rcc_ex.o
LOAD ./Drivers/STM32F4xx_HAL_Driver/Src/stm32f4xx_hal_spi.o
LOAD ./Drivers/STM32F4xx_HAL_Driver/Src/stm32f4xx_hal_sram.o
LOAD ./Drivers/STM32F4xx_HAL_Driver/Src/stm32f4xx_hal_tim.o
LOAD ./Drivers/STM32F4xx_HAL_Driver/Src/stm32f4xx_hal_tim_ex.o
LOAD ./Drivers/STM32F4xx_HAL_Driver/Src/stm32f4xx_hal_uart.o
LOAD ./Drivers/STM32F4xx_HAL_Driver/Src/stm32f4xx_ll_adc.o
LOAD ./Drivers/STM32F4xx_HAL_Driver/Src/stm32f4xx_ll_fsmc.o
START GROUP
LOAD d:/software/st/stm32cubeide_1.7.0/stm32cubeide/plugins/com.st.stm32cube.ide.mcu.externaltools.gnu-tools-for-stm32.9-2020-q2-update.win32_2.0.0.202105311346/tools/bin/../lib/gcc/arm-none-eabi/9.3.1/../../../../arm-none-eabi/lib/thumb/v7e-m+fp/hard\libc_nano.a
LOAD d:/software/st/stm32cubeide_1.7.0/stm32cubeide/plugins/com.st.stm32cube.ide.mcu.externaltools.gnu-tools-for-stm32.9-2020-q2-update.win32_2.0.0.202105311346/tools/bin/../lib/gcc/arm-none-eabi/9.3.1/../../../../arm-none-eabi/lib/thumb/v7e-m+fp/hard\libm.a
END GROUP
START GROUP
LOAD d:/software/st/stm32cubeide_1.7.0/stm32cubeide/plugins/com.st.stm32cube.ide.mcu.externaltools.gnu-tools-for-stm32.9-2020-q2-update.win32_2.0.0.202105311346/tools/bin/../lib/gcc/arm-none-eabi/9.3.1/thumb/v7e-m+fp/hard\libgcc.a
LOAD d:/software/st/stm32cubeide_1.7.0/stm32cubeide/plugins/com.st.stm32cube.ide.mcu.externaltools.gnu-tools-for-stm32.9-2020-q2-update.win32_2.0.0.202105311346/tools/bin/../lib/gcc/arm-none-eabi/9.3.1/../../../../arm-none-eabi/lib/thumb/v7e-m+fp/hard\libc_nano.a
END GROUP
START GROUP
LOAD d:/software/st/stm32cubeide_1.7.0/stm32cubeide/plugins/com.st.stm32cube.ide.mcu.externaltools.gnu-tools-for-stm32.9-2020-q2-update.win32_2.0.0.202105311346/tools/bin/../lib/gcc/arm-none-eabi/9.3.1/thumb/v7e-m+fp/hard\libgcc.a
LOAD d:/software/st/stm32cubeide_1.7.0/stm32cubeide/plugins/com.st.stm32cube.ide.mcu.externaltools.gnu-tools-for-stm32.9-2020-q2-update.win32_2.0.0.202105311346/tools/bin/../lib/gcc/arm-none-eabi/9.3.1/../../../../arm-none-eabi/lib/thumb/v7e-m+fp/hard\libc_nano.a
LOAD d:/software/st/stm32cubeide_1.7.0/stm32cubeide/plugins/com.st.stm32cube.ide.mcu.externaltools.gnu-tools-for-stm32.9-2020-q2-update.win32_2.0.0.202105311346/tools/bin/../lib/gcc/arm-none-eabi/9.3.1/../../../../arm-none-eabi/lib/thumb/v7e-m+fp/hard\libnosys.a
END GROUP
START GROUP
LOAD d:/software/st/stm32cubeide_1.7.0/stm32cubeide/plugins/com.st.stm32cube.ide.mcu.externaltools.gnu-tools-for-stm32.9-2020-q2-update.win32_2.0.0.202105311346/tools/bin/../lib/gcc/arm-none-eabi/9.3.1/thumb/v7e-m+fp/hard\libgcc.a
LOAD d:/software/st/stm32cubeide_1.7.0/stm32cubeide/plugins/com.st.stm32cube.ide.mcu.externaltools.gnu-tools-for-stm32.9-2020-q2-update.win32_2.0.0.202105311346/tools/bin/../lib/gcc/arm-none-eabi/9.3.1/../../../../arm-none-eabi/lib/thumb/v7e-m+fp/hard\libc_nano.a
LOAD d:/software/st/stm32cubeide_1.7.0/stm32cubeide/plugins/com.st.stm32cube.ide.mcu.externaltools.gnu-tools-for-stm32.9-2020-q2-update.win32_2.0.0.202105311346/tools/bin/../lib/gcc/arm-none-eabi/9.3.1/../../../../arm-none-eabi/lib/thumb/v7e-m+fp/hard\libnosys.a
END GROUP
LOAD d:/software/st/stm32cubeide_1.7.0/stm32cubeide/plugins/com.st.stm32cube.ide.mcu.externaltools.gnu-tools-for-stm32.9-2020-q2-update.win32_2.0.0.202105311346/tools/bin/../lib/gcc/arm-none-eabi/9.3.1/thumb/v7e-m+fp/hard/crtend.o
LOAD d:/software/st/stm32cubeide_1.7.0/stm32cubeide/plugins/com.st.stm32cube.ide.mcu.externaltools.gnu-tools-for-stm32.9-2020-q2-update.win32_2.0.0.202105311346/tools/bin/../lib/gcc/arm-none-eabi/9.3.1/thumb/v7e-m+fp/hard/crtn.o
                0x0000000020020000                _estack = (ORIGIN (RAM) + LENGTH (RAM))
                0x0000000000000200                _Min_Heap_Size = 0x200
                0x0000000000000400                _Min_Stack_Size = 0x400

.isr_vector     0x0000000008000000      0x188
                0x0000000008000000                . = ALIGN (0x4)
 *(.isr_vector)
 .isr_vector    0x0000000008000000      0x188 ./Core/Startup/startup_stm32f407zgtx.o
                0x0000000008000000                g_pfnVectors
                0x0000000008000188                . = ALIGN (0x4)

.text           0x0000000008000190     0xaa34
                0x0000000008000190                . = ALIGN (0x4)
 *(.text)
 .text          0x0000000008000190       0x40 d:/software/st/stm32cubeide_1.7.0/stm32cubeide/plugins/com.st.stm32cube.ide.mcu.externaltools.gnu-tools-for-stm32.9-2020-q2-update.win32_2.0.0.202105311346/tools/bin/../lib/gcc/arm-none-eabi/9.3.1/thumb/v7e-m+fp/hard/crtbegin.o
 .text          0x00000000080001d0       0x10 d:/software/st/stm32cubeide_1.7.0/stm32cubeide/plugins/com.st.stm32cube.ide.mcu.externaltools.gnu-tools-for-stm32.9-2020-q2-update.win32_2.0.0.202105311346/tools/bin/../lib/gcc/arm-none-eabi/9.3.1/../../../../arm-none-eabi/lib/thumb/v7e-m+fp/hard\libc_nano.a(lib_a-strlen.o)
                0x00000000080001d0                strlen
 .text          0x00000000080001e0       0xa0 d:/software/st/stm32cubeide_1.7.0/stm32cubeide/plugins/com.st.stm32cube.ide.mcu.externaltools.gnu-tools-for-stm32.9-2020-q2-update.win32_2.0.0.202105311346/tools/bin/../lib/gcc/arm-none-eabi/9.3.1/../../../../arm-none-eabi/lib/thumb/v7e-m+fp/hard\libc_nano.a(lib_a-memchr.o)
                0x00000000080001e0                memchr
 .text          0x0000000008000280      0x378 d:/software/st/stm32cubeide_1.7.0/stm32cubeide/plugins/com.st.stm32cube.ide.mcu.externaltools.gnu-tools-for-stm32.9-2020-q2-update.win32_2.0.0.202105311346/tools/bin/../lib/gcc/arm-none-eabi/9.3.1/thumb/v7e-m+fp/hard\libgcc.a(_arm_addsubdf3.o)
                0x0000000008000280                __aeabi_drsub
                0x0000000008000288                __aeabi_dsub
                0x0000000008000288                __subdf3
                0x000000000800028c                __aeabi_dadd
                0x000000000800028c                __adddf3
                0x0000000008000504                __floatunsidf
                0x0000000008000504                __aeabi_ui2d
                0x0000000008000524                __floatsidf
                0x0000000008000524                __aeabi_i2d
                0x0000000008000548                __aeabi_f2d
                0x0000000008000548                __extendsfdf2
                0x000000000800058c                __floatundidf
                0x000000000800058c                __aeabi_ul2d
                0x000000000800059c                __floatdidf
                0x000000000800059c                __aeabi_l2d
 .text          0x00000000080005f8      0x424 d:/software/st/stm32cubeide_1.7.0/stm32cubeide/plugins/com.st.stm32cube.ide.mcu.externaltools.gnu-tools-for-stm32.9-2020-q2-update.win32_2.0.0.202105311346/tools/bin/../lib/gcc/arm-none-eabi/9.3.1/thumb/v7e-m+fp/hard\libgcc.a(_arm_muldivdf3.o)
                0x00000000080005f8                __aeabi_dmul
                0x00000000080005f8                __muldf3
                0x000000000800084c                __divdf3
                0x000000000800084c                __aeabi_ddiv
 .text          0x0000000008000a1c      0x110 d:/software/st/stm32cubeide_1.7.0/stm32cubeide/plugins/com.st.stm32cube.ide.mcu.externaltools.gnu-tools-for-stm32.9-2020-q2-update.win32_2.0.0.202105311346/tools/bin/../lib/gcc/arm-none-eabi/9.3.1/thumb/v7e-m+fp/hard\libgcc.a(_arm_cmpdf2.o)
                0x0000000008000a1c                __gtdf2
                0x0000000008000a1c                __gedf2
                0x0000000008000a24                __ltdf2
                0x0000000008000a24                __ledf2
                0x0000000008000a2c                __nedf2
                0x0000000008000a2c                __eqdf2
                0x0000000008000a2c                __cmpdf2
                0x0000000008000aa8                __aeabi_cdrcmple
                0x0000000008000ab8                __aeabi_cdcmpeq
                0x0000000008000ab8                __aeabi_cdcmple
                0x0000000008000ac8                __aeabi_dcmpeq
                0x0000000008000adc                __aeabi_dcmplt
                0x0000000008000af0                __aeabi_dcmple
                0x0000000008000b04                __aeabi_dcmpge
                0x0000000008000b18                __aeabi_dcmpgt
 .text          0x0000000008000b2c       0x2c d:/software/st/stm32cubeide_1.7.0/stm32cubeide/plugins/com.st.stm32cube.ide.mcu.externaltools.gnu-tools-for-stm32.9-2020-q2-update.win32_2.0.0.202105311346/tools/bin/../lib/gcc/arm-none-eabi/9.3.1/thumb/v7e-m+fp/hard\libgcc.a(_arm_unorddf2.o)
                0x0000000008000b2c                __unorddf2
                0x0000000008000b2c                __aeabi_dcmpun
 .text          0x0000000008000b58       0x40 d:/software/st/stm32cubeide_1.7.0/stm32cubeide/plugins/com.st.stm32cube.ide.mcu.externaltools.gnu-tools-for-stm32.9-2020-q2-update.win32_2.0.0.202105311346/tools/bin/../lib/gcc/arm-none-eabi/9.3.1/thumb/v7e-m+fp/hard\libgcc.a(_arm_fixunsdfsi.o)
                0x0000000008000b58                __aeabi_d2uiz
                0x0000000008000b58                __fixunsdfsi
 .text          0x0000000008000b98       0x30 d:/software/st/stm32cubeide_1.7.0/stm32cubeide/plugins/com.st.stm32cube.ide.mcu.externaltools.gnu-tools-for-stm32.9-2020-q2-update.win32_2.0.0.202105311346/tools/bin/../lib/gcc/arm-none-eabi/9.3.1/thumb/v7e-m+fp/hard\libgcc.a(_aeabi_uldivmod.o)
                0x0000000008000b98                __aeabi_uldivmod
 .text          0x0000000008000bc8      0x2c4 d:/software/st/stm32cubeide_1.7.0/stm32cubeide/plugins/com.st.stm32cube.ide.mcu.externaltools.gnu-tools-for-stm32.9-2020-q2-update.win32_2.0.0.202105311346/tools/bin/../lib/gcc/arm-none-eabi/9.3.1/thumb/v7e-m+fp/hard\libgcc.a(_udivmoddi4.o)
                0x0000000008000bc8                __udivmoddi4
 .text          0x0000000008000e8c        0x4 d:/software/st/stm32cubeide_1.7.0/stm32cubeide/plugins/com.st.stm32cube.ide.mcu.externaltools.gnu-tools-for-stm32.9-2020-q2-update.win32_2.0.0.202105311346/tools/bin/../lib/gcc/arm-none-eabi/9.3.1/thumb/v7e-m+fp/hard\libgcc.a(_dvmd_tls.o)
                0x0000000008000e8c                __aeabi_idiv0
                0x0000000008000e8c                __aeabi_ldiv0
 *(.text*)
 .text.at24c_init
                0x0000000008000e90        0xc ./Core/Src/at24c.o
                0x0000000008000e90                at24c_init
 .text.at24c_ReadOneByte
                0x0000000008000e9c       0x38 ./Core/Src/at24c.o
                0x0000000008000e9c                at24c_ReadOneByte
 .text.at24c_WriteOneByte
                0x0000000008000ed4       0x3c ./Core/Src/at24c.o
                0x0000000008000ed4                at24c_WriteOneByte
 .text.at24c_Check
                0x0000000008000f10       0x46 ./Core/Src/at24c.o
 .text.at24c_Read
                0x0000000008000f56       0x3e ./Core/Src/at24c.o
                0x0000000008000f56                at24c_Read
 .text.at24c_Write
                0x0000000008000f94       0x40 ./Core/Src/at24c.o
                0x0000000008000f94                at24c_Write
 .text.button_init
                0x0000000008000fd4       0x18 ./Core/Src/button.o
                0x0000000008000fd4                button_init
 .text.LCD_WR_REG
                0x0000000008000fec       0x20 ./Core/Src/lcd.o
                0x0000000008000fec                LCD_WR_REG
 .text.LCD_WR_DATA
                0x000000000800100c       0x20 ./Core/Src/lcd.o
 .text.LCD_RD_DATA
                0x000000000800102c       0x24 ./Core/Src/lcd.o
 .text.lcd_AddressSet
                0x0000000008001050       0x98 ./Core/Src/lcd.o
                0x0000000008001050                lcd_AddressSet
 .text.lcd_Clear
                0x00000000080010e8       0x64 ./Core/Src/lcd.o
                0x00000000080010e8                lcd_Clear
 .text.lcd_Fill
                0x000000000800114c       0x6c ./Core/Src/lcd.o
                0x000000000800114c                lcd_Fill
 .text.lcd_DrawPoint
                0x00000000080011b8       0x2e ./Core/Src/lcd.o
                0x00000000080011b8                lcd_DrawPoint
 .text.lcd_DrawLine
                0x00000000080011e6      0x108 ./Core/Src/lcd.o
                0x00000000080011e6                lcd_DrawLine
 .text.lcd_DrawRectangle
                0x00000000080012ee       0x6e ./Core/Src/lcd.o
                0x00000000080012ee                lcd_DrawRectangle
 .text.lcd_ShowChar
                0x000000000800135c      0x1a0 ./Core/Src/lcd.o
                0x000000000800135c                lcd_ShowChar
 .text.lcd_SetDir
                0x00000000080014fc       0x48 ./Core/Src/lcd.o
                0x00000000080014fc                lcd_SetDir
 .text.lcd_init
                0x0000000008001544      0x2c0 ./Core/Src/lcd.o
                0x0000000008001544                lcd_init
 .text._draw_circle_8
                0x0000000008001804      0x116 ./Core/Src/lcd.o
 .text.lcd_DrawCircle
                0x000000000800191a       0xd8 ./Core/Src/lcd.o
                0x000000000800191a                lcd_DrawCircle
 *fill*         0x00000000080019f2        0x2 
 .text.lcd_ShowStr
                0x00000000080019f4       0xc8 ./Core/Src/lcd.o
                0x00000000080019f4                lcd_ShowStr
 .text.led7_Scan
                0x0000000008001abc      0x118 ./Core/Src/led_7seg.o
                0x0000000008001abc                led7_Scan
 .text.main     0x0000000008001bd4       0x94 ./Core/Src/main.o
                0x0000000008001bd4                main
 .text.SystemClock_Config
                0x0000000008001c68       0xd4 ./Core/Src/main.o
                0x0000000008001c68                SystemClock_Config
 .text.MX_ADC1_Init
                0x0000000008001d3c      0x114 ./Core/Src/main.o
 .text.MX_I2C1_Init
                0x0000000008001e50       0x5c ./Core/Src/main.o
 .text.MX_SPI1_Init
                0x0000000008001eac       0x6c ./Core/Src/main.o
 .text.MX_TIM1_Init
                0x0000000008001f18       0xa0 ./Core/Src/main.o
 .text.MX_TIM2_Init
                0x0000000008001fb8       0x98 ./Core/Src/main.o
 .text.MX_TIM13_Init
                0x0000000008002050       0x9c ./Core/Src/main.o
 .text.MX_USART1_UART_Init
                0x00000000080020ec       0x54 ./Core/Src/main.o
 .text.MX_DMA_Init
                0x0000000008002140       0x40 ./Core/Src/main.o
 .text.MX_GPIO_Init
                0x0000000008002180      0x22c ./Core/Src/main.o
 .text.MX_FSMC_Init
                0x00000000080023ac       0xf4 ./Core/Src/main.o
 .text.system_init
                0x00000000080024a0       0x24 ./Core/Src/main.o
                0x00000000080024a0                system_init
 .text.test_LedDebug
                0x00000000080024c4       0x48 ./Core/Src/main.o
                0x00000000080024c4                test_LedDebug
 .text.game_init
                0x000000000800250c       0x2c ./Core/Src/main.o
                0x000000000800250c                game_init
 .text.game_reset
                0x0000000008002538       0x78 ./Core/Src/main.o
                0x0000000008002538                game_reset
 .text.game_draw_menu
                0x00000000080025b0       0x80 ./Core/Src/main.o
                0x00000000080025b0                game_draw_menu
 .text.game_draw_controls
                0x0000000008002630       0xcc ./Core/Src/main.o
                0x0000000008002630                game_draw_controls
 .text.game_draw_score
                0x00000000080026fc       0x54 ./Core/Src/main.o
                0x00000000080026fc                game_draw_score
 .text.food_generate
                0x0000000008002750       0xc8 ./Core/Src/main.o
                0x0000000008002750                food_generate
 .text.food_draw
                0x0000000008002818       0x60 ./Core/Src/main.o
                0x0000000008002818                food_draw
 .text.snake_move
                0x0000000008002878       0xa4 ./Core/Src/main.o
                0x0000000008002878                snake_move
 .text.snake_check_collision
                0x000000000800291c       0x6c ./Core/Src/main.o
                0x000000000800291c                snake_check_collision
 .text.game_update
                0x0000000008002988      0x12c ./Core/Src/main.o
                0x0000000008002988                game_update
 .text.game_draw
                0x0000000008002ab4       0x9c ./Core/Src/main.o
                0x0000000008002ab4                game_draw
 .text.is_button_pressed
                0x0000000008002b50       0x6c ./Core/Src/main.o
                0x0000000008002b50                is_button_pressed
 .text.handle_touch_input
                0x0000000008002bbc      0x118 ./Core/Src/main.o
                0x0000000008002bbc                handle_touch_input
 .text.Error_Handler
                0x0000000008002cd4        0xa ./Core/Src/main.o
                0x0000000008002cd4                Error_Handler
 *fill*         0x0000000008002cde        0x2 
 .text.timer_init
                0x0000000008002ce0       0x1c ./Core/Src/software_timer.o
                0x0000000008002ce0                timer_init
 .text.setTimer2
                0x0000000008002cfc       0x38 ./Core/Src/software_timer.o
                0x0000000008002cfc                setTimer2
 .text.setTimer3
                0x0000000008002d34       0x38 ./Core/Src/software_timer.o
                0x0000000008002d34                setTimer3
 .text.HAL_TIM_PeriodElapsedCallback
                0x0000000008002d6c       0x8c ./Core/Src/software_timer.o
                0x0000000008002d6c                HAL_TIM_PeriodElapsedCallback
 .text.delay_us
                0x0000000008002df8       0x34 ./Core/Src/software_timer.o
                0x0000000008002df8                delay_us
 .text.HAL_MspInit
                0x0000000008002e2c       0x50 ./Core/Src/stm32f4xx_hal_msp.o
                0x0000000008002e2c                HAL_MspInit
 .text.HAL_ADC_MspInit
                0x0000000008002e7c      0x128 ./Core/Src/stm32f4xx_hal_msp.o
                0x0000000008002e7c                HAL_ADC_MspInit
 .text.HAL_I2C_MspInit
                0x0000000008002fa4       0x90 ./Core/Src/stm32f4xx_hal_msp.o
                0x0000000008002fa4                HAL_I2C_MspInit
 .text.HAL_SPI_MspInit
                0x0000000008003034       0x90 ./Core/Src/stm32f4xx_hal_msp.o
                0x0000000008003034                HAL_SPI_MspInit
 .text.HAL_TIM_Base_MspInit
                0x00000000080030c4       0xa4 ./Core/Src/stm32f4xx_hal_msp.o
                0x00000000080030c4                HAL_TIM_Base_MspInit
 .text.HAL_TIM_MspPostInit
                0x0000000008003168       0x74 ./Core/Src/stm32f4xx_hal_msp.o
                0x0000000008003168                HAL_TIM_MspPostInit
 .text.HAL_UART_MspInit
                0x00000000080031dc       0xa0 ./Core/Src/stm32f4xx_hal_msp.o
                0x00000000080031dc                HAL_UART_MspInit
 .text.HAL_FSMC_MspInit
                0x000000000800327c       0x98 ./Core/Src/stm32f4xx_hal_msp.o
 .text.HAL_SRAM_MspInit
                0x0000000008003314       0x14 ./Core/Src/stm32f4xx_hal_msp.o
                0x0000000008003314                HAL_SRAM_MspInit
 .text.NMI_Handler
                0x0000000008003328        0x6 ./Core/Src/stm32f4xx_it.o
                0x0000000008003328                NMI_Handler
 .text.HardFault_Handler
                0x000000000800332e        0x6 ./Core/Src/stm32f4xx_it.o
                0x000000000800332e                HardFault_Handler
 .text.MemManage_Handler
                0x0000000008003334        0x6 ./Core/Src/stm32f4xx_it.o
                0x0000000008003334                MemManage_Handler
 .text.BusFault_Handler
                0x000000000800333a        0x6 ./Core/Src/stm32f4xx_it.o
                0x000000000800333a                BusFault_Handler
 .text.UsageFault_Handler
                0x0000000008003340        0x6 ./Core/Src/stm32f4xx_it.o
                0x0000000008003340                UsageFault_Handler
 .text.SVC_Handler
                0x0000000008003346        0xe ./Core/Src/stm32f4xx_it.o
                0x0000000008003346                SVC_Handler
 .text.DebugMon_Handler
                0x0000000008003354        0xe ./Core/Src/stm32f4xx_it.o
                0x0000000008003354                DebugMon_Handler
 .text.PendSV_Handler
                0x0000000008003362        0xe ./Core/Src/stm32f4xx_it.o
                0x0000000008003362                PendSV_Handler
 .text.SysTick_Handler
                0x0000000008003370        0xc ./Core/Src/stm32f4xx_it.o
                0x0000000008003370                SysTick_Handler
 .text.TIM2_IRQHandler
                0x000000000800337c       0x14 ./Core/Src/stm32f4xx_it.o
                0x000000000800337c                TIM2_IRQHandler
 .text.USART1_IRQHandler
                0x0000000008003390       0x14 ./Core/Src/stm32f4xx_it.o
                0x0000000008003390                USART1_IRQHandler
 .text.DMA2_Stream0_IRQHandler
                0x00000000080033a4       0x14 ./Core/Src/stm32f4xx_it.o
                0x00000000080033a4                DMA2_Stream0_IRQHandler
 .text._getpid  0x00000000080033b8       0x10 ./Core/Src/syscalls.o
                0x00000000080033b8                _getpid
 .text._kill    0x00000000080033c8       0x20 ./Core/Src/syscalls.o
                0x00000000080033c8                _kill
 .text._exit    0x00000000080033e8       0x14 ./Core/Src/syscalls.o
                0x00000000080033e8                _exit
 .text._read    0x00000000080033fc       0x3a ./Core/Src/syscalls.o
                0x00000000080033fc                _read
 .text._write   0x0000000008003436       0x38 ./Core/Src/syscalls.o
                0x0000000008003436                _write
 .text._close   0x000000000800346e       0x18 ./Core/Src/syscalls.o
                0x000000000800346e                _close
 .text._fstat   0x0000000008003486       0x20 ./Core/Src/syscalls.o
                0x0000000008003486                _fstat
 .text._isatty  0x00000000080034a6       0x16 ./Core/Src/syscalls.o
                0x00000000080034a6                _isatty
 .text._lseek   0x00000000080034bc       0x1a ./Core/Src/syscalls.o
                0x00000000080034bc                _lseek
 *fill*         0x00000000080034d6        0x2 
 .text._sbrk    0x00000000080034d8       0x6c ./Core/Src/sysmem.o
                0x00000000080034d8                _sbrk
 .text.SystemInit
                0x0000000008003544       0x24 ./Core/Src/system_stm32f4xx.o
                0x0000000008003544                SystemInit
 .text.TP_Write_Byte
                0x0000000008003568       0x78 ./Core/Src/touch.o
 .text.TP_Read_AD
                0x00000000080035e0       0xe0 ./Core/Src/touch.o
 .text.TP_Read_XOY
                0x00000000080036c0      0x104 ./Core/Src/touch.o
 .text.TP_Read_XY
                0x00000000080037c4       0x44 ./Core/Src/touch.o
 .text.TP_Read_XY2
                0x0000000008003808       0xc4 ./Core/Src/touch.o
 .text.TP_Drow_Touch_Point
                0x00000000080038cc       0xae ./Core/Src/touch.o
 *fill*         0x000000000800397a        0x2 
 .text.TP_Scan  0x000000000800397c      0x12c ./Core/Src/touch.o
 .text.TP_Save_Adjdata
                0x0000000008003aa8       0x20 ./Core/Src/touch.o
 .text.TP_Get_Adjdata
                0x0000000008003ac8       0x38 ./Core/Src/touch.o
 .text.touch_Adjust
                0x0000000008003b00      0x7ac ./Core/Src/touch.o
                0x0000000008003b00                touch_Adjust
 .text.touch_init
                0x00000000080042ac       0x20 ./Core/Src/touch.o
                0x00000000080042ac                touch_init
 .text.touch_Scan
                0x00000000080042cc       0x14 ./Core/Src/touch.o
                0x00000000080042cc                touch_Scan
 .text.touch_IsTouched
                0x00000000080042e0       0x24 ./Core/Src/touch.o
                0x00000000080042e0                touch_IsTouched
 .text.touch_GetX
                0x0000000008004304       0x18 ./Core/Src/touch.o
                0x0000000008004304                touch_GetX
 .text.touch_GetY
                0x000000000800431c       0x18 ./Core/Src/touch.o
                0x000000000800431c                touch_GetY
 .text.HAL_UART_RxCpltCallback
                0x0000000008004334       0xc0 ./Core/Src/uart.o
                0x0000000008004334                HAL_UART_RxCpltCallback
 .text.Reset_Handler
                0x00000000080043f4       0x50 ./Core/Startup/startup_stm32f407zgtx.o
                0x00000000080043f4                Reset_Handler
 .text.Default_Handler
                0x0000000008004444        0x2 ./Core/Startup/startup_stm32f407zgtx.o
                0x0000000008004444                RTC_Alarm_IRQHandler
                0x0000000008004444                HASH_RNG_IRQHandler
                0x0000000008004444                EXTI2_IRQHandler
                0x0000000008004444                TIM8_CC_IRQHandler
                0x0000000008004444                TIM1_CC_IRQHandler
                0x0000000008004444                DMA2_Stream5_IRQHandler
                0x0000000008004444                DMA1_Stream5_IRQHandler
                0x0000000008004444                PVD_IRQHandler
                0x0000000008004444                SDIO_IRQHandler
                0x0000000008004444                TAMP_STAMP_IRQHandler
                0x0000000008004444                CAN2_RX1_IRQHandler
                0x0000000008004444                EXTI3_IRQHandler
                0x0000000008004444                TIM8_TRG_COM_TIM14_IRQHandler
                0x0000000008004444                TIM1_UP_TIM10_IRQHandler
                0x0000000008004444                TIM8_UP_TIM13_IRQHandler
                0x0000000008004444                I2C3_ER_IRQHandler
                0x0000000008004444                EXTI0_IRQHandler
                0x0000000008004444                I2C2_EV_IRQHandler
                0x0000000008004444                DMA1_Stream2_IRQHandler
                0x0000000008004444                CAN1_RX0_IRQHandler
                0x0000000008004444                FPU_IRQHandler
                0x0000000008004444                OTG_HS_WKUP_IRQHandler
                0x0000000008004444                CAN2_SCE_IRQHandler
                0x0000000008004444                DMA2_Stream2_IRQHandler
                0x0000000008004444                SPI1_IRQHandler
                0x0000000008004444                TIM6_DAC_IRQHandler
                0x0000000008004444                TIM1_BRK_TIM9_IRQHandler
                0x0000000008004444                DCMI_IRQHandler
                0x0000000008004444                CAN2_RX0_IRQHandler
                0x0000000008004444                DMA2_Stream3_IRQHandler
                0x0000000008004444                USART6_IRQHandler
                0x0000000008004444                USART3_IRQHandler
                0x0000000008004444                CAN1_RX1_IRQHandler
                0x0000000008004444                UART5_IRQHandler
                0x0000000008004444                TIM4_IRQHandler
                0x0000000008004444                I2C1_EV_IRQHandler
                0x0000000008004444                DMA1_Stream6_IRQHandler
                0x0000000008004444                DMA1_Stream1_IRQHandler
                0x0000000008004444                UART4_IRQHandler
                0x0000000008004444                TIM3_IRQHandler
                0x0000000008004444                RCC_IRQHandler
                0x0000000008004444                TIM8_BRK_TIM12_IRQHandler
                0x0000000008004444                Default_Handler
                0x0000000008004444                EXTI15_10_IRQHandler
                0x0000000008004444                ADC_IRQHandler
                0x0000000008004444                DMA1_Stream7_IRQHandler
                0x0000000008004444                TIM7_IRQHandler
                0x0000000008004444                CAN2_TX_IRQHandler
                0x0000000008004444                TIM5_IRQHandler
                0x0000000008004444                DMA2_Stream7_IRQHandler
                0x0000000008004444                I2C3_EV_IRQHandler
                0x0000000008004444                EXTI9_5_IRQHandler
                0x0000000008004444                RTC_WKUP_IRQHandler
                0x0000000008004444                ETH_WKUP_IRQHandler
                0x0000000008004444                SPI2_IRQHandler
                0x0000000008004444                OTG_HS_EP1_IN_IRQHandler
                0x0000000008004444                DMA1_Stream0_IRQHandler
                0x0000000008004444                CAN1_TX_IRQHandler
                0x0000000008004444                EXTI4_IRQHandler
                0x0000000008004444                FSMC_IRQHandler
                0x0000000008004444                ETH_IRQHandler
                0x0000000008004444                OTG_HS_EP1_OUT_IRQHandler
                0x0000000008004444                WWDG_IRQHandler
                0x0000000008004444                OTG_FS_WKUP_IRQHandler
                0x0000000008004444                TIM1_TRG_COM_TIM11_IRQHandler
                0x0000000008004444                OTG_HS_IRQHandler
                0x0000000008004444                EXTI1_IRQHandler
                0x0000000008004444                USART2_IRQHandler
                0x0000000008004444                I2C2_ER_IRQHandler
                0x0000000008004444                DMA2_Stream1_IRQHandler
                0x0000000008004444                CAN1_SCE_IRQHandler
                0x0000000008004444                FLASH_IRQHandler
                0x0000000008004444                DMA2_Stream4_IRQHandler
                0x0000000008004444                OTG_FS_IRQHandler
                0x0000000008004444                SPI3_IRQHandler
                0x0000000008004444                DMA1_Stream4_IRQHandler
                0x0000000008004444                I2C1_ER_IRQHandler
                0x0000000008004444                DMA2_Stream6_IRQHandler
                0x0000000008004444                DMA1_Stream3_IRQHandler
 *fill*         0x0000000008004446        0x2 
 .text.HAL_Init
                0x0000000008004448       0x44 ./Drivers/STM32F4xx_HAL_Driver/Src/stm32f4xx_hal.o
                0x0000000008004448                HAL_Init
 .text.HAL_InitTick
                0x000000000800448c       0x60 ./Drivers/STM32F4xx_HAL_Driver/Src/stm32f4xx_hal.o
                0x000000000800448c                HAL_InitTick
 .text.HAL_IncTick
                0x00000000080044ec       0x28 ./Drivers/STM32F4xx_HAL_Driver/Src/stm32f4xx_hal.o
                0x00000000080044ec                HAL_IncTick
 .text.HAL_GetTick
                0x0000000008004514       0x18 ./Drivers/STM32F4xx_HAL_Driver/Src/stm32f4xx_hal.o
                0x0000000008004514                HAL_GetTick
 .text.HAL_Delay
                0x000000000800452c       0x48 ./Drivers/STM32F4xx_HAL_Driver/Src/stm32f4xx_hal.o
                0x000000000800452c                HAL_Delay
 .text.HAL_ADC_Init
                0x0000000008004574       0x86 ./Drivers/STM32F4xx_HAL_Driver/Src/stm32f4xx_hal_adc.o
                0x0000000008004574                HAL_ADC_Init
 *fill*         0x00000000080045fa        0x2 
 .text.HAL_ADC_ConfigChannel
                0x00000000080045fc      0x244 ./Drivers/STM32F4xx_HAL_Driver/Src/stm32f4xx_hal_adc.o
                0x00000000080045fc                HAL_ADC_ConfigChannel
 .text.ADC_Init
                0x0000000008004840      0x1f8 ./Drivers/STM32F4xx_HAL_Driver/Src/stm32f4xx_hal_adc.o
 .text.__NVIC_SetPriorityGrouping
                0x0000000008004a38       0x48 ./Drivers/STM32F4xx_HAL_Driver/Src/stm32f4xx_hal_cortex.o
 .text.__NVIC_GetPriorityGrouping
                0x0000000008004a80       0x1c ./Drivers/STM32F4xx_HAL_Driver/Src/stm32f4xx_hal_cortex.o
 .text.__NVIC_EnableIRQ
                0x0000000008004a9c       0x3c ./Drivers/STM32F4xx_HAL_Driver/Src/stm32f4xx_hal_cortex.o
 .text.__NVIC_SetPriority
                0x0000000008004ad8       0x54 ./Drivers/STM32F4xx_HAL_Driver/Src/stm32f4xx_hal_cortex.o
 .text.NVIC_EncodePriority
                0x0000000008004b2c       0x66 ./Drivers/STM32F4xx_HAL_Driver/Src/stm32f4xx_hal_cortex.o
 *fill*         0x0000000008004b92        0x2 
 .text.SysTick_Config
                0x0000000008004b94       0x44 ./Drivers/STM32F4xx_HAL_Driver/Src/stm32f4xx_hal_cortex.o
 .text.HAL_NVIC_SetPriorityGrouping
                0x0000000008004bd8       0x16 ./Drivers/STM32F4xx_HAL_Driver/Src/stm32f4xx_hal_cortex.o
                0x0000000008004bd8                HAL_NVIC_SetPriorityGrouping
 .text.HAL_NVIC_SetPriority
                0x0000000008004bee       0x38 ./Drivers/STM32F4xx_HAL_Driver/Src/stm32f4xx_hal_cortex.o
                0x0000000008004bee                HAL_NVIC_SetPriority
 .text.HAL_NVIC_EnableIRQ
                0x0000000008004c26       0x1c ./Drivers/STM32F4xx_HAL_Driver/Src/stm32f4xx_hal_cortex.o
                0x0000000008004c26                HAL_NVIC_EnableIRQ
 .text.HAL_SYSTICK_Config
                0x0000000008004c42       0x18 ./Drivers/STM32F4xx_HAL_Driver/Src/stm32f4xx_hal_cortex.o
                0x0000000008004c42                HAL_SYSTICK_Config
 *fill*         0x0000000008004c5a        0x2 
 .text.HAL_DMA_Init
                0x0000000008004c5c      0x15c ./Drivers/STM32F4xx_HAL_Driver/Src/stm32f4xx_hal_dma.o
                0x0000000008004c5c                HAL_DMA_Init
 .text.HAL_DMA_Abort
                0x0000000008004db8       0xe0 ./Drivers/STM32F4xx_HAL_Driver/Src/stm32f4xx_hal_dma.o
                0x0000000008004db8                HAL_DMA_Abort
 .text.HAL_DMA_Abort_IT
                0x0000000008004e98       0x44 ./Drivers/STM32F4xx_HAL_Driver/Src/stm32f4xx_hal_dma.o
                0x0000000008004e98                HAL_DMA_Abort_IT
 .text.HAL_DMA_IRQHandler
                0x0000000008004edc      0x314 ./Drivers/STM32F4xx_HAL_Driver/Src/stm32f4xx_hal_dma.o
                0x0000000008004edc                HAL_DMA_IRQHandler
 .text.DMA_CalcBaseAndBitshift
                0x00000000080051f0       0x6c ./Drivers/STM32F4xx_HAL_Driver/Src/stm32f4xx_hal_dma.o
 .text.DMA_CheckFifoParam
                0x000000000800525c       0xf8 ./Drivers/STM32F4xx_HAL_Driver/Src/stm32f4xx_hal_dma.o
 .text.HAL_GPIO_Init
                0x0000000008005354      0x338 ./Drivers/STM32F4xx_HAL_Driver/Src/stm32f4xx_hal_gpio.o
                0x0000000008005354                HAL_GPIO_Init
 .text.HAL_GPIO_ReadPin
                0x000000000800568c       0x30 ./Drivers/STM32F4xx_HAL_Driver/Src/stm32f4xx_hal_gpio.o
                0x000000000800568c                HAL_GPIO_ReadPin
 .text.HAL_GPIO_WritePin
                0x00000000080056bc       0x32 ./Drivers/STM32F4xx_HAL_Driver/Src/stm32f4xx_hal_gpio.o
                0x00000000080056bc                HAL_GPIO_WritePin
 .text.HAL_GPIO_TogglePin
                0x00000000080056ee       0x34 ./Drivers/STM32F4xx_HAL_Driver/Src/stm32f4xx_hal_gpio.o
                0x00000000080056ee                HAL_GPIO_TogglePin
 *fill*         0x0000000008005722        0x2 
 .text.HAL_I2C_Init
                0x0000000008005724      0x288 ./Drivers/STM32F4xx_HAL_Driver/Src/stm32f4xx_hal_i2c.o
                0x0000000008005724                HAL_I2C_Init
 .text.HAL_I2C_Mem_Write
                0x00000000080059ac      0x1f4 ./Drivers/STM32F4xx_HAL_Driver/Src/stm32f4xx_hal_i2c.o
                0x00000000080059ac                HAL_I2C_Mem_Write
 .text.HAL_I2C_Mem_Read
                0x0000000008005ba0      0x44c ./Drivers/STM32F4xx_HAL_Driver/Src/stm32f4xx_hal_i2c.o
                0x0000000008005ba0                HAL_I2C_Mem_Read
 .text.I2C_RequestMemoryWrite
                0x0000000008005fec      0x12c ./Drivers/STM32F4xx_HAL_Driver/Src/stm32f4xx_hal_i2c.o
 .text.I2C_RequestMemoryRead
                0x0000000008006118      0x1d0 ./Drivers/STM32F4xx_HAL_Driver/Src/stm32f4xx_hal_i2c.o
 .text.I2C_WaitOnFlagUntilTimeout
                0x00000000080062e8       0xae ./Drivers/STM32F4xx_HAL_Driver/Src/stm32f4xx_hal_i2c.o
 .text.I2C_WaitOnMasterAddressFlagUntilTimeout
                0x0000000008006396       0xfe ./Drivers/STM32F4xx_HAL_Driver/Src/stm32f4xx_hal_i2c.o
 .text.I2C_WaitOnTXEFlagUntilTimeout
                0x0000000008006494       0x82 ./Drivers/STM32F4xx_HAL_Driver/Src/stm32f4xx_hal_i2c.o
 .text.I2C_WaitOnBTFFlagUntilTimeout
                0x0000000008006516       0x82 ./Drivers/STM32F4xx_HAL_Driver/Src/stm32f4xx_hal_i2c.o
 .text.I2C_WaitOnRXNEFlagUntilTimeout
                0x0000000008006598       0xac ./Drivers/STM32F4xx_HAL_Driver/Src/stm32f4xx_hal_i2c.o
 .text.I2C_IsAcknowledgeFailed
                0x0000000008006644       0x5e ./Drivers/STM32F4xx_HAL_Driver/Src/stm32f4xx_hal_i2c.o
 *fill*         0x00000000080066a2        0x2 
 .text.HAL_RCC_OscConfig
                0x00000000080066a4      0x4f0 ./Drivers/STM32F4xx_HAL_Driver/Src/stm32f4xx_hal_rcc.o
                0x00000000080066a4                HAL_RCC_OscConfig
 .text.HAL_RCC_ClockConfig
                0x0000000008006b94      0x1cc ./Drivers/STM32F4xx_HAL_Driver/Src/stm32f4xx_hal_rcc.o
                0x0000000008006b94                HAL_RCC_ClockConfig
 .text.HAL_RCC_GetSysClockFreq
                0x0000000008006d60      0x1c4 ./Drivers/STM32F4xx_HAL_Driver/Src/stm32f4xx_hal_rcc.o
                0x0000000008006d60                HAL_RCC_GetSysClockFreq
 .text.HAL_RCC_GetHCLKFreq
                0x0000000008006f24       0x18 ./Drivers/STM32F4xx_HAL_Driver/Src/stm32f4xx_hal_rcc.o
                0x0000000008006f24                HAL_RCC_GetHCLKFreq
 .text.HAL_RCC_GetPCLK1Freq
                0x0000000008006f3c       0x28 ./Drivers/STM32F4xx_HAL_Driver/Src/stm32f4xx_hal_rcc.o
                0x0000000008006f3c                HAL_RCC_GetPCLK1Freq
 .text.HAL_RCC_GetPCLK2Freq
                0x0000000008006f64       0x28 ./Drivers/STM32F4xx_HAL_Driver/Src/stm32f4xx_hal_rcc.o
                0x0000000008006f64                HAL_RCC_GetPCLK2Freq
 .text.HAL_SPI_Init
                0x0000000008006f8c      0x112 ./Drivers/STM32F4xx_HAL_Driver/Src/stm32f4xx_hal_spi.o
                0x0000000008006f8c                HAL_SPI_Init
 .text.HAL_SPI_Transmit
                0x000000000800709e      0x278 ./Drivers/STM32F4xx_HAL_Driver/Src/stm32f4xx_hal_spi.o
                0x000000000800709e                HAL_SPI_Transmit
 *fill*         0x0000000008007316        0x2 
 .text.SPI_WaitFlagStateUntilTimeout
                0x0000000008007318      0x110 ./Drivers/STM32F4xx_HAL_Driver/Src/stm32f4xx_hal_spi.o
 .text.SPI_EndRxTxTransaction
                0x0000000008007428       0x84 ./Drivers/STM32F4xx_HAL_Driver/Src/stm32f4xx_hal_spi.o
 .text.HAL_SRAM_Init
                0x00000000080074ac       0x88 ./Drivers/STM32F4xx_HAL_Driver/Src/stm32f4xx_hal_sram.o
                0x00000000080074ac                HAL_SRAM_Init
 .text.HAL_TIM_Base_Init
                0x0000000008007534       0x9e ./Drivers/STM32F4xx_HAL_Driver/Src/stm32f4xx_hal_tim.o
                0x0000000008007534                HAL_TIM_Base_Init
 *fill*         0x00000000080075d2        0x2 
 .text.HAL_TIM_Base_Start
                0x00000000080075d4       0xd0 ./Drivers/STM32F4xx_HAL_Driver/Src/stm32f4xx_hal_tim.o
                0x00000000080075d4                HAL_TIM_Base_Start
 .text.HAL_TIM_Base_Start_IT
                0x00000000080076a4       0xe0 ./Drivers/STM32F4xx_HAL_Driver/Src/stm32f4xx_hal_tim.o
                0x00000000080076a4                HAL_TIM_Base_Start_IT
 .text.HAL_TIM_PWM_Init
                0x0000000008007784       0x9e ./Drivers/STM32F4xx_HAL_Driver/Src/stm32f4xx_hal_tim.o
                0x0000000008007784                HAL_TIM_PWM_Init
 .text.HAL_TIM_PWM_MspInit
                0x0000000008007822       0x14 ./Drivers/STM32F4xx_HAL_Driver/Src/stm32f4xx_hal_tim.o
                0x0000000008007822                HAL_TIM_PWM_MspInit
 .text.HAL_TIM_IRQHandler
                0x0000000008007836      0x210 ./Drivers/STM32F4xx_HAL_Driver/Src/stm32f4xx_hal_tim.o
                0x0000000008007836                HAL_TIM_IRQHandler
 *fill*         0x0000000008007a46        0x2 
 .text.HAL_TIM_PWM_ConfigChannel
                0x0000000008007a48      0x184 ./Drivers/STM32F4xx_HAL_Driver/Src/stm32f4xx_hal_tim.o
                0x0000000008007a48                HAL_TIM_PWM_ConfigChannel
 .text.HAL_TIM_ConfigClockSource
                0x0000000008007bcc      0x18e ./Drivers/STM32F4xx_HAL_Driver/Src/stm32f4xx_hal_tim.o
                0x0000000008007bcc                HAL_TIM_ConfigClockSource
 .text.HAL_TIM_OC_DelayElapsedCallback
                0x0000000008007d5a       0x14 ./Drivers/STM32F4xx_HAL_Driver/Src/stm32f4xx_hal_tim.o
                0x0000000008007d5a                HAL_TIM_OC_DelayElapsedCallback
 .text.HAL_TIM_IC_CaptureCallback
                0x0000000008007d6e       0x14 ./Drivers/STM32F4xx_HAL_Driver/Src/stm32f4xx_hal_tim.o
                0x0000000008007d6e                HAL_TIM_IC_CaptureCallback
 .text.HAL_TIM_PWM_PulseFinishedCallback
                0x0000000008007d82       0x14 ./Drivers/STM32F4xx_HAL_Driver/Src/stm32f4xx_hal_tim.o
                0x0000000008007d82                HAL_TIM_PWM_PulseFinishedCallback
 .text.HAL_TIM_TriggerCallback
                0x0000000008007d96       0x14 ./Drivers/STM32F4xx_HAL_Driver/Src/stm32f4xx_hal_tim.o
                0x0000000008007d96                HAL_TIM_TriggerCallback
 *fill*         0x0000000008007daa        0x2 
 .text.TIM_Base_SetConfig
                0x0000000008007dac      0x140 ./Drivers/STM32F4xx_HAL_Driver/Src/stm32f4xx_hal_tim.o
                0x0000000008007dac                TIM_Base_SetConfig
 .text.TIM_OC1_SetConfig
                0x0000000008007eec       0xe0 ./Drivers/STM32F4xx_HAL_Driver/Src/stm32f4xx_hal_tim.o
 .text.TIM_OC2_SetConfig
                0x0000000008007fcc       0xec ./Drivers/STM32F4xx_HAL_Driver/Src/stm32f4xx_hal_tim.o
                0x0000000008007fcc                TIM_OC2_SetConfig
 .text.TIM_OC3_SetConfig
                0x00000000080080b8       0xe8 ./Drivers/STM32F4xx_HAL_Driver/Src/stm32f4xx_hal_tim.o
 .text.TIM_OC4_SetConfig
                0x00000000080081a0       0xac ./Drivers/STM32F4xx_HAL_Driver/Src/stm32f4xx_hal_tim.o
 .text.TIM_TI1_ConfigInputStage
                0x000000000800824c       0x5e ./Drivers/STM32F4xx_HAL_Driver/Src/stm32f4xx_hal_tim.o
 .text.TIM_TI2_ConfigInputStage
                0x00000000080082aa       0x60 ./Drivers/STM32F4xx_HAL_Driver/Src/stm32f4xx_hal_tim.o
 .text.TIM_ITRx_SetConfig
                0x000000000800830a       0x36 ./Drivers/STM32F4xx_HAL_Driver/Src/stm32f4xx_hal_tim.o
 .text.TIM_ETR_SetConfig
                0x0000000008008340       0x40 ./Drivers/STM32F4xx_HAL_Driver/Src/stm32f4xx_hal_tim.o
                0x0000000008008340                TIM_ETR_SetConfig
 .text.HAL_TIMEx_MasterConfigSynchronization
                0x0000000008008380       0xf8 ./Drivers/STM32F4xx_HAL_Driver/Src/stm32f4xx_hal_tim_ex.o
                0x0000000008008380                HAL_TIMEx_MasterConfigSynchronization
 .text.HAL_TIMEx_CommutCallback
                0x0000000008008478       0x14 ./Drivers/STM32F4xx_HAL_Driver/Src/stm32f4xx_hal_tim_ex.o
                0x0000000008008478                HAL_TIMEx_CommutCallback
 .text.HAL_TIMEx_BreakCallback
                0x000000000800848c       0x14 ./Drivers/STM32F4xx_HAL_Driver/Src/stm32f4xx_hal_tim_ex.o
                0x000000000800848c                HAL_TIMEx_BreakCallback
 .text.HAL_UART_Init
                0x00000000080084a0       0x9a ./Drivers/STM32F4xx_HAL_Driver/Src/stm32f4xx_hal_uart.o
                0x00000000080084a0                HAL_UART_Init
 .text.HAL_UART_Transmit
                0x000000000800853a      0x124 ./Drivers/STM32F4xx_HAL_Driver/Src/stm32f4xx_hal_uart.o
                0x000000000800853a                HAL_UART_Transmit
 .text.HAL_UART_Receive_IT
                0x000000000800865e       0x60 ./Drivers/STM32F4xx_HAL_Driver/Src/stm32f4xx_hal_uart.o
                0x000000000800865e                HAL_UART_Receive_IT
 *fill*         0x00000000080086be        0x2 
 .text.HAL_UART_IRQHandler
                0x00000000080086c0      0x51c ./Drivers/STM32F4xx_HAL_Driver/Src/stm32f4xx_hal_uart.o
                0x00000000080086c0                HAL_UART_IRQHandler
 .text.HAL_UART_TxCpltCallback
                0x0000000008008bdc       0x14 ./Drivers/STM32F4xx_HAL_Driver/Src/stm32f4xx_hal_uart.o
                0x0000000008008bdc                HAL_UART_TxCpltCallback
 .text.HAL_UART_ErrorCallback
                0x0000000008008bf0       0x14 ./Drivers/STM32F4xx_HAL_Driver/Src/stm32f4xx_hal_uart.o
                0x0000000008008bf0                HAL_UART_ErrorCallback
 .text.HAL_UARTEx_RxEventCallback
                0x0000000008008c04       0x18 ./Drivers/STM32F4xx_HAL_Driver/Src/stm32f4xx_hal_uart.o
                0x0000000008008c04                HAL_UARTEx_RxEventCallback
 .text.UART_WaitOnFlagUntilTimeout
                0x0000000008008c1c       0xdc ./Drivers/STM32F4xx_HAL_Driver/Src/stm32f4xx_hal_uart.o
 .text.UART_Start_Receive_IT
                0x0000000008008cf8       0x74 ./Drivers/STM32F4xx_HAL_Driver/Src/stm32f4xx_hal_uart.o
                0x0000000008008cf8                UART_Start_Receive_IT
 .text.UART_EndRxTransfer
                0x0000000008008d6c       0xc6 ./Drivers/STM32F4xx_HAL_Driver/Src/stm32f4xx_hal_uart.o
 .text.UART_DMAAbortOnError
                0x0000000008008e32       0x28 ./Drivers/STM32F4xx_HAL_Driver/Src/stm32f4xx_hal_uart.o
 .text.UART_Transmit_IT
                0x0000000008008e5a       0xa0 ./Drivers/STM32F4xx_HAL_Driver/Src/stm32f4xx_hal_uart.o
 .text.UART_EndTransmit_IT
                0x0000000008008efa       0x30 ./Drivers/STM32F4xx_HAL_Driver/Src/stm32f4xx_hal_uart.o
 .text.UART_Receive_IT
                0x0000000008008f2a      0x176 ./Drivers/STM32F4xx_HAL_Driver/Src/stm32f4xx_hal_uart.o
 .text.UART_SetConfig
                0x00000000080090a0      0x390 ./Drivers/STM32F4xx_HAL_Driver/Src/stm32f4xx_hal_uart.o
 .text.FSMC_NORSRAM_Init
                0x0000000008009430       0xa4 ./Drivers/STM32F4xx_HAL_Driver/Src/stm32f4xx_ll_fsmc.o
                0x0000000008009430                FSMC_NORSRAM_Init
 .text.FSMC_NORSRAM_Timing_Init
                0x00000000080094d4       0x7a ./Drivers/STM32F4xx_HAL_Driver/Src/stm32f4xx_ll_fsmc.o
                0x00000000080094d4                FSMC_NORSRAM_Timing_Init
 *fill*         0x000000000800954e        0x2 
 .text.FSMC_NORSRAM_Extended_Timing_Init
                0x0000000008009550       0x80 ./Drivers/STM32F4xx_HAL_Driver/Src/stm32f4xx_ll_fsmc.o
                0x0000000008009550                FSMC_NORSRAM_Extended_Timing_Init
 .text.__errno  0x00000000080095d0        0xc d:/software/st/stm32cubeide_1.7.0/stm32cubeide/plugins/com.st.stm32cube.ide.mcu.externaltools.gnu-tools-for-stm32.9-2020-q2-update.win32_2.0.0.202105311346/tools/bin/../lib/gcc/arm-none-eabi/9.3.1/../../../../arm-none-eabi/lib/thumb/v7e-m+fp/hard\libc_nano.a(lib_a-errno.o)
                0x00000000080095d0                __errno
 .text.__libc_init_array
                0x00000000080095dc       0x48 d:/software/st/stm32cubeide_1.7.0/stm32cubeide/plugins/com.st.stm32cube.ide.mcu.externaltools.gnu-tools-for-stm32.9-2020-q2-update.win32_2.0.0.202105311346/tools/bin/../lib/gcc/arm-none-eabi/9.3.1/../../../../arm-none-eabi/lib/thumb/v7e-m+fp/hard\libc_nano.a(lib_a-init.o)
                0x00000000080095dc                __libc_init_array
 .text.memset   0x0000000008009624       0x10 d:/software/st/stm32cubeide_1.7.0/stm32cubeide/plugins/com.st.stm32cube.ide.mcu.externaltools.gnu-tools-for-stm32.9-2020-q2-update.win32_2.0.0.202105311346/tools/bin/../lib/gcc/arm-none-eabi/9.3.1/../../../../arm-none-eabi/lib/thumb/v7e-m+fp/hard\libc_nano.a(lib_a-memset.o)
                0x0000000008009624                memset
 .text.rand     0x0000000008009634       0x80 d:/software/st/stm32cubeide_1.7.0/stm32cubeide/plugins/com.st.stm32cube.ide.mcu.externaltools.gnu-tools-for-stm32.9-2020-q2-update.win32_2.0.0.202105311346/tools/bin/../lib/gcc/arm-none-eabi/9.3.1/../../../../arm-none-eabi/lib/thumb/v7e-m+fp/hard\libc_nano.a(lib_a-rand.o)
                0x0000000008009634                rand
 .text.sprintf  0x00000000080096b4       0x40 d:/software/st/stm32cubeide_1.7.0/stm32cubeide/plugins/com.st.stm32cube.ide.mcu.externaltools.gnu-tools-for-stm32.9-2020-q2-update.win32_2.0.0.202105311346/tools/bin/../lib/gcc/arm-none-eabi/9.3.1/../../../../arm-none-eabi/lib/thumb/v7e-m+fp/hard\libc_nano.a(lib_a-sprintf.o)
                0x00000000080096b4                siprintf
                0x00000000080096b4                sprintf
 .text.__assert_func
                0x00000000080096f4       0x3c d:/software/st/stm32cubeide_1.7.0/stm32cubeide/plugins/com.st.stm32cube.ide.mcu.externaltools.gnu-tools-for-stm32.9-2020-q2-update.win32_2.0.0.202105311346/tools/bin/../lib/gcc/arm-none-eabi/9.3.1/../../../../arm-none-eabi/lib/thumb/v7e-m+fp/hard\libc_nano.a(lib_a-assert.o)
                0x00000000080096f4                __assert_func
 .text.fprintf  0x0000000008009730       0x24 d:/software/st/stm32cubeide_1.7.0/stm32cubeide/plugins/com.st.stm32cube.ide.mcu.externaltools.gnu-tools-for-stm32.9-2020-q2-update.win32_2.0.0.202105311346/tools/bin/../lib/gcc/arm-none-eabi/9.3.1/../../../../arm-none-eabi/lib/thumb/v7e-m+fp/hard\libc_nano.a(lib_a-fprintf.o)
                0x0000000008009730                fiprintf
                0x0000000008009730                fprintf
 .text.malloc   0x0000000008009754       0x10 d:/software/st/stm32cubeide_1.7.0/stm32cubeide/plugins/com.st.stm32cube.ide.mcu.externaltools.gnu-tools-for-stm32.9-2020-q2-update.win32_2.0.0.202105311346/tools/bin/../lib/gcc/arm-none-eabi/9.3.1/../../../../arm-none-eabi/lib/thumb/v7e-m+fp/hard\libc_nano.a(lib_a-malloc.o)
                0x0000000008009754                malloc
 .text._free_r  0x0000000008009764       0xa0 d:/software/st/stm32cubeide_1.7.0/stm32cubeide/plugins/com.st.stm32cube.ide.mcu.externaltools.gnu-tools-for-stm32.9-2020-q2-update.win32_2.0.0.202105311346/tools/bin/../lib/gcc/arm-none-eabi/9.3.1/../../../../arm-none-eabi/lib/thumb/v7e-m+fp/hard\libc_nano.a(lib_a-nano-freer.o)
                0x0000000008009764                _free_r
 .text._malloc_r
                0x0000000008009804       0xb4 d:/software/st/stm32cubeide_1.7.0/stm32cubeide/plugins/com.st.stm32cube.ide.mcu.externaltools.gnu-tools-for-stm32.9-2020-q2-update.win32_2.0.0.202105311346/tools/bin/../lib/gcc/arm-none-eabi/9.3.1/../../../../arm-none-eabi/lib/thumb/v7e-m+fp/hard\libc_nano.a(lib_a-nano-mallocr.o)
                0x0000000008009804                _malloc_r
 .text.__ssputs_r
                0x00000000080098b8       0xb6 d:/software/st/stm32cubeide_1.7.0/stm32cubeide/plugins/com.st.stm32cube.ide.mcu.externaltools.gnu-tools-for-stm32.9-2020-q2-update.win32_2.0.0.202105311346/tools/bin/../lib/gcc/arm-none-eabi/9.3.1/../../../../arm-none-eabi/lib/thumb/v7e-m+fp/hard\libc_nano.a(lib_a-nano-svfprintf.o)
                0x00000000080098b8                __ssputs_r
 *fill*         0x000000000800996e        0x2 
 .text._svfprintf_r
                0x0000000008009970      0x200 d:/software/st/stm32cubeide_1.7.0/stm32cubeide/plugins/com.st.stm32cube.ide.mcu.externaltools.gnu-tools-for-stm32.9-2020-q2-update.win32_2.0.0.202105311346/tools/bin/../lib/gcc/arm-none-eabi/9.3.1/../../../../arm-none-eabi/lib/thumb/v7e-m+fp/hard\libc_nano.a(lib_a-nano-svfprintf.o)
                0x0000000008009970                _svfiprintf_r
                0x0000000008009970                _svfprintf_r
 .text.__sfputc_r
                0x0000000008009b70       0x2e d:/software/st/stm32cubeide_1.7.0/stm32cubeide/plugins/com.st.stm32cube.ide.mcu.externaltools.gnu-tools-for-stm32.9-2020-q2-update.win32_2.0.0.202105311346/tools/bin/../lib/gcc/arm-none-eabi/9.3.1/../../../../arm-none-eabi/lib/thumb/v7e-m+fp/hard\libc_nano.a(lib_a-nano-vfprintf.o)
 .text.__sfputs_r
                0x0000000008009b9e       0x24 d:/software/st/stm32cubeide_1.7.0/stm32cubeide/plugins/com.st.stm32cube.ide.mcu.externaltools.gnu-tools-for-stm32.9-2020-q2-update.win32_2.0.0.202105311346/tools/bin/../lib/gcc/arm-none-eabi/9.3.1/../../../../arm-none-eabi/lib/thumb/v7e-m+fp/hard\libc_nano.a(lib_a-nano-vfprintf.o)
                0x0000000008009b9e                __sfputs_r
 *fill*         0x0000000008009bc2        0x2 
 .text._vfprintf_r
                0x0000000008009bc4      0x260 d:/software/st/stm32cubeide_1.7.0/stm32cubeide/plugins/com.st.stm32cube.ide.mcu.externaltools.gnu-tools-for-stm32.9-2020-q2-update.win32_2.0.0.202105311346/tools/bin/../lib/gcc/arm-none-eabi/9.3.1/../../../../arm-none-eabi/lib/thumb/v7e-m+fp/hard\libc_nano.a(lib_a-nano-vfprintf.o)
                0x0000000008009bc4                _vfprintf_r
                0x0000000008009bc4                _vfiprintf_r
 .text._printf_common
                0x0000000008009e24       0xda d:/software/st/stm32cubeide_1.7.0/stm32cubeide/plugins/com.st.stm32cube.ide.mcu.externaltools.gnu-tools-for-stm32.9-2020-q2-update.win32_2.0.0.202105311346/tools/bin/../lib/gcc/arm-none-eabi/9.3.1/../../../../arm-none-eabi/lib/thumb/v7e-m+fp/hard\libc_nano.a(lib_a-nano-vfprintf_i.o)
                0x0000000008009e24                _printf_common
 *fill*         0x0000000008009efe        0x2 
 .text._printf_i
                0x0000000008009f00      0x24c d:/software/st/stm32cubeide_1.7.0/stm32cubeide/plugins/com.st.stm32cube.ide.mcu.externaltools.gnu-tools-for-stm32.9-2020-q2-update.win32_2.0.0.202105311346/tools/bin/../lib/gcc/arm-none-eabi/9.3.1/../../../../arm-none-eabi/lib/thumb/v7e-m+fp/hard\libc_nano.a(lib_a-nano-vfprintf_i.o)
                0x0000000008009f00                _printf_i
 .text._sbrk_r  0x000000000800a14c       0x20 d:/software/st/stm32cubeide_1.7.0/stm32cubeide/plugins/com.st.stm32cube.ide.mcu.externaltools.gnu-tools-for-stm32.9-2020-q2-update.win32_2.0.0.202105311346/tools/bin/../lib/gcc/arm-none-eabi/9.3.1/../../../../arm-none-eabi/lib/thumb/v7e-m+fp/hard\libc_nano.a(lib_a-sbrkr.o)
                0x000000000800a14c                _sbrk_r
 .text.__swbuf_r
                0x000000000800a16c       0xa4 d:/software/st/stm32cubeide_1.7.0/stm32cubeide/plugins/com.st.stm32cube.ide.mcu.externaltools.gnu-tools-for-stm32.9-2020-q2-update.win32_2.0.0.202105311346/tools/bin/../lib/gcc/arm-none-eabi/9.3.1/../../../../arm-none-eabi/lib/thumb/v7e-m+fp/hard\libc_nano.a(lib_a-wbuf.o)
                0x000000000800a16c                __swbuf_r
 .text.__swsetup_r
                0x000000000800a210       0xdc d:/software/st/stm32cubeide_1.7.0/stm32cubeide/plugins/com.st.stm32cube.ide.mcu.externaltools.gnu-tools-for-stm32.9-2020-q2-update.win32_2.0.0.202105311346/tools/bin/../lib/gcc/arm-none-eabi/9.3.1/../../../../arm-none-eabi/lib/thumb/v7e-m+fp/hard\libc_nano.a(lib_a-wsetup.o)
                0x000000000800a210                __swsetup_r
 .text.abort    0x000000000800a2ec        0xe d:/software/st/stm32cubeide_1.7.0/stm32cubeide/plugins/com.st.stm32cube.ide.mcu.externaltools.gnu-tools-for-stm32.9-2020-q2-update.win32_2.0.0.202105311346/tools/bin/../lib/gcc/arm-none-eabi/9.3.1/../../../../arm-none-eabi/lib/thumb/v7e-m+fp/hard\libc_nano.a(lib_a-abort.o)
                0x000000000800a2ec                abort
 *fill*         0x000000000800a2fa        0x2 
 .text.__sflush_r
                0x000000000800a2fc      0x10c d:/software/st/stm32cubeide_1.7.0/stm32cubeide/plugins/com.st.stm32cube.ide.mcu.externaltools.gnu-tools-for-stm32.9-2020-q2-update.win32_2.0.0.202105311346/tools/bin/../lib/gcc/arm-none-eabi/9.3.1/../../../../arm-none-eabi/lib/thumb/v7e-m+fp/hard\libc_nano.a(lib_a-fflush.o)
                0x000000000800a2fc                __sflush_r
 .text._fflush_r
                0x000000000800a408       0x78 d:/software/st/stm32cubeide_1.7.0/stm32cubeide/plugins/com.st.stm32cube.ide.mcu.externaltools.gnu-tools-for-stm32.9-2020-q2-update.win32_2.0.0.202105311346/tools/bin/../lib/gcc/arm-none-eabi/9.3.1/../../../../arm-none-eabi/lib/thumb/v7e-m+fp/hard\libc_nano.a(lib_a-fflush.o)
                0x000000000800a408                _fflush_r
 .text.std      0x000000000800a480       0x48 d:/software/st/stm32cubeide_1.7.0/stm32cubeide/plugins/com.st.stm32cube.ide.mcu.externaltools.gnu-tools-for-stm32.9-2020-q2-update.win32_2.0.0.202105311346/tools/bin/../lib/gcc/arm-none-eabi/9.3.1/../../../../arm-none-eabi/lib/thumb/v7e-m+fp/hard\libc_nano.a(lib_a-findfp.o)
 .text._cleanup_r
                0x000000000800a4c8        0xc d:/software/st/stm32cubeide_1.7.0/stm32cubeide/plugins/com.st.stm32cube.ide.mcu.externaltools.gnu-tools-for-stm32.9-2020-q2-update.win32_2.0.0.202105311346/tools/bin/../lib/gcc/arm-none-eabi/9.3.1/../../../../arm-none-eabi/lib/thumb/v7e-m+fp/hard\libc_nano.a(lib_a-findfp.o)
                0x000000000800a4c8                _cleanup_r
 .text.__sfmoreglue
                0x000000000800a4d4       0x2c d:/software/st/stm32cubeide_1.7.0/stm32cubeide/plugins/com.st.stm32cube.ide.mcu.externaltools.gnu-tools-for-stm32.9-2020-q2-update.win32_2.0.0.202105311346/tools/bin/../lib/gcc/arm-none-eabi/9.3.1/../../../../arm-none-eabi/lib/thumb/v7e-m+fp/hard\libc_nano.a(lib_a-findfp.o)
                0x000000000800a4d4                __sfmoreglue
 .text.__sfp_lock_acquire
                0x000000000800a500        0xc d:/software/st/stm32cubeide_1.7.0/stm32cubeide/plugins/com.st.stm32cube.ide.mcu.externaltools.gnu-tools-for-stm32.9-2020-q2-update.win32_2.0.0.202105311346/tools/bin/../lib/gcc/arm-none-eabi/9.3.1/../../../../arm-none-eabi/lib/thumb/v7e-m+fp/hard\libc_nano.a(lib_a-findfp.o)
                0x000000000800a500                __sfp_lock_acquire
 .text.__sfp_lock_release
                0x000000000800a50c        0xc d:/software/st/stm32cubeide_1.7.0/stm32cubeide/plugins/com.st.stm32cube.ide.mcu.externaltools.gnu-tools-for-stm32.9-2020-q2-update.win32_2.0.0.202105311346/tools/bin/../lib/gcc/arm-none-eabi/9.3.1/../../../../arm-none-eabi/lib/thumb/v7e-m+fp/hard\libc_nano.a(lib_a-findfp.o)
                0x000000000800a50c                __sfp_lock_release
 .text.__sinit_lock_acquire
                0x000000000800a518        0xc d:/software/st/stm32cubeide_1.7.0/stm32cubeide/plugins/com.st.stm32cube.ide.mcu.externaltools.gnu-tools-for-stm32.9-2020-q2-update.win32_2.0.0.202105311346/tools/bin/../lib/gcc/arm-none-eabi/9.3.1/../../../../arm-none-eabi/lib/thumb/v7e-m+fp/hard\libc_nano.a(lib_a-findfp.o)
                0x000000000800a518                __sinit_lock_acquire
 .text.__sinit_lock_release
                0x000000000800a524        0xc d:/software/st/stm32cubeide_1.7.0/stm32cubeide/plugins/com.st.stm32cube.ide.mcu.externaltools.gnu-tools-for-stm32.9-2020-q2-update.win32_2.0.0.202105311346/tools/bin/../lib/gcc/arm-none-eabi/9.3.1/../../../../arm-none-eabi/lib/thumb/v7e-m+fp/hard\libc_nano.a(lib_a-findfp.o)
                0x000000000800a524                __sinit_lock_release
 .text.__sinit  0x000000000800a530       0x70 d:/software/st/stm32cubeide_1.7.0/stm32cubeide/plugins/com.st.stm32cube.ide.mcu.externaltools.gnu-tools-for-stm32.9-2020-q2-update.win32_2.0.0.202105311346/tools/bin/../lib/gcc/arm-none-eabi/9.3.1/../../../../arm-none-eabi/lib/thumb/v7e-m+fp/hard\libc_nano.a(lib_a-findfp.o)
                0x000000000800a530                __sinit
 .text.__sfp    0x000000000800a5a0       0x8c d:/software/st/stm32cubeide_1.7.0/stm32cubeide/plugins/com.st.stm32cube.ide.mcu.externaltools.gnu-tools-for-stm32.9-2020-q2-update.win32_2.0.0.202105311346/tools/bin/../lib/gcc/arm-none-eabi/9.3.1/../../../../arm-none-eabi/lib/thumb/v7e-m+fp/hard\libc_nano.a(lib_a-findfp.o)
                0x000000000800a5a0                __sfp
 .text._fwalk_reent
                0x000000000800a62c       0x3e d:/software/st/stm32cubeide_1.7.0/stm32cubeide/plugins/com.st.stm32cube.ide.mcu.externaltools.gnu-tools-for-stm32.9-2020-q2-update.win32_2.0.0.202105311346/tools/bin/../lib/gcc/arm-none-eabi/9.3.1/../../../../arm-none-eabi/lib/thumb/v7e-m+fp/hard\libc_nano.a(lib_a-fwalk.o)
                0x000000000800a62c                _fwalk_reent
 .text.__retarget_lock_init_recursive
                0x000000000800a66a        0x2 d:/software/st/stm32cubeide_1.7.0/stm32cubeide/plugins/com.st.stm32cube.ide.mcu.externaltools.gnu-tools-for-stm32.9-2020-q2-update.win32_2.0.0.202105311346/tools/bin/../lib/gcc/arm-none-eabi/9.3.1/../../../../arm-none-eabi/lib/thumb/v7e-m+fp/hard\libc_nano.a(lib_a-lock.o)
                0x000000000800a66a                __retarget_lock_init_recursive
 .text.__retarget_lock_acquire_recursive
                0x000000000800a66c        0x2 d:/software/st/stm32cubeide_1.7.0/stm32cubeide/plugins/com.st.stm32cube.ide.mcu.externaltools.gnu-tools-for-stm32.9-2020-q2-update.win32_2.0.0.202105311346/tools/bin/../lib/gcc/arm-none-eabi/9.3.1/../../../../arm-none-eabi/lib/thumb/v7e-m+fp/hard\libc_nano.a(lib_a-lock.o)
                0x000000000800a66c                __retarget_lock_acquire_recursive
 .text.__retarget_lock_release_recursive
                0x000000000800a66e        0x2 d:/software/st/stm32cubeide_1.7.0/stm32cubeide/plugins/com.st.stm32cube.ide.mcu.externaltools.gnu-tools-for-stm32.9-2020-q2-update.win32_2.0.0.202105311346/tools/bin/../lib/gcc/arm-none-eabi/9.3.1/../../../../arm-none-eabi/lib/thumb/v7e-m+fp/hard\libc_nano.a(lib_a-lock.o)
                0x000000000800a66e                __retarget_lock_release_recursive
 .text.__swhatbuf_r
                0x000000000800a670       0x48 d:/software/st/stm32cubeide_1.7.0/stm32cubeide/plugins/com.st.stm32cube.ide.mcu.externaltools.gnu-tools-for-stm32.9-2020-q2-update.win32_2.0.0.202105311346/tools/bin/../lib/gcc/arm-none-eabi/9.3.1/../../../../arm-none-eabi/lib/thumb/v7e-m+fp/hard\libc_nano.a(lib_a-makebuf.o)
                0x000000000800a670                __swhatbuf_r
 .text.__smakebuf_r
                0x000000000800a6b8       0x80 d:/software/st/stm32cubeide_1.7.0/stm32cubeide/plugins/com.st.stm32cube.ide.mcu.externaltools.gnu-tools-for-stm32.9-2020-q2-update.win32_2.0.0.202105311346/tools/bin/../lib/gcc/arm-none-eabi/9.3.1/../../../../arm-none-eabi/lib/thumb/v7e-m+fp/hard\libc_nano.a(lib_a-makebuf.o)
                0x000000000800a6b8                __smakebuf_r
 .text.memcpy   0x000000000800a738       0x1c d:/software/st/stm32cubeide_1.7.0/stm32cubeide/plugins/com.st.stm32cube.ide.mcu.externaltools.gnu-tools-for-stm32.9-2020-q2-update.win32_2.0.0.202105311346/tools/bin/../lib/gcc/arm-none-eabi/9.3.1/../../../../arm-none-eabi/lib/thumb/v7e-m+fp/hard\libc_nano.a(lib_a-memcpy-stub.o)
                0x000000000800a738                memcpy
 .text.memmove  0x000000000800a754       0x34 d:/software/st/stm32cubeide_1.7.0/stm32cubeide/plugins/com.st.stm32cube.ide.mcu.externaltools.gnu-tools-for-stm32.9-2020-q2-update.win32_2.0.0.202105311346/tools/bin/../lib/gcc/arm-none-eabi/9.3.1/../../../../arm-none-eabi/lib/thumb/v7e-m+fp/hard\libc_nano.a(lib_a-memmove.o)
                0x000000000800a754                memmove
 .text.__malloc_lock
                0x000000000800a788        0xc d:/software/st/stm32cubeide_1.7.0/stm32cubeide/plugins/com.st.stm32cube.ide.mcu.externaltools.gnu-tools-for-stm32.9-2020-q2-update.win32_2.0.0.202105311346/tools/bin/../lib/gcc/arm-none-eabi/9.3.1/../../../../arm-none-eabi/lib/thumb/v7e-m+fp/hard\libc_nano.a(lib_a-mlock.o)
                0x000000000800a788                __malloc_lock
 .text.__malloc_unlock
                0x000000000800a794        0xc d:/software/st/stm32cubeide_1.7.0/stm32cubeide/plugins/com.st.stm32cube.ide.mcu.externaltools.gnu-tools-for-stm32.9-2020-q2-update.win32_2.0.0.202105311346/tools/bin/../lib/gcc/arm-none-eabi/9.3.1/../../../../arm-none-eabi/lib/thumb/v7e-m+fp/hard\libc_nano.a(lib_a-mlock.o)
                0x000000000800a794                __malloc_unlock
 .text._realloc_r
                0x000000000800a7a0       0x4c d:/software/st/stm32cubeide_1.7.0/stm32cubeide/plugins/com.st.stm32cube.ide.mcu.externaltools.gnu-tools-for-stm32.9-2020-q2-update.win32_2.0.0.202105311346/tools/bin/../lib/gcc/arm-none-eabi/9.3.1/../../../../arm-none-eabi/lib/thumb/v7e-m+fp/hard\libc_nano.a(lib_a-nano-reallocr.o)
                0x000000000800a7a0                _realloc_r
 .text._raise_r
                0x000000000800a7ec       0x50 d:/software/st/stm32cubeide_1.7.0/stm32cubeide/plugins/com.st.stm32cube.ide.mcu.externaltools.gnu-tools-for-stm32.9-2020-q2-update.win32_2.0.0.202105311346/tools/bin/../lib/gcc/arm-none-eabi/9.3.1/../../../../arm-none-eabi/lib/thumb/v7e-m+fp/hard\libc_nano.a(lib_a-signal.o)
                0x000000000800a7ec                _raise_r
 .text.raise    0x000000000800a83c       0x10 d:/software/st/stm32cubeide_1.7.0/stm32cubeide/plugins/com.st.stm32cube.ide.mcu.externaltools.gnu-tools-for-stm32.9-2020-q2-update.win32_2.0.0.202105311346/tools/bin/../lib/gcc/arm-none-eabi/9.3.1/../../../../arm-none-eabi/lib/thumb/v7e-m+fp/hard\libc_nano.a(lib_a-signal.o)
                0x000000000800a83c                raise
 .text._kill_r  0x000000000800a84c       0x24 d:/software/st/stm32cubeide_1.7.0/stm32cubeide/plugins/com.st.stm32cube.ide.mcu.externaltools.gnu-tools-for-stm32.9-2020-q2-update.win32_2.0.0.202105311346/tools/bin/../lib/gcc/arm-none-eabi/9.3.1/../../../../arm-none-eabi/lib/thumb/v7e-m+fp/hard\libc_nano.a(lib_a-signalr.o)
                0x000000000800a84c                _kill_r
 .text._getpid_r
                0x000000000800a870        0x4 d:/software/st/stm32cubeide_1.7.0/stm32cubeide/plugins/com.st.stm32cube.ide.mcu.externaltools.gnu-tools-for-stm32.9-2020-q2-update.win32_2.0.0.202105311346/tools/bin/../lib/gcc/arm-none-eabi/9.3.1/../../../../arm-none-eabi/lib/thumb/v7e-m+fp/hard\libc_nano.a(lib_a-signalr.o)
                0x000000000800a870                _getpid_r
 .text.__sread  0x000000000800a874       0x22 d:/software/st/stm32cubeide_1.7.0/stm32cubeide/plugins/com.st.stm32cube.ide.mcu.externaltools.gnu-tools-for-stm32.9-2020-q2-update.win32_2.0.0.202105311346/tools/bin/../lib/gcc/arm-none-eabi/9.3.1/../../../../arm-none-eabi/lib/thumb/v7e-m+fp/hard\libc_nano.a(lib_a-stdio.o)
                0x000000000800a874                __sread
 .text.__swrite
                0x000000000800a896       0x38 d:/software/st/stm32cubeide_1.7.0/stm32cubeide/plugins/com.st.stm32cube.ide.mcu.externaltools.gnu-tools-for-stm32.9-2020-q2-update.win32_2.0.0.202105311346/tools/bin/../lib/gcc/arm-none-eabi/9.3.1/../../../../arm-none-eabi/lib/thumb/v7e-m+fp/hard\libc_nano.a(lib_a-stdio.o)
                0x000000000800a896                __swrite
 .text.__sseek  0x000000000800a8ce       0x24 d:/software/st/stm32cubeide_1.7.0/stm32cubeide/plugins/com.st.stm32cube.ide.mcu.externaltools.gnu-tools-for-stm32.9-2020-q2-update.win32_2.0.0.202105311346/tools/bin/../lib/gcc/arm-none-eabi/9.3.1/../../../../arm-none-eabi/lib/thumb/v7e-m+fp/hard\libc_nano.a(lib_a-stdio.o)
                0x000000000800a8ce                __sseek
 .text.__sclose
                0x000000000800a8f2        0x8 d:/software/st/stm32cubeide_1.7.0/stm32cubeide/plugins/com.st.stm32cube.ide.mcu.externaltools.gnu-tools-for-stm32.9-2020-q2-update.win32_2.0.0.202105311346/tools/bin/../lib/gcc/arm-none-eabi/9.3.1/../../../../arm-none-eabi/lib/thumb/v7e-m+fp/hard\libc_nano.a(lib_a-stdio.o)
                0x000000000800a8f2                __sclose
 *fill*         0x000000000800a8fa        0x2 
 .text._write_r
                0x000000000800a8fc       0x24 d:/software/st/stm32cubeide_1.7.0/stm32cubeide/plugins/com.st.stm32cube.ide.mcu.externaltools.gnu-tools-for-stm32.9-2020-q2-update.win32_2.0.0.202105311346/tools/bin/../lib/gcc/arm-none-eabi/9.3.1/../../../../arm-none-eabi/lib/thumb/v7e-m+fp/hard\libc_nano.a(lib_a-writer.o)
                0x000000000800a8fc                _write_r
 .text._close_r
                0x000000000800a920       0x20 d:/software/st/stm32cubeide_1.7.0/stm32cubeide/plugins/com.st.stm32cube.ide.mcu.externaltools.gnu-tools-for-stm32.9-2020-q2-update.win32_2.0.0.202105311346/tools/bin/../lib/gcc/arm-none-eabi/9.3.1/../../../../arm-none-eabi/lib/thumb/v7e-m+fp/hard\libc_nano.a(lib_a-closer.o)
                0x000000000800a920                _close_r
 .text._fstat_r
                0x000000000800a940       0x24 d:/software/st/stm32cubeide_1.7.0/stm32cubeide/plugins/com.st.stm32cube.ide.mcu.externaltools.gnu-tools-for-stm32.9-2020-q2-update.win32_2.0.0.202105311346/tools/bin/../lib/gcc/arm-none-eabi/9.3.1/../../../../arm-none-eabi/lib/thumb/v7e-m+fp/hard\libc_nano.a(lib_a-fstatr.o)
                0x000000000800a940                _fstat_r
 .text._isatty_r
                0x000000000800a964       0x20 d:/software/st/stm32cubeide_1.7.0/stm32cubeide/plugins/com.st.stm32cube.ide.mcu.externaltools.gnu-tools-for-stm32.9-2020-q2-update.win32_2.0.0.202105311346/tools/bin/../lib/gcc/arm-none-eabi/9.3.1/../../../../arm-none-eabi/lib/thumb/v7e-m+fp/hard\libc_nano.a(lib_a-isattyr.o)
                0x000000000800a964                _isatty_r
 .text._lseek_r
                0x000000000800a984       0x24 d:/software/st/stm32cubeide_1.7.0/stm32cubeide/plugins/com.st.stm32cube.ide.mcu.externaltools.gnu-tools-for-stm32.9-2020-q2-update.win32_2.0.0.202105311346/tools/bin/../lib/gcc/arm-none-eabi/9.3.1/../../../../arm-none-eabi/lib/thumb/v7e-m+fp/hard\libc_nano.a(lib_a-lseekr.o)
                0x000000000800a984                _lseek_r
 .text._malloc_usable_size_r
                0x000000000800a9a8       0x10 d:/software/st/stm32cubeide_1.7.0/stm32cubeide/plugins/com.st.stm32cube.ide.mcu.externaltools.gnu-tools-for-stm32.9-2020-q2-update.win32_2.0.0.202105311346/tools/bin/../lib/gcc/arm-none-eabi/9.3.1/../../../../arm-none-eabi/lib/thumb/v7e-m+fp/hard\libc_nano.a(lib_a-nano-msizer.o)
                0x000000000800a9a8                _malloc_usable_size_r
 .text._read_r  0x000000000800a9b8       0x24 d:/software/st/stm32cubeide_1.7.0/stm32cubeide/plugins/com.st.stm32cube.ide.mcu.externaltools.gnu-tools-for-stm32.9-2020-q2-update.win32_2.0.0.202105311346/tools/bin/../lib/gcc/arm-none-eabi/9.3.1/../../../../arm-none-eabi/lib/thumb/v7e-m+fp/hard\libc_nano.a(lib_a-readr.o)
                0x000000000800a9b8                _read_r
 .text.sqrt     0x000000000800a9dc       0x68 d:/software/st/stm32cubeide_1.7.0/stm32cubeide/plugins/com.st.stm32cube.ide.mcu.externaltools.gnu-tools-for-stm32.9-2020-q2-update.win32_2.0.0.202105311346/tools/bin/../lib/gcc/arm-none-eabi/9.3.1/../../../../arm-none-eabi/lib/thumb/v7e-m+fp/hard\libm.a(lib_a-w_sqrt.o)
                0x000000000800a9dc                sqrt
 .text.__ieee754_sqrt
                0x000000000800aa44      0x168 d:/software/st/stm32cubeide_1.7.0/stm32cubeide/plugins/com.st.stm32cube.ide.mcu.externaltools.gnu-tools-for-stm32.9-2020-q2-update.win32_2.0.0.202105311346/tools/bin/../lib/gcc/arm-none-eabi/9.3.1/../../../../arm-none-eabi/lib/thumb/v7e-m+fp/hard\libm.a(lib_a-e_sqrt.o)
                0x000000000800aa44                __ieee754_sqrt
 *(.glue_7)
 .glue_7        0x000000000800abac        0x0 linker stubs
 *(.glue_7t)
 .glue_7t       0x000000000800abac        0x0 linker stubs
 *(.eh_frame)
 .eh_frame      0x000000000800abac        0x0 d:/software/st/stm32cubeide_1.7.0/stm32cubeide/plugins/com.st.stm32cube.ide.mcu.externaltools.gnu-tools-for-stm32.9-2020-q2-update.win32_2.0.0.202105311346/tools/bin/../lib/gcc/arm-none-eabi/9.3.1/thumb/v7e-m+fp/hard/crtbegin.o
 *(.init)
 .init          0x000000000800abac        0x4 d:/software/st/stm32cubeide_1.7.0/stm32cubeide/plugins/com.st.stm32cube.ide.mcu.externaltools.gnu-tools-for-stm32.9-2020-q2-update.win32_2.0.0.202105311346/tools/bin/../lib/gcc/arm-none-eabi/9.3.1/thumb/v7e-m+fp/hard/crti.o
                0x000000000800abac                _init
 .init          0x000000000800abb0        0x8 d:/software/st/stm32cubeide_1.7.0/stm32cubeide/plugins/com.st.stm32cube.ide.mcu.externaltools.gnu-tools-for-stm32.9-2020-q2-update.win32_2.0.0.202105311346/tools/bin/../lib/gcc/arm-none-eabi/9.3.1/thumb/v7e-m+fp/hard/crtn.o
 *(.fini)
 .fini          0x000000000800abb8        0x4 d:/software/st/stm32cubeide_1.7.0/stm32cubeide/plugins/com.st.stm32cube.ide.mcu.externaltools.gnu-tools-for-stm32.9-2020-q2-update.win32_2.0.0.202105311346/tools/bin/../lib/gcc/arm-none-eabi/9.3.1/thumb/v7e-m+fp/hard/crti.o
                0x000000000800abb8                _fini
 .fini          0x000000000800abbc        0x8 d:/software/st/stm32cubeide_1.7.0/stm32cubeide/plugins/com.st.stm32cube.ide.mcu.externaltools.gnu-tools-for-stm32.9-2020-q2-update.win32_2.0.0.202105311346/tools/bin/../lib/gcc/arm-none-eabi/9.3.1/thumb/v7e-m+fp/hard/crtn.o
                0x000000000800abc4                . = ALIGN (0x4)
                0x000000000800abc4                _etext = .

.vfp11_veneer   0x000000000800abc4        0x0
 .vfp11_veneer  0x000000000800abc4        0x0 linker stubs

.v4_bx          0x000000000800abc4        0x0
 .v4_bx         0x000000000800abc4        0x0 linker stubs

.iplt           0x000000000800abc4        0x0
 .iplt          0x000000000800abc4        0x0 d:/software/st/stm32cubeide_1.7.0/stm32cubeide/plugins/com.st.stm32cube.ide.mcu.externaltools.gnu-tools-for-stm32.9-2020-q2-update.win32_2.0.0.202105311346/tools/bin/../lib/gcc/arm-none-eabi/9.3.1/thumb/v7e-m+fp/hard/crtbegin.o

.rodata         0x000000000800abc4     0x3260
                0x000000000800abc4                . = ALIGN (0x4)
 *(.rodata)
 .rodata        0x000000000800abc4       0x6d ./Core/Src/main.o
 *fill*         0x000000000800ac31        0x3 
 .rodata        0x000000000800ac34       0xe0 ./Core/Src/touch.o
 .rodata        0x000000000800ad14       0x24 ./Core/Src/uart.o
 *(.rodata*)
 .rodata.ascii_1608
                0x000000000800ad38      0x5f0 ./Core/Src/lcd.o
                0x000000000800ad38                ascii_1608
 .rodata.ascii_2412
                0x000000000800b328     0x11d0 ./Core/Src/lcd.o
                0x000000000800b328                ascii_2412
 .rodata.ascii_3216
                0x000000000800c4f8     0x17c0 ./Core/Src/lcd.o
                0x000000000800c4f8                ascii_3216
 .rodata.AHBPrescTable
                0x000000000800dcb8       0x10 ./Core/Src/system_stm32f4xx.o
                0x000000000800dcb8                AHBPrescTable
 .rodata.APBPrescTable
                0x000000000800dcc8        0x8 ./Core/Src/system_stm32f4xx.o
                0x000000000800dcc8                APBPrescTable
 .rodata.flagBitshiftOffset.9376
                0x000000000800dcd0        0x8 ./Drivers/STM32F4xx_HAL_Driver/Src/stm32f4xx_hal_dma.o
 .rodata._global_impure_ptr
                0x000000000800dcd8        0x4 d:/software/st/stm32cubeide_1.7.0/stm32cubeide/plugins/com.st.stm32cube.ide.mcu.externaltools.gnu-tools-for-stm32.9-2020-q2-update.win32_2.0.0.202105311346/tools/bin/../lib/gcc/arm-none-eabi/9.3.1/../../../../arm-none-eabi/lib/thumb/v7e-m+fp/hard\libc_nano.a(lib_a-impure.o)
                0x000000000800dcd8                _global_impure_ptr
 .rodata.srand.str1.1
                0x000000000800dcdc       0x76 d:/software/st/stm32cubeide_1.7.0/stm32cubeide/plugins/com.st.stm32cube.ide.mcu.externaltools.gnu-tools-for-stm32.9-2020-q2-update.win32_2.0.0.202105311346/tools/bin/../lib/gcc/arm-none-eabi/9.3.1/../../../../arm-none-eabi/lib/thumb/v7e-m+fp/hard\libc_nano.a(lib_a-rand.o)
 .rodata.__assert_func.str1.1
                0x000000000800dd52       0x3c d:/software/st/stm32cubeide_1.7.0/stm32cubeide/plugins/com.st.stm32cube.ide.mcu.externaltools.gnu-tools-for-stm32.9-2020-q2-update.win32_2.0.0.202105311346/tools/bin/../lib/gcc/arm-none-eabi/9.3.1/../../../../arm-none-eabi/lib/thumb/v7e-m+fp/hard\libc_nano.a(lib_a-assert.o)
                                         0x3d (size before relaxing)
 .rodata._svfprintf_r.str1.1
                0x000000000800dd8e       0x11 d:/software/st/stm32cubeide_1.7.0/stm32cubeide/plugins/com.st.stm32cube.ide.mcu.externaltools.gnu-tools-for-stm32.9-2020-q2-update.win32_2.0.0.202105311346/tools/bin/../lib/gcc/arm-none-eabi/9.3.1/../../../../arm-none-eabi/lib/thumb/v7e-m+fp/hard\libc_nano.a(lib_a-nano-svfprintf.o)
 .rodata._vfprintf_r.str1.1
                0x000000000800dd9f       0x11 d:/software/st/stm32cubeide_1.7.0/stm32cubeide/plugins/com.st.stm32cube.ide.mcu.externaltools.gnu-tools-for-stm32.9-2020-q2-update.win32_2.0.0.202105311346/tools/bin/../lib/gcc/arm-none-eabi/9.3.1/../../../../arm-none-eabi/lib/thumb/v7e-m+fp/hard\libc_nano.a(lib_a-nano-vfprintf.o)
 .rodata._printf_i.str1.1
                0x000000000800dd9f       0x22 d:/software/st/stm32cubeide_1.7.0/stm32cubeide/plugins/com.st.stm32cube.ide.mcu.externaltools.gnu-tools-for-stm32.9-2020-q2-update.win32_2.0.0.202105311346/tools/bin/../lib/gcc/arm-none-eabi/9.3.1/../../../../arm-none-eabi/lib/thumb/v7e-m+fp/hard\libc_nano.a(lib_a-nano-vfprintf_i.o)
 *fill*         0x000000000800ddc1        0x3 
 .rodata.__sf_fake_stderr
                0x000000000800ddc4       0x20 d:/software/st/stm32cubeide_1.7.0/stm32cubeide/plugins/com.st.stm32cube.ide.mcu.externaltools.gnu-tools-for-stm32.9-2020-q2-update.win32_2.0.0.202105311346/tools/bin/../lib/gcc/arm-none-eabi/9.3.1/../../../../arm-none-eabi/lib/thumb/v7e-m+fp/hard\libc_nano.a(lib_a-findfp.o)
                0x000000000800ddc4                __sf_fake_stderr
 .rodata.__sf_fake_stdin
                0x000000000800dde4       0x20 d:/software/st/stm32cubeide_1.7.0/stm32cubeide/plugins/com.st.stm32cube.ide.mcu.externaltools.gnu-tools-for-stm32.9-2020-q2-update.win32_2.0.0.202105311346/tools/bin/../lib/gcc/arm-none-eabi/9.3.1/../../../../arm-none-eabi/lib/thumb/v7e-m+fp/hard\libc_nano.a(lib_a-findfp.o)
                0x000000000800dde4                __sf_fake_stdin
 .rodata.__sf_fake_stdout
                0x000000000800de04       0x20 d:/software/st/stm32cubeide_1.7.0/stm32cubeide/plugins/com.st.stm32cube.ide.mcu.externaltools.gnu-tools-for-stm32.9-2020-q2-update.win32_2.0.0.202105311346/tools/bin/../lib/gcc/arm-none-eabi/9.3.1/../../../../arm-none-eabi/lib/thumb/v7e-m+fp/hard\libc_nano.a(lib_a-findfp.o)
                0x000000000800de04                __sf_fake_stdout
                0x000000000800de24                . = ALIGN (0x4)

.ARM.extab      0x000000000800de24        0x0
                0x000000000800de24                . = ALIGN (0x4)
 *(.ARM.extab* .gnu.linkonce.armextab.*)
                0x000000000800de24                . = ALIGN (0x4)

.ARM            0x000000000800de24        0x8
                0x000000000800de24                . = ALIGN (0x4)
                0x000000000800de24                __exidx_start = .
 *(.ARM.exidx*)
 .ARM.exidx     0x000000000800de24        0x8 d:/software/st/stm32cubeide_1.7.0/stm32cubeide/plugins/com.st.stm32cube.ide.mcu.externaltools.gnu-tools-for-stm32.9-2020-q2-update.win32_2.0.0.202105311346/tools/bin/../lib/gcc/arm-none-eabi/9.3.1/thumb/v7e-m+fp/hard\libgcc.a(_udivmoddi4.o)
                0x000000000800de2c                __exidx_end = .
                0x000000000800de2c                . = ALIGN (0x4)

.rel.dyn        0x000000000800de2c        0x0
 .rel.iplt      0x000000000800de2c        0x0 d:/software/st/stm32cubeide_1.7.0/stm32cubeide/plugins/com.st.stm32cube.ide.mcu.externaltools.gnu-tools-for-stm32.9-2020-q2-update.win32_2.0.0.202105311346/tools/bin/../lib/gcc/arm-none-eabi/9.3.1/thumb/v7e-m+fp/hard/crtbegin.o

.preinit_array  0x000000000800de2c        0x0
                0x000000000800de2c                . = ALIGN (0x4)
                0x000000000800de2c                PROVIDE (__preinit_array_start = .)
 *(.preinit_array*)
                0x000000000800de2c                PROVIDE (__preinit_array_end = .)
                0x000000000800de2c                . = ALIGN (0x4)

.init_array     0x000000000800de2c        0x4
                0x000000000800de2c                . = ALIGN (0x4)
                0x000000000800de2c                PROVIDE (__init_array_start = .)
 *(SORT_BY_NAME(.init_array.*))
 *(.init_array*)
 .init_array    0x000000000800de2c        0x4 d:/software/st/stm32cubeide_1.7.0/stm32cubeide/plugins/com.st.stm32cube.ide.mcu.externaltools.gnu-tools-for-stm32.9-2020-q2-update.win32_2.0.0.202105311346/tools/bin/../lib/gcc/arm-none-eabi/9.3.1/thumb/v7e-m+fp/hard/crtbegin.o
                0x000000000800de30                PROVIDE (__init_array_end = .)
                0x000000000800de30                . = ALIGN (0x4)

.fini_array     0x000000000800de30        0x4
                0x000000000800de30                . = ALIGN (0x4)
                [!provide]                        PROVIDE (__fini_array_start = .)
 *(SORT_BY_NAME(.fini_array.*))
 *(.fini_array*)
 .fini_array    0x000000000800de30        0x4 d:/software/st/stm32cubeide_1.7.0/stm32cubeide/plugins/com.st.stm32cube.ide.mcu.externaltools.gnu-tools-for-stm32.9-2020-q2-update.win32_2.0.0.202105311346/tools/bin/../lib/gcc/arm-none-eabi/9.3.1/thumb/v7e-m+fp/hard/crtbegin.o
                [!provide]                        PROVIDE (__fini_array_end = .)
                0x000000000800de34                . = ALIGN (0x4)
                0x000000000800de34                _sidata = LOADADDR (.data)

.data           0x0000000020000000       0xb4 load address 0x000000000800de34
                0x0000000020000000                . = ALIGN (0x4)
                0x0000000020000000                _sdata = .
 *(.data)
 *(.data*)
 .data.led7seg  0x0000000020000000        0x4 ./Core/Src/led_7seg.o
                0x0000000020000000                led7seg
 .data.spi_buffer
                0x0000000020000004        0x2 ./Core/Src/led_7seg.o
                0x0000000020000004                spi_buffer
 *fill*         0x0000000020000006        0x2 
 .data.SystemCoreClock
                0x0000000020000008        0x4 ./Core/Src/system_stm32f4xx.o
                0x0000000020000008                SystemCoreClock
 .data.tp_dev   0x000000002000000c       0x34 ./Core/Src/touch.o
                0x000000002000000c                tp_dev
 .data.CMD_RDX  0x0000000020000040        0x1 ./Core/Src/touch.o
                0x0000000020000040                CMD_RDX
 .data.CMD_RDY  0x0000000020000041        0x1 ./Core/Src/touch.o
                0x0000000020000041                CMD_RDY
 *fill*         0x0000000020000042        0x2 
 .data.uwTickPrio
                0x0000000020000044        0x4 ./Drivers/STM32F4xx_HAL_Driver/Src/stm32f4xx_hal.o
                0x0000000020000044                uwTickPrio
 .data.uwTickFreq
                0x0000000020000048        0x1 ./Drivers/STM32F4xx_HAL_Driver/Src/stm32f4xx_hal.o
                0x0000000020000048                uwTickFreq
 *fill*         0x0000000020000049        0x3 
 .data._impure_ptr
                0x000000002000004c        0x4 d:/software/st/stm32cubeide_1.7.0/stm32cubeide/plugins/com.st.stm32cube.ide.mcu.externaltools.gnu-tools-for-stm32.9-2020-q2-update.win32_2.0.0.202105311346/tools/bin/../lib/gcc/arm-none-eabi/9.3.1/../../../../arm-none-eabi/lib/thumb/v7e-m+fp/hard\libc_nano.a(lib_a-impure.o)
                0x000000002000004c                _impure_ptr
 .data.impure_data
                0x0000000020000050       0x60 d:/software/st/stm32cubeide_1.7.0/stm32cubeide/plugins/com.st.stm32cube.ide.mcu.externaltools.gnu-tools-for-stm32.9-2020-q2-update.win32_2.0.0.202105311346/tools/bin/../lib/gcc/arm-none-eabi/9.3.1/../../../../arm-none-eabi/lib/thumb/v7e-m+fp/hard\libc_nano.a(lib_a-impure.o)
 .data.__fdlib_version
                0x00000000200000b0        0x1 d:/software/st/stm32cubeide_1.7.0/stm32cubeide/plugins/com.st.stm32cube.ide.mcu.externaltools.gnu-tools-for-stm32.9-2020-q2-update.win32_2.0.0.202105311346/tools/bin/../lib/gcc/arm-none-eabi/9.3.1/../../../../arm-none-eabi/lib/thumb/v7e-m+fp/hard\libm.a(lib_a-s_lib_ver.o)
                0x00000000200000b0                __fdlib_version
 *(.RamFunc)
 *(.RamFunc*)
                0x00000000200000b4                . = ALIGN (0x4)
 *fill*         0x00000000200000b1        0x3 
                0x00000000200000b4                _edata = .
                0x000000000800dee8                _siccmram = LOADADDR (.ccmram)

.igot.plt       0x00000000200000b4        0x0 load address 0x000000000800dee8
 .igot.plt      0x00000000200000b4        0x0 d:/software/st/stm32cubeide_1.7.0/stm32cubeide/plugins/com.st.stm32cube.ide.mcu.externaltools.gnu-tools-for-stm32.9-2020-q2-update.win32_2.0.0.202105311346/tools/bin/../lib/gcc/arm-none-eabi/9.3.1/thumb/v7e-m+fp/hard/crtbegin.o

.ccmram         0x0000000010000000        0x0 load address 0x000000000800dee8
                0x0000000010000000                . = ALIGN (0x4)
                0x0000000010000000                _sccmram = .
 *(.ccmram)
 *(.ccmram*)
                0x0000000010000000                . = ALIGN (0x4)
                0x0000000010000000                _eccmram = .
                0x0000000010000000                . = ALIGN (0x4)

.bss            0x00000000200000b4      0x5b4
                0x00000000200000b4                _sbss = .
                0x00000000200000b4                __bss_start__ = _sbss
 *(.bss)
 .bss           0x00000000200000b4       0x1c d:/software/st/stm32cubeide_1.7.0/stm32cubeide/plugins/com.st.stm32cube.ide.mcu.externaltools.gnu-tools-for-stm32.9-2020-q2-update.win32_2.0.0.202105311346/tools/bin/../lib/gcc/arm-none-eabi/9.3.1/thumb/v7e-m+fp/hard/crtbegin.o
 *(.bss*)
 .bss.led7_index
                0x00000000200000d0        0x2 ./Core/Src/led_7seg.o
                0x00000000200000d0                led7_index
 .bss.count_led_debug
                0x00000000200000d2        0x1 ./Core/Src/main.o
                0x00000000200000d2                count_led_debug
 *fill*         0x00000000200000d3        0x1 
 .bss.flag_timer2
                0x00000000200000d4        0x2 ./Core/Src/software_timer.o
                0x00000000200000d4                flag_timer2
 .bss.timer2_counter
                0x00000000200000d6        0x2 ./Core/Src/software_timer.o
                0x00000000200000d6                timer2_counter
 .bss.timer2_MUL
                0x00000000200000d8        0x2 ./Core/Src/software_timer.o
                0x00000000200000d8                timer2_MUL
 .bss.flag_timer3
                0x00000000200000da        0x2 ./Core/Src/software_timer.o
                0x00000000200000da                flag_timer3
 .bss.timer3_counter
                0x00000000200000dc        0x2 ./Core/Src/software_timer.o
                0x00000000200000dc                timer3_counter
 .bss.timer3_MUL
                0x00000000200000de        0x2 ./Core/Src/software_timer.o
                0x00000000200000de                timer3_MUL
 .bss.FSMC_Initialized
                0x00000000200000e0        0x4 ./Core/Src/stm32f4xx_hal_msp.o
 .bss.__sbrk_heap_end
                0x00000000200000e4        0x4 ./Core/Src/sysmem.o
 .bss.receive_buffer1
                0x00000000200000e8        0x1 ./Core/Src/uart.o
                0x00000000200000e8                receive_buffer1
 .bss.uart_flag
                0x00000000200000e9        0x1 ./Core/Src/uart.o
                0x00000000200000e9                uart_flag
 .bss.bf_head   0x00000000200000ea        0x1 ./Core/Src/uart.o
                0x00000000200000ea                bf_head
 .bss.bf_tail   0x00000000200000eb        0x1 ./Core/Src/uart.o
                0x00000000200000eb                bf_tail
 .bss.__malloc_free_list
                0x00000000200000ec        0x4 d:/software/st/stm32cubeide_1.7.0/stm32cubeide/plugins/com.st.stm32cube.ide.mcu.externaltools.gnu-tools-for-stm32.9-2020-q2-update.win32_2.0.0.202105311346/tools/bin/../lib/gcc/arm-none-eabi/9.3.1/../../../../arm-none-eabi/lib/thumb/v7e-m+fp/hard\libc_nano.a(lib_a-nano-mallocr.o)
                0x00000000200000ec                __malloc_free_list
 .bss.__malloc_sbrk_start
                0x00000000200000f0        0x4 d:/software/st/stm32cubeide_1.7.0/stm32cubeide/plugins/com.st.stm32cube.ide.mcu.externaltools.gnu-tools-for-stm32.9-2020-q2-update.win32_2.0.0.202105311346/tools/bin/../lib/gcc/arm-none-eabi/9.3.1/../../../../arm-none-eabi/lib/thumb/v7e-m+fp/hard\libc_nano.a(lib_a-nano-mallocr.o)
                0x00000000200000f0                __malloc_sbrk_start
 *(COMMON)
 COMMON         0x00000000200000f4       0x3a ./Core/Src/lcd.o
                0x00000000200000f4                lcddev
                0x00000000200000fc                s
 *fill*         0x000000002000012e        0x2 
 COMMON         0x0000000020000130      0x45c ./Core/Src/main.o
                0x0000000020000130                game
                0x00000000200002cc                hi2c1
                0x0000000020000320                hsram1
                0x0000000020000370                hadc1
                0x00000000200003b8                htim13
                0x0000000020000400                huart1
                0x0000000020000444                hdma_adc1
                0x00000000200004a4                htim1
                0x00000000200004ec                hspi1
                0x0000000020000544                htim2
 COMMON         0x000000002000058c       0xc8 ./Core/Src/uart.o
                0x000000002000058c                msg
                0x00000000200005f0                buffer
 COMMON         0x0000000020000654        0x4 ./Drivers/STM32F4xx_HAL_Driver/Src/stm32f4xx_hal.o
                0x0000000020000654                uwTick
 COMMON         0x0000000020000658        0x9 d:/software/st/stm32cubeide_1.7.0/stm32cubeide/plugins/com.st.stm32cube.ide.mcu.externaltools.gnu-tools-for-stm32.9-2020-q2-update.win32_2.0.0.202105311346/tools/bin/../lib/gcc/arm-none-eabi/9.3.1/../../../../arm-none-eabi/lib/thumb/v7e-m+fp/hard\libc_nano.a(lib_a-lock.o)
                0x0000000020000658                __lock___atexit_recursive_mutex
                0x0000000020000659                __lock___arc4random_mutex
                0x000000002000065a                __lock___env_recursive_mutex
                0x000000002000065b                __lock___sinit_recursive_mutex
                0x000000002000065c                __lock___malloc_recursive_mutex
                0x000000002000065d                __lock___at_quick_exit_mutex
                0x000000002000065e                __lock___dd_hash_mutex
                0x000000002000065f                __lock___tz_mutex
                0x0000000020000660                __lock___sfp_recursive_mutex
 *fill*         0x0000000020000661        0x3 
 COMMON         0x0000000020000664        0x4 d:/software/st/stm32cubeide_1.7.0/stm32cubeide/plugins/com.st.stm32cube.ide.mcu.externaltools.gnu-tools-for-stm32.9-2020-q2-update.win32_2.0.0.202105311346/tools/bin/../lib/gcc/arm-none-eabi/9.3.1/../../../../arm-none-eabi/lib/thumb/v7e-m+fp/hard\libc_nano.a(lib_a-reent.o)
                0x0000000020000664                errno
                0x0000000020000668                . = ALIGN (0x4)
                0x0000000020000668                _ebss = .
                0x0000000020000668                __bss_end__ = _ebss

._user_heap_stack
                0x0000000020000668      0x600
                0x0000000020000668                . = ALIGN (0x8)
                [!provide]                        PROVIDE (end = .)
                0x0000000020000668                PROVIDE (_end = .)
                0x0000000020000868                . = (. + _Min_Heap_Size)
 *fill*         0x0000000020000668      0x200 
                0x0000000020000c68                . = (. + _Min_Stack_Size)
 *fill*         0x0000000020000868      0x400 
                0x0000000020000c68                . = ALIGN (0x8)

/DISCARD/
 libc.a(*)
 libm.a(*)
 libgcc.a(*)

.ARM.attributes
                0x0000000000000000       0x30
 *(.ARM.attributes)
 .ARM.attributes
                0x0000000000000000       0x1e d:/software/st/stm32cubeide_1.7.0/stm32cubeide/plugins/com.st.stm32cube.ide.mcu.externaltools.gnu-tools-for-stm32.9-2020-q2-update.win32_2.0.0.202105311346/tools/bin/../lib/gcc/arm-none-eabi/9.3.1/thumb/v7e-m+fp/hard/crti.o
 .ARM.attributes