Archive member included to satisfy reference by file (symbol)

d:/software/st/stm32cubeide_1.7.0/stm32cubeide/plugins/com.st.stm32cube.ide.mcu.externaltools.gnu-tools-for-stm32.9-2020-q2-update.win32_2.0.0.202105311346/tools/bin/../lib/gcc/arm-none-eabi/9.3.1/../../../../arm-none-eabi/lib/thumb/v7e-m+fp/hard\libc_nano.a(lib_a-errno.o)
                              ./Core/Src/syscalls.o (__errno)
d:/software/st/stm32cubeide_1.7.0/stm32cubeide/plugins/com.st.stm32cube.ide.mcu.externaltools.gnu-tools-for-stm32.9-2020-q2-update.win32_2.0.0.202105311346/tools/bin/../lib/gcc/arm-none-eabi/9.3.1/../../../../arm-none-eabi/lib/thumb/v7e-m+fp/hard\libc_nano.a(lib_a-exit.o)
                              d:/software/st/stm32cubeide_1.7.0/stm32cubeide/plugins/com.st.stm32cube.ide.mcu.externaltools.gnu-tools-for-stm32.9-2020-q2-update.win32_2.0.0.202105311346/tools/bin/../lib/gcc/arm-none-eabi/9.3.1/../../../../arm-none-eabi/lib/thumb/v7e-m+fp/hard/crt0.o (exit)
d:/software/st/stm32cubeide_1.7.0/stm32cubeide/plugins/com.st.stm32cube.ide.mcu.externaltools.gnu-tools-for-stm32.9-2020-q2-update.win32_2.0.0.202105311346/tools/bin/../lib/gcc/arm-none-eabi/9.3.1/../../../../arm-none-eabi/lib/thumb/v7e-m+fp/hard\libc_nano.a(lib_a-impure.o)
                              d:/software/st/stm32cubeide_1.7.0/stm32cubeide/plugins/com.st.stm32cube.ide.mcu.externaltools.gnu-tools-for-stm32.9-2020-q2-update.win32_2.0.0.202105311346/tools/bin/../lib/gcc/arm-none-eabi/9.3.1/../../../../arm-none-eabi/lib/thumb/v7e-m+fp/hard\libc_nano.a(lib_a-exit.o) (_global_impure_ptr)
d:/software/st/stm32cubeide_1.7.0/stm32cubeide/plugins/com.st.stm32cube.ide.mcu.externaltools.gnu-tools-for-stm32.9-2020-q2-update.win32_2.0.0.202105311346/tools/bin/../lib/gcc/arm-none-eabi/9.3.1/../../../../arm-none-eabi/lib/thumb/v7e-m+fp/hard\libc_nano.a(lib_a-init.o)
                              d:/software/st/stm32cubeide_1.7.0/stm32cubeide/plugins/com.st.stm32cube.ide.mcu.externaltools.gnu-tools-for-stm32.9-2020-q2-update.win32_2.0.0.202105311346/tools/bin/../lib/gcc/arm-none-eabi/9.3.1/../../../../arm-none-eabi/lib/thumb/v7e-m+fp/hard/crt0.o (__libc_init_array)
d:/software/st/stm32cubeide_1.7.0/stm32cubeide/plugins/com.st.stm32cube.ide.mcu.externaltools.gnu-tools-for-stm32.9-2020-q2-update.win32_2.0.0.202105311346/tools/bin/../lib/gcc/arm-none-eabi/9.3.1/../../../../arm-none-eabi/lib/thumb/v7e-m+fp/hard\libc_nano.a(lib_a-memset.o)
                              d:/software/st/stm32cubeide_1.7.0/stm32cubeide/plugins/com.st.stm32cube.ide.mcu.externaltools.gnu-tools-for-stm32.9-2020-q2-update.win32_2.0.0.202105311346/tools/bin/../lib/gcc/arm-none-eabi/9.3.1/../../../../arm-none-eabi/lib/thumb/v7e-m+fp/hard/crt0.o (memset)
d:/software/st/stm32cubeide_1.7.0/stm32cubeide/plugins/com.st.stm32cube.ide.mcu.externaltools.gnu-tools-for-stm32.9-2020-q2-update.win32_2.0.0.202105311346/tools/bin/../lib/gcc/arm-none-eabi/9.3.1/../../../../arm-none-eabi/lib/thumb/v7e-m+fp/hard\libc_nano.a(lib_a-sprintf.o)
                              ./Core/Src/uart.o (sprintf)
d:/software/st/stm32cubeide_1.7.0/stm32cubeide/plugins/com.st.stm32cube.ide.mcu.externaltools.gnu-tools-for-stm32.9-2020-q2-update.win32_2.0.0.202105311346/tools/bin/../lib/gcc/arm-none-eabi/9.3.1/../../../../arm-none-eabi/lib/thumb/v7e-m+fp/hard\libc_nano.a(lib_a-strlen.o)
                              ./Core/Src/lcd.o (strlen)
d:/software/st/stm32cubeide_1.7.0/stm32cubeide/plugins/com.st.stm32cube.ide.mcu.externaltools.gnu-tools-for-stm32.9-2020-q2-update.win32_2.0.0.202105311346/tools/bin/../lib/gcc/arm-none-eabi/9.3.1/../../../../arm-none-eabi/lib/thumb/v7e-m+fp/hard\libc_nano.a(lib_a-nano-svfprintf.o)
                              d:/software/st/stm32cubeide_1.7.0/stm32cubeide/plugins/com.st.stm32cube.ide.mcu.externaltools.gnu-tools-for-stm32.9-2020-q2-update.win32_2.0.0.202105311346/tools/bin/../lib/gcc/arm-none-eabi/9.3.1/../../../../arm-none-eabi/lib/thumb/v7e-m+fp/hard\libc_nano.a(lib_a-sprintf.o) (_svfprintf_r)
d:/software/st/stm32cubeide_1.7.0/stm32cubeide/plugins/com.st.stm32cube.ide.mcu.externaltools.gnu-tools-for-stm32.9-2020-q2-update.win32_2.0.0.202105311346/tools/bin/../lib/gcc/arm-none-eabi/9.3.1/../../../../arm-none-eabi/lib/thumb/v7e-m+fp/hard\libc_nano.a(lib_a-nano-vfprintf_i.o)
                              d:/software/st/stm32cubeide_1.7.0/stm32cubeide/plugins/com.st.stm32cube.ide.mcu.externaltools.gnu-tools-for-stm32.9-2020-q2-update.win32_2.0.0.202105311346/tools/bin/../lib/gcc/arm-none-eabi/9.3.1/../../../../arm-none-eabi/lib/thumb/v7e-m+fp/hard\libc_nano.a(lib_a-nano-svfprintf.o) (_printf_i)
d:/software/st/stm32cubeide_1.7.0/stm32cubeide/plugins/com.st.stm32cube.ide.mcu.externaltools.gnu-tools-for-stm32.9-2020-q2-update.win32_2.0.0.202105311346/tools/bin/../lib/gcc/arm-none-eabi/9.3.1/../../../../arm-none-eabi/lib/thumb/v7e-m+fp/hard\libc_nano.a(lib_a-memchr.o)
[...]
Memory Configuration

Name             Origin             Length             Attributes
CCMRAM           0x0000000010000000 0x0000000000010000 xrw
RAM              0x0000000020000000 0x0000000000020000 xrw
FLASH            0x0000000008000000 0x0000000000100000 xr
*default*        0x0000000000000000 0xffffffffffffffff

Linker script and memory map

LOAD d:/software/st/stm32cubeide_1.7.0/stm32cubeide/plugins/com.st.stm32cube.ide.mcu.externaltools.gnu-tools-for-stm32.9-2020-q2-update.win32_2.0.0.202105311346/tools/bin/../lib/gcc/arm-none-eabi/9.3.1/thumb/v7e-m+fp/hard/crti.o
LOAD d:/software/st/stm32cubeide_1.7.0/stm32cubeide/plugins/com.st.stm32cube.ide.mcu.externaltools.gnu-tools-for-stm32.9-2020-q2-update.win32_2.0.0.202105311346/tools/bin/../lib/gcc/arm-none-eabi/9.3.1/thumb/v7e-m+fp/hard/crtbegin.o
LOAD d:/software/st/stm32cubeide_1.7.0/stm32cubeide/plugins/com.st.stm32cube.ide.mcu.externaltools.gnu-tools-for-stm32.9-2020-q2-update.win32_2.0.0.202105311346/tools/bin/../lib/gcc/arm-none-eabi/9.3.1/../../../../arm-none-eabi/lib/thumb/v7e-m+fp/hard/crt0.o
LOAD ./Core/Src/button.o
LOAD ./Core/Src/buzzer.o
LOAD ./Core/Src/ds3231.o
LOAD ./Core/Src/lcd.o
LOAD ./Core/Src/led_7seg.o
LOAD ./Core/Src/main.o
LOAD ./Core/Src/picture.o
LOAD ./Core/Src/sensor.o
LOAD ./Core/Src/software_timer.o
LOAD ./Core/Src/stm32f4xx_hal_msp.o
LOAD ./Core/Src/stm32f4xx_it.o
LOAD ./Core/Src/syscalls.o
LOAD ./Core/Src/sysmem.o
LOAD ./Core/Src/system_stm32f4xx.o
LOAD ./Core/Src/uart.o
LOAD ./Core/Src/utils.o
LOAD ./Core/Startup/startup_stm32f407zgtx.o
LOAD ./Drivers/STM32F4xx_HAL_Driver/Src/stm32f4xx_hal.o
LOAD ./Drivers/STM32F4xx_HAL_Driver/Src/stm32f4xx_hal_adc.o
LOAD ./Drivers/STM32F4xx_HAL_Driver/Src/stm32f4xx_hal_adc_ex.o
LOAD ./Drivers/STM32F4xx_HAL_Driver/Src/stm32f4xx_hal_cortex.o
LOAD ./Drivers/STM32F4xx_HAL_Driver/Src/stm32f4xx_hal_dma.o
LOAD ./Drivers/STM32F4xx_HAL_Driver/Src/stm32f4xx_hal_dma_ex.o
LOAD ./Drivers/STM32F4xx_HAL_Driver/Src/stm32f4xx_hal_exti.o
LOAD ./Drivers/STM32F4xx_HAL_Driver/Src/stm32f4xx_hal_flash.o
LOAD ./Drivers/STM32F4xx_HAL_Driver/Src/stm32f4xx_hal_flash_ex.o
LOAD ./Drivers/STM32F4xx_HAL_Driver/Src/stm32f4xx_hal_flash_ramfunc.o
LOAD ./Drivers/STM32F4xx_HAL_Driver/Src/stm32f4xx_hal_gpio.o
LOAD ./Drivers/STM32F4xx_HAL_Driver/Src/stm32f4xx_hal_i2c.o
LOAD ./Drivers/STM32F4xx_HAL_Driver/Src/stm32f4xx_hal_i2c_ex.o
LOAD ./Drivers/STM32F4xx_HAL_Driver/Src/stm32f4xx_hal_pwr.o
LOAD ./Drivers/STM32F4xx_HAL_Driver/Src/stm32f4xx_hal_pwr_ex.o
LOAD ./Drivers/STM32F4xx_HAL_Driver/Src/stm32f4xx_hal_rcc.o
LOAD ./Drivers/STM32F4xx_HAL_Driver/Src/stm32f4xx_hal_rcc_ex.o
LOAD ./Drivers/STM32F4xx_HAL_Driver/Src/stm32f4xx_hal_spi.o
LOAD ./Drivers/STM32F4xx_HAL_Driver/Src/stm32f4xx_hal_sram.o
LOAD ./Drivers/STM32F4xx_HAL_Driver/Src/stm32f4xx_hal_tim.o
LOAD ./Drivers/STM32F4xx_HAL_Driver/Src/stm32f4xx_hal_tim_ex.o
LOAD ./Drivers/STM32F4xx_HAL_Driver/Src/stm32f4xx_hal_uart.o
LOAD ./Drivers/STM32F4xx_HAL_Driver/Src/stm32f4xx_ll_adc.o
LOAD ./Drivers/STM32F4xx_HAL_Driver/Src/stm32f4xx_ll_fsmc.o
START GROUP
LOAD d:/software/st/stm32cubeide_1.7.0/stm32cubeide/plugins/com.st.stm32cube.ide.mcu.externaltools.gnu-tools-for-stm32.9-2020-q2-update.win32_2.0.0.202105311346/tools/bin/../lib/gcc/arm-none-eabi/9.3.1/../../../../arm-none-eabi/lib/thumb/v7e-m+fp/hard\libc_nano.a
LOAD d:/software/st/stm32cubeide_1.7.0/stm32cubeide/plugins/com.st.stm32cube.ide.mcu.externaltools.gnu-tools-for-stm32.9-2020-q2-update.win32_2.0.0.202105311346/tools/bin/../lib/gcc/arm-none-eabi/9.3.1/../../../../arm-none-eabi/lib/thumb/v7e-m+fp/hard\libm.a
END GROUP
START GROUP
LOAD d:/software/st/stm32cubeide_1.7.0/stm32cubeide/plugins/com.st.stm32cube.ide.mcu.externaltools.gnu-tools-for-stm32.9-2020-q2-update.win32_2.0.0.202105311346/tools/bin/../lib/gcc/arm-none-eabi/9.3.1/thumb/v7e-m+fp/hard\libgcc.a
LOAD d:/software/st/stm32cubeide_1.7.0/stm32cubeide/plugins/com.st.stm32cube.ide.mcu.externaltools.gnu-tools-for-stm32.9-2020-q2-update.win32_2.0.0.202105311346/tools/bin/../lib/gcc/arm-none-eabi/9.3.1/../../../../arm-none-eabi/lib/thumb/v7e-m+fp/hard\libc_nano.a
END GROUP
START GROUP
LOAD d:/software/st/stm32cubeide_1.7.0/stm32cubeide/plugins/com.st.stm32cube.ide.mcu.externaltools.gnu-tools-for-stm32.9-2020-q2-update.win32_2.0.0.202105311346/tools/bin/../lib/gcc/arm-none-eabi/9.3.1/thumb/v7e-m+fp/hard\libgcc.a
LOAD d:/software/st/stm32cubeide_1.7.0/stm32cubeide/plugins/com.st.stm32cube.ide.mcu.externaltools.gnu-tools-for-stm32.9-2020-q2-update.win32_2.0.0.202105311346/tools/bin/../lib/gcc/arm-none-eabi/9.3.1/../../../../arm-none-eabi/lib/thumb/v7e-m+fp/hard\libc_nano.a
LOAD d:/software/st/stm32cubeide_1.7.0/stm32cubeide/plugins/com.st.stm32cube.ide.mcu.externaltools.gnu-tools-for-stm32.9-2020-q2-update.win32_2.0.0.202105311346/tools/bin/../lib/gcc/arm-none-eabi/9.3.1/../../../../arm-none-eabi/lib/thumb/v7e-m+fp/hard\libnosys.a
END GROUP
START GROUP
LOAD d:/software/st/stm32cubeide_1.7.0/stm32cubeide/plugins/com.st.stm32cube.ide.mcu.externaltools.gnu-tools-for-stm32.9-2020-q2-update.win32_2.0.0.202105311346/tools/bin/../lib/gcc/arm-none-eabi/9.3.1/thumb/v7e-m+fp/hard\libgcc.a
LOAD d:/software/st/stm32cubeide_1.7.0/stm32cubeide/plugins/com.st.stm32cube.ide.mcu.externaltools.gnu-tools-for-stm32.9-2020-q2-update.win32_2.0.0.202105311346/tools/bin/../lib/gcc/arm-none-eabi/9.3.1/../../../../arm-none-eabi/lib/thumb/v7e-m+fp/hard\libc_nano.a
LOAD d:/software/st/stm32cubeide_1.7.0/stm32cubeide/plugins/com.st.stm32cube.ide.mcu.externaltools.gnu-tools-for-stm32.9-2020-q2-update.win32_2.0.0.202105311346/tools/bin/../lib/gcc/arm-none-eabi/9.3.1/../../../../arm-none-eabi/lib/thumb/v7e-m+fp/hard\libnosys.a
END GROUP
LOAD d:/software/st/stm32cubeide_1.7.0/stm32cubeide/plugins/com.st.stm32cube.ide.mcu.externaltools.gnu-tools-for-stm32.9-2020-q2-update.win32_2.0.0.202105311346/tools/bin/../lib/gcc/arm-none-eabi/9.3.1/thumb/v7e-m+fp/hard/crtend.o
LOAD d:/software/st/stm32cubeide_1.7.0/stm32cubeide/plugins/com.st.stm32cube.ide.mcu.externaltools.gnu-tools-for-stm32.9-2020-q2-update.win32_2.0.0.202105311346/tools/bin/../lib/gcc/arm-none-eabi/9.3.1/thumb/v7e-m+fp/hard/crtn.o
                0x0000000020020000                _estack = (ORIGIN (RAM) + LENGTH (RAM))
                0x0000000000000200                _Min_Heap_Size = 0x200
                0x0000000000000400                _Min_Stack_Size = 0x400

.isr_vector     0x0000000008000000      0x188
                0x0000000008000000                . = ALIGN (0x4)
 *(.isr_vector)
 .isr_vector    0x0000000008000000      0x188 ./Core/Startup/startup_stm32f407zgtx.o
                0x0000000008000000                g_pfnVectors
                0x0000000008000188                . = ALIGN (0x4)

.text           0x0000000008000190     0x9bac
                0x0000000008000190                . = ALIGN (0x4)
 *(.text)
 .text          0x0000000008000190       0x40 d:/software/st/stm32cubeide_1.7.0/stm32cubeide/plugins/com.st.stm32cube.ide.mcu.externaltools.gnu-tools-for-stm32.9-2020-q2-update.win32_2.0.0.202105311346/tools/bin/../lib/gcc/arm-none-eabi/9.3.1/thumb/v7e-m+fp/hard/crtbegin.o
 .text          0x00000000080001d0       0x10 d:/software/st/stm32cubeide_1.7.0/stm32cubeide/plugins/com.st.stm32cube.ide.mcu.externaltools.gnu-tools-for-stm32.9-2020-q2-update.win32_2.0.0.202105311346/tools/bin/../lib/gcc/arm-none-eabi/9.3.1/../../../../arm-none-eabi/lib/thumb/v7e-m+fp/hard\libc_nano.a(lib_a-strlen.o)
                0x00000000080001d0                strlen
 .text          0x00000000080001e0       0xa0 d:/software/st/stm32cubeide_1.7.0/stm32cubeide/plugins/com.st.stm32cube.ide.mcu.externaltools.gnu-tools-for-stm32.9-2020-q2-update.win32_2.0.0.202105311346/tools/bin/../lib/gcc/arm-none-eabi/9.3.1/../../../../arm-none-eabi/lib/thumb/v7e-m+fp/hard\libc_nano.a(lib_a-memchr.o)
                0x00000000080001e0                memchr
 .text          0x0000000008000280      0x378 d:/software/st/stm32cubeide_1.7.0/stm32cubeide/plugins/com.st.stm32cube.ide.mcu.externaltools.gnu-tools-for-stm32.9-2020-q2-update.win32_2.0.0.202105311346/tools/bin/../lib/gcc/arm-none-eabi/9.3.1/thumb/v7e-m+fp/hard\libgcc.a(_arm_addsubdf3.o)
                0x0000000008000280                __aeabi_drsub
                0x0000000008000288                __aeabi_dsub
                0x0000000008000288                __subdf3
                0x000000000800028c                __aeabi_dadd
                0x000000000800028c                __adddf3
                0x0000000008000504                __floatunsidf
                0x0000000008000504                __aeabi_ui2d
                0x0000000008000524                __floatsidf
                0x0000000008000524                __aeabi_i2d
                0x0000000008000548                __aeabi_f2d
                0x0000000008000548                __extendsfdf2
                0x000000000800058c                __floatundidf
                0x000000000800058c                __aeabi_ul2d
                0x000000000800059c                __floatdidf
                0x000000000800059c                __aeabi_l2d
 .text          0x00000000080005f8      0x424 d:/software/st/stm32cubeide_1.7.0/stm32cubeide/plugins/com.st.stm32cube.ide.mcu.externaltools.gnu-tools-for-stm32.9-2020-q2-update.win32_2.0.0.202105311346/tools/bin/../lib/gcc/arm-none-eabi/9.3.1/thumb/v7e-m+fp/hard\libgcc.a(_arm_muldivdf3.o)
                0x00000000080005f8                __aeabi_dmul
                0x00000000080005f8                __muldf3
                0x000000000800084c                __divdf3
                0x000000000800084c                __aeabi_ddiv
 .text          0x0000000008000a1c       0xa0 d:/software/st/stm32cubeide_1.7.0/stm32cubeide/plugins/com.st.stm32cube.ide.mcu.externaltools.gnu-tools-for-stm32.9-2020-q2-update.win32_2.0.0.202105311346/tools/bin/../lib/gcc/arm-none-eabi/9.3.1/thumb/v7e-m+fp/hard\libgcc.a(_arm_truncdfsf2.o)
                0x0000000008000a1c                __truncdfsf2
                0x0000000008000a1c                __aeabi_d2f
 .text          0x0000000008000abc       0x30 d:/software/st/stm32cubeide_1.7.0/stm32cubeide/plugins/com.st.stm32cube.ide.mcu.externaltools.gnu-tools-for-stm32.9-2020-q2-update.win32_2.0.0.202105311346/tools/bin/../lib/gcc/arm-none-eabi/9.3.1/thumb/v7e-m+fp/hard\libgcc.a(_aeabi_uldivmod.o)
                0x0000000008000abc                __aeabi_uldivmod
 .text          0x0000000008000aec      0x2c4 d:/software/st/stm32cubeide_1.7.0/stm32cubeide/plugins/com.st.stm32cube.ide.mcu.externaltools.gnu-tools-for-stm32.9-2020-q2-update.win32_2.0.0.202105311346/tools/bin/../lib/gcc/arm-none-eabi/9.3.1/thumb/v7e-m+fp/hard\libgcc.a(_udivmoddi4.o)
                0x0000000008000aec                __udivmoddi4
 .text          0x0000000008000db0        0x4 d:/software/st/stm32cubeide_1.7.0/stm32cubeide/plugins/com.st.stm32cube.ide.mcu.externaltools.gnu-tools-for-stm32.9-2020-q2-update.win32_2.0.0.202105311346/tools/bin/../lib/gcc/arm-none-eabi/9.3.1/thumb/v7e-m+fp/hard\libgcc.a(_dvmd_tls.o)
                0x0000000008000db0                __aeabi_idiv0
                0x0000000008000db0                __aeabi_ldiv0
 *(.text*)
 .text.button_init
                0x0000000008000db4       0x18 ./Core/Src/button.o
                0x0000000008000db4                button_init
 .text.button_Scan
                0x0000000008000dcc       0xd8 ./Core/Src/button.o
                0x0000000008000dcc                button_Scan
 .text.buzzer_init
                0x0000000008000ea4       0x14 ./Core/Src/buzzer.o
                0x0000000008000ea4                buzzer_init
 .text.buzzer_SetVolume
                0x0000000008000eb8       0x30 ./Core/Src/buzzer.o
                0x0000000008000eb8                buzzer_SetVolume
 .text.ds3231_init
                0x0000000008000ee8       0x88 ./Core/Src/ds3231.o
                0x0000000008000ee8                ds3231_init
 .text.ds3231_ReadTime
                0x0000000008000f70       0xc8 ./Core/Src/ds3231.o
                0x0000000008000f70                ds3231_ReadTime
 .text.LCD_WR_REG
                0x0000000008001038       0x20 ./Core/Src/lcd.o
                0x0000000008001038                LCD_WR_REG
 .text.LCD_WR_DATA
                0x0000000008001058       0x20 ./Core/Src/lcd.o
 .text.LCD_RD_DATA
                0x0000000008001078       0x24 ./Core/Src/lcd.o
 .text.lcd_AddressSet
                0x000000000800109c       0x98 ./Core/Src/lcd.o
                0x000000000800109c                lcd_AddressSet
 .text.lcd_Clear
                0x0000000008001134       0x64 ./Core/Src/lcd.o
                0x0000000008001134                lcd_Clear
 .text.lcd_Fill
                0x0000000008001198       0x6c ./Core/Src/lcd.o
                0x0000000008001198                lcd_Fill
 .text.lcd_DrawPoint
                0x0000000008001204       0x2e ./Core/Src/lcd.o
                0x0000000008001204                lcd_DrawPoint
 .text.lcd_DrawLine
                0x0000000008001232      0x108 ./Core/Src/lcd.o
                0x0000000008001232                lcd_DrawLine
 .text.lcd_DrawRectangle
                0x000000000800133a       0x6e ./Core/Src/lcd.o
                0x000000000800133a                lcd_DrawRectangle
 .text.lcd_ShowChar
                0x00000000080013a8      0x1a0 ./Core/Src/lcd.o
                0x00000000080013a8                lcd_ShowChar
 .text.mypow    0x0000000008001548       0x38 ./Core/Src/lcd.o
                0x0000000008001548                mypow
 .text.lcd_ShowFloatNum
                0x0000000008001580      0x110 ./Core/Src/lcd.o
                0x0000000008001580                lcd_ShowFloatNum
 .text.lcd_SetDir
                0x0000000008001690       0x48 ./Core/Src/lcd.o
                0x0000000008001690                lcd_SetDir
 .text.lcd_init
                0x00000000080016d8      0x2c0 ./Core/Src/lcd.o
                0x00000000080016d8                lcd_init
 .text.lcd_ShowStr
                0x0000000008001998       0xc8 ./Core/Src/lcd.o
                0x0000000008001998                lcd_ShowStr
 .text.led7_Scan
                0x0000000008001a60      0x118 ./Core/Src/led_7seg.o
                0x0000000008001a60                led7_Scan
 .text.led7_SetDigit
                0x0000000008001b78       0x48 ./Core/Src/led_7seg.o
                0x0000000008001b78                led7_SetDigit
 .text.led7_SetColon
                0x0000000008001bc0       0x40 ./Core/Src/led_7seg.o
                0x0000000008001bc0                led7_SetColon
 .text.main     0x0000000008001c00       0x8c ./Core/Src/main.o
                0x0000000008001c00                main
 .text.SystemClock_Config
                0x0000000008001c8c       0xd4 ./Core/Src/main.o
                0x0000000008001c8c                SystemClock_Config
 .text.MX_ADC1_Init
                0x0000000008001d60      0x114 ./Core/Src/main.o
 .text.MX_I2C1_Init
                0x0000000008001e74       0x5c ./Core/Src/main.o
 .text.MX_SPI1_Init
                0x0000000008001ed0       0x6c ./Core/Src/main.o
 .text.MX_TIM2_Init
                0x0000000008001f3c       0x98 ./Core/Src/main.o
 .text.MX_TIM13_Init
                0x0000000008001fd4       0x9c ./Core/Src/main.o
 .text.MX_USART1_UART_Init
                0x0000000008002070       0x54 ./Core/Src/main.o
 .text.MX_DMA_Init
                0x00000000080020c4       0x40 ./Core/Src/main.o
 .text.MX_GPIO_Init
                0x0000000008002104      0x20c ./Core/Src/main.o
 .text.MX_FSMC_Init
                0x0000000008002310       0xf4 ./Core/Src/main.o
 .text.system_init
                0x0000000008002404       0x3a ./Core/Src/main.o
                0x0000000008002404                system_init
 *fill*         0x000000000800243e        0x2 
 .text.test_LedDebug
                0x0000000008002440       0x48 ./Core/Src/main.o
                0x0000000008002440                test_LedDebug
 .text.isButtonUp
                0x0000000008002488       0x20 ./Core/Src/main.o
                0x0000000008002488                isButtonUp
 .text.isButtonDown
                0x00000000080024a8       0x20 ./Core/Src/main.o
                0x00000000080024a8                isButtonDown
 .text.isButtonRight
                0x00000000080024c8       0x20 ./Core/Src/main.o
                0x00000000080024c8                isButtonRight
 .text.getPowerConsumption
                0x00000000080024e8       0x28 ./Core/Src/main.o
                0x00000000080024e8                getPowerConsumption
 .text.getHumidity
                0x0000000008002510       0x40 ./Core/Src/main.o
                0x0000000008002510                getHumidity
 .text.getLightLevel
                0x0000000008002550       0x2c ./Core/Src/main.o
                0x0000000008002550                getLightLevel
 .text.test_Adc
                0x000000000800257c      0x20c ./Core/Src/main.o
                0x000000000800257c                test_Adc
 .text.displayTimeOn7Seg
                0x0000000008002788       0x94 ./Core/Src/main.o
                0x0000000008002788                displayTimeOn7Seg
 .text.sendDataToPC
                0x000000000800281c       0xfc ./Core/Src/main.o
                0x000000000800281c                sendDataToPC
 .text.test_Buzzer
                0x0000000008002918       0xbc ./Core/Src/main.o
                0x0000000008002918                test_Buzzer
 .text.drawPowerChart
                0x00000000080029d4      0x348 ./Core/Src/main.o
                0x00000000080029d4                drawPowerChart
 .text.Error_Handler
                0x0000000008002d1c        0xa ./Core/Src/main.o
                0x0000000008002d1c                Error_Handler
 *fill*         0x0000000008002d26        0x2 
 .text.sensor_init
                0x0000000008002d28       0x1c ./Core/Src/sensor.o
                0x0000000008002d28                sensor_init
 .text.sensor_Read
                0x0000000008002d44       0x1c ./Core/Src/sensor.o
                0x0000000008002d44                sensor_Read
 .text.sensor_GetLight
                0x0000000008002d60       0x18 ./Core/Src/sensor.o
                0x0000000008002d60                sensor_GetLight
 .text.sensor_GetPotentiometer
                0x0000000008002d78       0x18 ./Core/Src/sensor.o
                0x0000000008002d78                sensor_GetPotentiometer
 .text.sensor_GetVoltage
                0x0000000008002d90       0x78 ./Core/Src/sensor.o
                0x0000000008002d90                sensor_GetVoltage
 .text.sensor_GetCurrent
                0x0000000008002e08       0xb8 ./Core/Src/sensor.o
                0x0000000008002e08                sensor_GetCurrent
 .text.sensor_GetTemperature
                0x0000000008002ec0       0x3c ./Core/Src/sensor.o
                0x0000000008002ec0                sensor_GetTemperature
 .text.timer_init
                0x0000000008002efc       0x14 ./Core/Src/software_timer.o
                0x0000000008002efc                timer_init
 .text.setTimer2
                0x0000000008002f10       0x38 ./Core/Src/software_timer.o
                0x0000000008002f10                setTimer2
 .text.setTimer3
                0x0000000008002f48       0x38 ./Core/Src/software_timer.o
                0x0000000008002f48                setTimer3
 .text.setTimer4
                0x0000000008002f80       0x38 ./Core/Src/software_timer.o
                0x0000000008002f80                setTimer4
 .text.HAL_TIM_PeriodElapsedCallback
                0x0000000008002fb8       0xc0 ./Core/Src/software_timer.o
                0x0000000008002fb8                HAL_TIM_PeriodElapsedCallback
 .text.HAL_MspInit
                0x0000000008003078       0x50 ./Core/Src/stm32f4xx_hal_msp.o
                0x0000000008003078                HAL_MspInit
 .text.HAL_ADC_MspInit
                0x00000000080030c8      0x128 ./Core/Src/stm32f4xx_hal_msp.o
                0x00000000080030c8                HAL_ADC_MspInit
 .text.HAL_I2C_MspInit
                0x00000000080031f0       0x90 ./Core/Src/stm32f4xx_hal_msp.o
                0x00000000080031f0                HAL_I2C_MspInit
 .text.HAL_SPI_MspInit
                0x0000000008003280       0x90 ./Core/Src/stm32f4xx_hal_msp.o
                0x0000000008003280                HAL_SPI_MspInit
 .text.HAL_TIM_Base_MspInit
                0x0000000008003310       0x78 ./Core/Src/stm32f4xx_hal_msp.o
                0x0000000008003310                HAL_TIM_Base_MspInit
 .text.HAL_TIM_MspPostInit
                0x0000000008003388       0x74 ./Core/Src/stm32f4xx_hal_msp.o
                0x0000000008003388                HAL_TIM_MspPostInit
 .text.HAL_UART_MspInit
                0x00000000080033fc       0xa0 ./Core/Src/stm32f4xx_hal_msp.o
                0x00000000080033fc                HAL_UART_MspInit
 .text.HAL_FSMC_MspInit
                0x000000000800349c       0x98 ./Core/Src/stm32f4xx_hal_msp.o
 .text.HAL_SRAM_MspInit
                0x0000000008003534       0x14 ./Core/Src/stm32f4xx_hal_msp.o
                0x0000000008003534                HAL_SRAM_MspInit
 .text.NMI_Handler
                0x0000000008003548        0x6 ./Core/Src/stm32f4xx_it.o
                0x0000000008003548                NMI_Handler
 .text.HardFault_Handler
                0x000000000800354e        0x6 ./Core/Src/stm32f4xx_it.o
                0x000000000800354e                HardFault_Handler
 .text.MemManage_Handler
                0x0000000008003554        0x6 ./Core/Src/stm32f4xx_it.o
                0x0000000008003554                MemManage_Handler
 .text.BusFault_Handler
                0x000000000800355a        0x6 ./Core/Src/stm32f4xx_it.o
                0x000000000800355a                BusFault_Handler
 .text.UsageFault_Handler
                0x0000000008003560        0x6 ./Core/Src/stm32f4xx_it.o
                0x0000000008003560                UsageFault_Handler
 .text.SVC_Handler
                0x0000000008003566        0xe ./Core/Src/stm32f4xx_it.o
                0x0000000008003566                SVC_Handler
 .text.DebugMon_Handler
                0x0000000008003574        0xe ./Core/Src/stm32f4xx_it.o
                0x0000000008003574                DebugMon_Handler
 .text.PendSV_Handler
                0x0000000008003582        0xe ./Core/Src/stm32f4xx_it.o
                0x0000000008003582                PendSV_Handler
 .text.SysTick_Handler
                0x0000000008003590        0xc ./Core/Src/stm32f4xx_it.o
                0x0000000008003590                SysTick_Handler
 .text.TIM2_IRQHandler
                0x000000000800359c       0x14 ./Core/Src/stm32f4xx_it.o
                0x000000000800359c                TIM2_IRQHandler
 .text.USART1_IRQHandler
                0x00000000080035b0       0x14 ./Core/Src/stm32f4xx_it.o
                0x00000000080035b0                USART1_IRQHandler
 .text.DMA2_Stream0_IRQHandler
                0x00000000080035c4       0x14 ./Core/Src/stm32f4xx_it.o
                0x00000000080035c4                DMA2_Stream0_IRQHandler
 .text._sbrk    0x00000000080035d8       0x6c ./Core/Src/sysmem.o
                0x00000000080035d8                _sbrk
 .text.SystemInit
                0x0000000008003644       0x24 ./Core/Src/system_stm32f4xx.o
                0x0000000008003644                SystemInit
 .text.uart_init_rs232
                0x0000000008003668       0x1c ./Core/Src/uart.o
                0x0000000008003668                uart_init_rs232
 .text.uart_Rs232SendString
                0x0000000008003684       0x34 ./Core/Src/uart.o
                0x0000000008003684                uart_Rs232SendString
 .text.uart_Rs232SendNumPercent
                0x00000000080036b8       0x64 ./Core/Src/uart.o
                0x00000000080036b8                uart_Rs232SendNumPercent
 .text.HAL_UART_RxCpltCallback
                0x000000000800371c       0xc0 ./Core/Src/uart.o
                0x000000000800371c                HAL_UART_RxCpltCallback
 .text.BCD2DEC  0x00000000080037dc       0x32 ./Core/Src/utils.o
                0x00000000080037dc                BCD2DEC
 *fill*         0x000000000800380e        0x2 
 .text.DEC2BCD  0x0000000008003810       0x48 ./Core/Src/utils.o
                0x0000000008003810                DEC2BCD
 .text.Reset_Handler
                0x0000000008003858       0x50 ./Core/Startup/startup_stm32f407zgtx.o
                0x0000000008003858                Reset_Handler
 .text.Default_Handler
                0x00000000080038a8        0x2 ./Core/Startup/startup_stm32f407zgtx.o
                0x00000000080038a8                RTC_Alarm_IRQHandler
                0x00000000080038a8                HASH_RNG_IRQHandler
                0x00000000080038a8                EXTI2_IRQHandler
                0x00000000080038a8                TIM8_CC_IRQHandler
                0x00000000080038a8                TIM1_CC_IRQHandler
                0x00000000080038a8                DMA2_Stream5_IRQHandler
                0x00000000080038a8                DMA1_Stream5_IRQHandler
                0x00000000080038a8                PVD_IRQHandler
                0x00000000080038a8                SDIO_IRQHandler
                0x00000000080038a8                TAMP_STAMP_IRQHandler
                0x00000000080038a8                CAN2_RX1_IRQHandler
                0x00000000080038a8                EXTI3_IRQHandler
                0x00000000080038a8                TIM8_TRG_COM_TIM14_IRQHandler
                0x00000000080038a8                TIM1_UP_TIM10_IRQHandler
                0x00000000080038a8                TIM8_UP_TIM13_IRQHandler
                0x00000000080038a8                I2C3_ER_IRQHandler
                0x00000000080038a8                EXTI0_IRQHandler
                0x00000000080038a8                I2C2_EV_IRQHandler
                0x00000000080038a8                DMA1_Stream2_IRQHandler
                0x00000000080038a8                CAN1_RX0_IRQHandler
                0x00000000080038a8                FPU_IRQHandler
                0x00000000080038a8                OTG_HS_WKUP_IRQHandler
                0x00000000080038a8                CAN2_SCE_IRQHandler
                0x00000000080038a8                DMA2_Stream2_IRQHandler
                0x00000000080038a8                SPI1_IRQHandler
                0x00000000080038a8                TIM6_DAC_IRQHandler
                0x00000000080038a8                TIM1_BRK_TIM9_IRQHandler
                0x00000000080038a8                DCMI_IRQHandler
                0x00000000080038a8                CAN2_RX0_IRQHandler
                0x00000000080038a8                DMA2_Stream3_IRQHandler
                0x00000000080038a8                USART6_IRQHandler
                0x00000000080038a8                USART3_IRQHandler
                0x00000000080038a8                CAN1_RX1_IRQHandler
                0x00000000080038a8                UART5_IRQHandler
                0x00000000080038a8                TIM4_IRQHandler
                0x00000000080038a8                I2C1_EV_IRQHandler
                0x00000000080038a8                DMA1_Stream6_IRQHandler
                0x00000000080038a8                DMA1_Stream1_IRQHandler
                0x00000000080038a8                UART4_IRQHandler
                0x00000000080038a8                TIM3_IRQHandler
                0x00000000080038a8                RCC_IRQHandler
                0x00000000080038a8                TIM8_BRK_TIM12_IRQHandler
                0x00000000080038a8                Default_Handler
                0x00000000080038a8                EXTI15_10_IRQHandler
                0x00000000080038a8                ADC_IRQHandler
                0x00000000080038a8                DMA1_Stream7_IRQHandler
                0x00000000080038a8                TIM7_IRQHandler
                0x00000000080038a8                CAN2_TX_IRQHandler
                0x00000000080038a8                TIM5_IRQHandler
                0x00000000080038a8                DMA2_Stream7_IRQHandler
                0x00000000080038a8                I2C3_EV_IRQHandler
                0x00000000080038a8                EXTI9_5_IRQHandler
                0x00000000080038a8                RTC_WKUP_IRQHandler
                0x00000000080038a8                ETH_WKUP_IRQHandler
                0x00000000080038a8                SPI2_IRQHandler
                0x00000000080038a8                OTG_HS_EP1_IN_IRQHandler
                0x00000000080038a8                DMA1_Stream0_IRQHandler
                0x00000000080038a8                CAN1_TX_IRQHandler
                0x00000000080038a8                EXTI4_IRQHandler
                0x00000000080038a8                FSMC_IRQHandler
                0x00000000080038a8                ETH_IRQHandler
                0x00000000080038a8                OTG_HS_EP1_OUT_IRQHandler
                0x00000000080038a8                WWDG_IRQHandler
                0x00000000080038a8                OTG_FS_WKUP_IRQHandler
                0x00000000080038a8                TIM1_TRG_COM_TIM11_IRQHandler
                0x00000000080038a8                OTG_HS_IRQHandler
                0x00000000080038a8                EXTI1_IRQHandler
                0x00000000080038a8                USART2_IRQHandler
                0x00000000080038a8                I2C2_ER_IRQHandler
                0x00000000080038a8                DMA2_Stream1_IRQHandler
                0x00000000080038a8                CAN1_SCE_IRQHandler
                0x00000000080038a8                FLASH_IRQHandler
                0x00000000080038a8                DMA2_Stream4_IRQHandler
                0x00000000080038a8                OTG_FS_IRQHandler
                0x00000000080038a8                SPI3_IRQHandler
                0x00000000080038a8                DMA1_Stream4_IRQHandler
                0x00000000080038a8                I2C1_ER_IRQHandler
                0x00000000080038a8                DMA2_Stream6_IRQHandler
                0x00000000080038a8                DMA1_Stream3_IRQHandler
 *fill*         0x00000000080038aa        0x2 
 .text.HAL_Init
                0x00000000080038ac       0x44 ./Drivers/STM32F4xx_HAL_Driver/Src/stm32f4xx_hal.o
                0x00000000080038ac                HAL_Init
 .text.HAL_InitTick
                0x00000000080038f0       0x60 ./Drivers/STM32F4xx_HAL_Driver/Src/stm32f4xx_hal.o
                0x00000000080038f0                HAL_InitTick
 .text.HAL_IncTick
                0x0000000008003950       0x28 ./Drivers/STM32F4xx_HAL_Driver/Src/stm32f4xx_hal.o
                0x0000000008003950                HAL_IncTick
 .text.HAL_GetTick
                0x0000000008003978       0x18 ./Drivers/STM32F4xx_HAL_Driver/Src/stm32f4xx_hal.o
                0x0000000008003978                HAL_GetTick
 .text.HAL_Delay
                0x0000000008003990       0x48 ./Drivers/STM32F4xx_HAL_Driver/Src/stm32f4xx_hal.o
                0x0000000008003990                HAL_Delay
 .text.HAL_ADC_Init
                0x00000000080039d8       0x86 ./Drivers/STM32F4xx_HAL_Driver/Src/stm32f4xx_hal_adc.o
                0x00000000080039d8                HAL_ADC_Init
 *fill*         0x0000000008003a5e        0x2 
 .text.HAL_ADC_Start_DMA
                0x0000000008003a60      0x220 ./Drivers/STM32F4xx_HAL_Driver/Src/stm32f4xx_hal_adc.o
                0x0000000008003a60                HAL_ADC_Start_DMA
 .text.HAL_ADC_ConvCpltCallback
                0x0000000008003c80       0x14 ./Drivers/STM32F4xx_HAL_Driver/Src/stm32f4xx_hal_adc.o
                0x0000000008003c80                HAL_ADC_ConvCpltCallback
 .text.HAL_ADC_ConvHalfCpltCallback
                0x0000000008003c94       0x14 ./Drivers/STM32F4xx_HAL_Driver/Src/stm32f4xx_hal_adc.o
                0x0000000008003c94                HAL_ADC_ConvHalfCpltCallback
 .text.HAL_ADC_ErrorCallback
                0x0000000008003ca8       0x14 ./Drivers/STM32F4xx_HAL_Driver/Src/stm32f4xx_hal_adc.o
                0x0000000008003ca8                HAL_ADC_ErrorCallback
 .text.HAL_ADC_ConfigChannel
                0x0000000008003cbc      0x244 ./Drivers/STM32F4xx_HAL_Driver/Src/stm32f4xx_hal_adc.o
                0x0000000008003cbc                HAL_ADC_ConfigChannel
 .text.ADC_Init
                0x0000000008003f00      0x1f8 ./Drivers/STM32F4xx_HAL_Driver/Src/stm32f4xx_hal_adc.o
 .text.ADC_DMAConvCplt
                0x00000000080040f8       0xba ./Drivers/STM32F4xx_HAL_Driver/Src/stm32f4xx_hal_adc.o
 .text.ADC_DMAHalfConvCplt
                0x00000000080041b2       0x1c ./Drivers/STM32F4xx_HAL_Driver/Src/stm32f4xx_hal_adc.o
 .text.ADC_DMAError
                0x00000000080041ce       0x2e ./Drivers/STM32F4xx_HAL_Driver/Src/stm32f4xx_hal_adc.o
 .text.__NVIC_SetPriorityGrouping
                0x00000000080041fc       0x48 ./Drivers/STM32F4xx_HAL_Driver/Src/stm32f4xx_hal_cortex.o
 .text.__NVIC_GetPriorityGrouping
                0x0000000008004244       0x1c ./Drivers/STM32F4xx_HAL_Driver/Src/stm32f4xx_hal_cortex.o
 .text.__NVIC_EnableIRQ
                0x0000000008004260       0x3c ./Drivers/STM32F4xx_HAL_Driver/Src/stm32f4xx_hal_cortex.o
 .text.__NVIC_SetPriority
                0x000000000800429c       0x54 ./Drivers/STM32F4xx_HAL_Driver/Src/stm32f4xx_hal_cortex.o
 .text.NVIC_EncodePriority
                0x00000000080042f0       0x66 ./Drivers/STM32F4xx_HAL_Driver/Src/stm32f4xx_hal_cortex.o
 *fill*         0x0000000008004356        0x2 
 .text.SysTick_Config
                0x0000000008004358       0x44 ./Drivers/STM32F4xx_HAL_Driver/Src/stm32f4xx_hal_cortex.o
 .text.HAL_NVIC_SetPriorityGrouping
                0x000000000800439c       0x16 ./Drivers/STM32F4xx_HAL_Driver/Src/stm32f4xx_hal_cortex.o
                0x000000000800439c                HAL_NVIC_SetPriorityGrouping
 .text.HAL_NVIC_SetPriority
                0x00000000080043b2       0x38 ./Drivers/STM32F4xx_HAL_Driver/Src/stm32f4xx_hal_cortex.o
                0x00000000080043b2                HAL_NVIC_SetPriority
 .text.HAL_NVIC_EnableIRQ
                0x00000000080043ea       0x1c ./Drivers/STM32F4xx_HAL_Driver/Src/stm32f4xx_hal_cortex.o
                0x00000000080043ea                HAL_NVIC_EnableIRQ
 .text.HAL_SYSTICK_Config
                0x0000000008004406       0x18 ./Drivers/STM32F4xx_HAL_Driver/Src/stm32f4xx_hal_cortex.o
                0x0000000008004406                HAL_SYSTICK_Config
 *fill*         0x000000000800441e        0x2 
 .text.HAL_DMA_Init
                0x0000000008004420      0x15c ./Drivers/STM32F4xx_HAL_Driver/Src/stm32f4xx_hal_dma.o
                0x0000000008004420                HAL_DMA_Init
 .text.HAL_DMA_Start_IT
                0x000000000800457c       0xb0 ./Drivers/STM32F4xx_HAL_Driver/Src/stm32f4xx_hal_dma.o
                0x000000000800457c                HAL_DMA_Start_IT
 .text.HAL_DMA_Abort
                0x000000000800462c       0xe0 ./Drivers/STM32F4xx_HAL_Driver/Src/stm32f4xx_hal_dma.o
                0x000000000800462c                HAL_DMA_Abort
 .text.HAL_DMA_Abort_IT
                0x000000000800470c       0x44 ./Drivers/STM32F4xx_HAL_Driver/Src/stm32f4xx_hal_dma.o
                0x000000000800470c                HAL_DMA_Abort_IT
 .text.HAL_DMA_IRQHandler
                0x0000000008004750      0x314 ./Drivers/STM32F4xx_HAL_Driver/Src/stm32f4xx_hal_dma.o
                0x0000000008004750                HAL_DMA_IRQHandler
 .text.DMA_SetConfig
                0x0000000008004a64       0x5c ./Drivers/STM32F4xx_HAL_Driver/Src/stm32f4xx_hal_dma.o
 .text.DMA_CalcBaseAndBitshift
                0x0000000008004ac0       0x6c ./Drivers/STM32F4xx_HAL_Driver/Src/stm32f4xx_hal_dma.o
 .text.DMA_CheckFifoParam
                0x0000000008004b2c       0xf8 ./Drivers/STM32F4xx_HAL_Driver/Src/stm32f4xx_hal_dma.o
 .text.HAL_GPIO_Init
                0x0000000008004c24      0x338 ./Drivers/STM32F4xx_HAL_Driver/Src/stm32f4xx_hal_gpio.o
                0x0000000008004c24                HAL_GPIO_Init
 .text.HAL_GPIO_WritePin
                0x0000000008004f5c       0x32 ./Drivers/STM32F4xx_HAL_Driver/Src/stm32f4xx_hal_gpio.o
                0x0000000008004f5c                HAL_GPIO_WritePin
 .text.HAL_GPIO_TogglePin
                0x0000000008004f8e       0x34 ./Drivers/STM32F4xx_HAL_Driver/Src/stm32f4xx_hal_gpio.o
                0x0000000008004f8e                HAL_GPIO_TogglePin
 *fill*         0x0000000008004fc2        0x2 
 .text.HAL_I2C_Init
                0x0000000008004fc4      0x288 ./Drivers/STM32F4xx_HAL_Driver/Src/stm32f4xx_hal_i2c.o
                0x0000000008004fc4                HAL_I2C_Init
 .text.HAL_I2C_Mem_Read
                0x000000000800524c      0x44c ./Drivers/STM32F4xx_HAL_Driver/Src/stm32f4xx_hal_i2c.o
                0x000000000800524c                HAL_I2C_Mem_Read
 .text.HAL_I2C_IsDeviceReady
                0x0000000008005698      0x25c ./Drivers/STM32F4xx_HAL_Driver/Src/stm32f4xx_hal_i2c.o
                0x0000000008005698                HAL_I2C_IsDeviceReady
 .text.I2C_RequestMemoryRead
                0x00000000080058f4      0x1d0 ./Drivers/STM32F4xx_HAL_Driver/Src/stm32f4xx_hal_i2c.o
 .text.I2C_WaitOnFlagUntilTimeout
                0x0000000008005ac4       0xae ./Drivers/STM32F4xx_HAL_Driver/Src/stm32f4xx_hal_i2c.o
 .text.I2C_WaitOnMasterAddressFlagUntilTimeout
                0x0000000008005b72       0xfe ./Drivers/STM32F4xx_HAL_Driver/Src/stm32f4xx_hal_i2c.o
 .text.I2C_WaitOnTXEFlagUntilTimeout
                0x0000000008005c70       0x82 ./Drivers/STM32F4xx_HAL_Driver/Src/stm32f4xx_hal_i2c.o
 .text.I2C_WaitOnRXNEFlagUntilTimeout
                0x0000000008005cf2       0xac ./Drivers/STM32F4xx_HAL_Driver/Src/stm32f4xx_hal_i2c.o
 .text.I2C_IsAcknowledgeFailed
                0x0000000008005d9e       0x5e ./Drivers/STM32F4xx_HAL_Driver/Src/stm32f4xx_hal_i2c.o
 .text.HAL_RCC_OscConfig
                0x0000000008005dfc      0x4f0 ./Drivers/STM32F4xx_HAL_Driver/Src/stm32f4xx_hal_rcc.o
                0x0000000008005dfc                HAL_RCC_OscConfig
 .text.HAL_RCC_ClockConfig
                0x00000000080062ec      0x1cc ./Drivers/STM32F4xx_HAL_Driver/Src/stm32f4xx_hal_rcc.o
                0x00000000080062ec                HAL_RCC_ClockConfig
 .text.HAL_RCC_GetSysClockFreq
                0x00000000080064b8      0x1c4 ./Drivers/STM32F4xx_HAL_Driver/Src/stm32f4xx_hal_rcc.o
                0x00000000080064b8                HAL_RCC_GetSysClockFreq
 .text.HAL_RCC_GetHCLKFreq
                0x000000000800667c       0x18 ./Drivers/STM32F4xx_HAL_Driver/Src/stm32f4xx_hal_rcc.o
                0x000000000800667c                HAL_RCC_GetHCLKFreq
 .text.HAL_RCC_GetPCLK1Freq
                0x0000000008006694       0x28 ./Drivers/STM32F4xx_HAL_Driver/Src/stm32f4xx_hal_rcc.o
                0x0000000008006694                HAL_RCC_GetPCLK1Freq
 .text.HAL_RCC_GetPCLK2Freq
                0x00000000080066bc       0x28 ./Drivers/STM32F4xx_HAL_Driver/Src/stm32f4xx_hal_rcc.o
                0x00000000080066bc                HAL_RCC_GetPCLK2Freq
 .text.HAL_SPI_Init
                0x00000000080066e4      0x112 ./Drivers/STM32F4xx_HAL_Driver/Src/stm32f4xx_hal_spi.o
                0x00000000080066e4                HAL_SPI_Init
 .text.HAL_SPI_Transmit
                0x00000000080067f6      0x278 ./Drivers/STM32F4xx_HAL_Driver/Src/stm32f4xx_hal_spi.o
                0x00000000080067f6                HAL_SPI_Transmit
 .text.HAL_SPI_Receive
                0x0000000008006a6e      0x222 ./Drivers/STM32F4xx_HAL_Driver/Src/stm32f4xx_hal_spi.o
                0x0000000008006a6e                HAL_SPI_Receive
 .text.HAL_SPI_TransmitReceive
                0x0000000008006c90      0x344 ./Drivers/STM32F4xx_HAL_Driver/Src/stm32f4xx_hal_spi.o
                0x0000000008006c90                HAL_SPI_TransmitReceive
 .text.SPI_WaitFlagStateUntilTimeout
                0x0000000008006fd4      0x110 ./Drivers/STM32F4xx_HAL_Driver/Src/stm32f4xx_hal_spi.o
 .text.SPI_EndRxTransaction
                0x00000000080070e4       0xca ./Drivers/STM32F4xx_HAL_Driver/Src/stm32f4xx_hal_spi.o
 *fill*         0x00000000080071ae        0x2 
 .text.SPI_EndRxTxTransaction
                0x00000000080071b0       0x84 ./Drivers/STM32F4xx_HAL_Driver/Src/stm32f4xx_hal_spi.o
 .text.HAL_SRAM_Init
                0x0000000008007234       0x88 ./Drivers/STM32F4xx_HAL_Driver/Src/stm32f4xx_hal_sram.o
                0x0000000008007234                HAL_SRAM_Init
 .text.HAL_TIM_Base_Init
                0x00000000080072bc       0x9e ./Drivers/STM32F4xx_HAL_Driver/Src/stm32f4xx_hal_tim.o
                0x00000000080072bc                HAL_TIM_Base_Init
 *fill*         0x000000000800735a        0x2 
 .text.HAL_TIM_Base_Start_IT
                0x000000000800735c       0xe0 ./Drivers/STM32F4xx_HAL_Driver/Src/stm32f4xx_hal_tim.o
                0x000000000800735c                HAL_TIM_Base_Start_IT
 .text.HAL_TIM_PWM_Init
                0x000000000800743c       0x9e ./Drivers/STM32F4xx_HAL_Driver/Src/stm32f4xx_hal_tim.o
                0x000000000800743c                HAL_TIM_PWM_Init
 .text.HAL_TIM_PWM_MspInit
                0x00000000080074da       0x14 ./Drivers/STM32F4xx_HAL_Driver/Src/stm32f4xx_hal_tim.o
                0x00000000080074da                HAL_TIM_PWM_MspInit
 *fill*         0x00000000080074ee        0x2 
 .text.HAL_TIM_PWM_Start
                0x00000000080074f0      0x190 ./Drivers/STM32F4xx_HAL_Driver/Src/stm32f4xx_hal_tim.o
                0x00000000080074f0                HAL_TIM_PWM_Start
 .text.HAL_TIM_IRQHandler
                0x0000000008007680      0x210 ./Drivers/STM32F4xx_HAL_Driver/Src/stm32f4xx_hal_tim.o
                0x0000000008007680                HAL_TIM_IRQHandler
 .text.HAL_TIM_PWM_ConfigChannel
                0x0000000008007890      0x184 ./Drivers/STM32F4xx_HAL_Driver/Src/stm32f4xx_hal_tim.o
                0x0000000008007890                HAL_TIM_PWM_ConfigChannel
 .text.HAL_TIM_ConfigClockSource
                0x0000000008007a14      0x18e ./Drivers/STM32F4xx_HAL_Driver/Src/stm32f4xx_hal_tim.o
                0x0000000008007a14                HAL_TIM_ConfigClockSource
 .text.HAL_TIM_OC_DelayElapsedCallback
                0x0000000008007ba2       0x14 ./Drivers/STM32F4xx_HAL_Driver/Src/stm32f4xx_hal_tim.o
                0x0000000008007ba2                HAL_TIM_OC_DelayElapsedCallback
 .text.HAL_TIM_IC_CaptureCallback
                0x0000000008007bb6       0x14 ./Drivers/STM32F4xx_HAL_Driver/Src/stm32f4xx_hal_tim.o
                0x0000000008007bb6                HAL_TIM_IC_CaptureCallback
 .text.HAL_TIM_PWM_PulseFinishedCallback
                0x0000000008007bca       0x14 ./Drivers/STM32F4xx_HAL_Driver/Src/stm32f4xx_hal_tim.o
                0x0000000008007bca                HAL_TIM_PWM_PulseFinishedCallback
 .text.HAL_TIM_TriggerCallback
                0x0000000008007bde       0x14 ./Drivers/STM32F4xx_HAL_Driver/Src/stm32f4xx_hal_tim.o
                0x0000000008007bde                HAL_TIM_TriggerCallback
 *fill*         0x0000000008007bf2        0x2 
 .text.TIM_Base_SetConfig
                0x0000000008007bf4      0x140 ./Drivers/STM32F4xx_HAL_Driver/Src/stm32f4xx_hal_tim.o
                0x0000000008007bf4                TIM_Base_SetConfig
 .text.TIM_OC1_SetConfig
                0x0000000008007d34       0xe0 ./Drivers/STM32F4xx_HAL_Driver/Src/stm32f4xx_hal_tim.o
 .text.TIM_OC2_SetConfig
                0x0000000008007e14       0xec ./Drivers/STM32F4xx_HAL_Driver/Src/stm32f4xx_hal_tim.o
                0x0000000008007e14                TIM_OC2_SetConfig
 .text.TIM_OC3_SetConfig
                0x0000000008007f00       0xe8 ./Drivers/STM32F4xx_HAL_Driver/Src/stm32f4xx_hal_tim.o
 .text.TIM_OC4_SetConfig
                0x0000000008007fe8       0xac ./Drivers/STM32F4xx_HAL_Driver/Src/stm32f4xx_hal_tim.o
 .text.TIM_TI1_ConfigInputStage
                0x0000000008008094       0x5e ./Drivers/STM32F4xx_HAL_Driver/Src/stm32f4xx_hal_tim.o
 .text.TIM_TI2_ConfigInputStage
                0x00000000080080f2       0x60 ./Drivers/STM32F4xx_HAL_Driver/Src/stm32f4xx_hal_tim.o
 .text.TIM_ITRx_SetConfig
                0x0000000008008152       0x36 ./Drivers/STM32F4xx_HAL_Driver/Src/stm32f4xx_hal_tim.o
 .text.TIM_ETR_SetConfig
                0x0000000008008188       0x40 ./Drivers/STM32F4xx_HAL_Driver/Src/stm32f4xx_hal_tim.o
                0x0000000008008188                TIM_ETR_SetConfig
 .text.TIM_CCxChannelCmd
                0x00000000080081c8       0x4a ./Drivers/STM32F4xx_HAL_Driver/Src/stm32f4xx_hal_tim.o
                0x00000000080081c8                TIM_CCxChannelCmd
 *fill*         0x0000000008008212        0x2 
 .text.HAL_TIMEx_MasterConfigSynchronization
                0x0000000008008214       0xf8 ./Drivers/STM32F4xx_HAL_Driver/Src/stm32f4xx_hal_tim_ex.o
                0x0000000008008214                HAL_TIMEx_MasterConfigSynchronization
 .text.HAL_TIMEx_CommutCallback
                0x000000000800830c       0x14 ./Drivers/STM32F4xx_HAL_Driver/Src/stm32f4xx_hal_tim_ex.o
                0x000000000800830c                HAL_TIMEx_CommutCallback
 .text.HAL_TIMEx_BreakCallback
                0x0000000008008320       0x14 ./Drivers/STM32F4xx_HAL_Driver/Src/stm32f4xx_hal_tim_ex.o
                0x0000000008008320                HAL_TIMEx_BreakCallback
 .text.HAL_UART_Init
                0x0000000008008334       0x9a ./Drivers/STM32F4xx_HAL_Driver/Src/stm32f4xx_hal_uart.o
                0x0000000008008334                HAL_UART_Init
 .text.HAL_UART_Transmit
                0x00000000080083ce      0x124 ./Drivers/STM32F4xx_HAL_Driver/Src/stm32f4xx_hal_uart.o
                0x00000000080083ce                HAL_UART_Transmit
 .text.HAL_UART_Receive_IT
                0x00000000080084f2       0x60 ./Drivers/STM32F4xx_HAL_Driver/Src/stm32f4xx_hal_uart.o
                0x00000000080084f2                HAL_UART_Receive_IT
 *fill*         0x0000000008008552        0x2 
 .text.HAL_UART_IRQHandler
                0x0000000008008554      0x51c ./Drivers/STM32F4xx_HAL_Driver/Src/stm32f4xx_hal_uart.o
                0x0000000008008554                HAL_UART_IRQHandler
 .text.HAL_UART_TxCpltCallback
                0x0000000008008a70       0x14 ./Drivers/STM32F4xx_HAL_Driver/Src/stm32f4xx_hal_uart.o
                0x0000000008008a70                HAL_UART_TxCpltCallback
 .text.HAL_UART_ErrorCallback
                0x0000000008008a84       0x14 ./Drivers/STM32F4xx_HAL_Driver/Src/stm32f4xx_hal_uart.o
                0x0000000008008a84                HAL_UART_ErrorCallback
 .text.HAL_UARTEx_RxEventCallback
                0x0000000008008a98       0x18 ./Drivers/STM32F4xx_HAL_Driver/Src/stm32f4xx_hal_uart.o
                0x0000000008008a98                HAL_UARTEx_RxEventCallback
 .text.UART_WaitOnFlagUntilTimeout
                0x0000000008008ab0       0xdc ./Drivers/STM32F4xx_HAL_Driver/Src/stm32f4xx_hal_uart.o
 .text.UART_Start_Receive_IT
                0x0000000008008b8c       0x74 ./Drivers/STM32F4xx_HAL_Driver/Src/stm32f4xx_hal_uart.o
                0x0000000008008b8c                UART_Start_Receive_IT
 .text.UART_EndRxTransfer
                0x0000000008008c00       0xc6 ./Drivers/STM32F4xx_HAL_Driver/Src/stm32f4xx_hal_uart.o
 .text.UART_DMAAbortOnError
                0x0000000008008cc6       0x28 ./Drivers/STM32F4xx_HAL_Driver/Src/stm32f4xx_hal_uart.o
 .text.UART_Transmit_IT
                0x0000000008008cee       0xa0 ./Drivers/STM32F4xx_HAL_Driver/Src/stm32f4xx_hal_uart.o
 .text.UART_EndTransmit_IT
                0x0000000008008d8e       0x30 ./Drivers/STM32F4xx_HAL_Driver/Src/stm32f4xx_hal_uart.o
 .text.UART_Receive_IT
                0x0000000008008dbe      0x176 ./Drivers/STM32F4xx_HAL_Driver/Src/stm32f4xx_hal_uart.o
 .text.UART_SetConfig
                0x0000000008008f34      0x390 ./Drivers/STM32F4xx_HAL_Driver/Src/stm32f4xx_hal_uart.o
 .text.FSMC_NORSRAM_Init
                0x00000000080092c4       0xa4 ./Drivers/STM32F4xx_HAL_Driver/Src/stm32f4xx_ll_fsmc.o
                0x00000000080092c4                FSMC_NORSRAM_Init
 .text.FSMC_NORSRAM_Timing_Init
                0x0000000008009368       0x7a ./Drivers/STM32F4xx_HAL_Driver/Src/stm32f4xx_ll_fsmc.o
                0x0000000008009368                FSMC_NORSRAM_Timing_Init
 *fill*         0x00000000080093e2        0x2 
 .text.FSMC_NORSRAM_Extended_Timing_Init
                0x00000000080093e4       0x80 ./Drivers/STM32F4xx_HAL_Driver/Src/stm32f4xx_ll_fsmc.o
                0x00000000080093e4                FSMC_NORSRAM_Extended_Timing_Init
 .text.__errno  0x0000000008009464        0xc d:/software/st/stm32cubeide_1.7.0/stm32cubeide/plugins/com.st.stm32cube.ide.mcu.externaltools.gnu-tools-for-stm32.9-2020-q2-update.win32_2.0.0.202105311346/tools/bin/../lib/gcc/arm-none-eabi/9.3.1/../../../../arm-none-eabi/lib/thumb/v7e-m+fp/hard\libc_nano.a(lib_a-errno.o)
                0x0000000008009464                __errno
 .text.__libc_init_array
                0x0000000008009470       0x48 d:/software/st/stm32cubeide_1.7.0/stm32cubeide/plugins/com.st.stm32cube.ide.mcu.externaltools.gnu-tools-for-stm32.9-2020-q2-update.win32_2.0.0.202105311346/tools/bin/../lib/gcc/arm-none-eabi/9.3.1/../../../../arm-none-eabi/lib/thumb/v7e-m+fp/hard\libc_nano.a(lib_a-init.o)
                0x0000000008009470                __libc_init_array
 .text.memset   0x00000000080094b8       0x10 d:/software/st/stm32cubeide_1.7.0/stm32cubeide/plugins/com.st.stm32cube.ide.mcu.externaltools.gnu-tools-for-stm32.9-2020-q2-update.win32_2.0.0.202105311346/tools/bin/../lib/gcc/arm-none-eabi/9.3.1/../../../../arm-none-eabi/lib/thumb/v7e-m+fp/hard\libc_nano.a(lib_a-memset.o)
                0x00000000080094b8                memset
 .text.sprintf  0x00000000080094c8       0x40 d:/software/st/stm32cubeide_1.7.0/stm32cubeide/plugins/com.st.stm32cube.ide.mcu.externaltools.gnu-tools-for-stm32.9-2020-q2-update.win32_2.0.0.202105311346/tools/bin/../lib/gcc/arm-none-eabi/9.3.1/../../../../arm-none-eabi/lib/thumb/v7e-m+fp/hard\libc_nano.a(lib_a-sprintf.o)
                0x00000000080094c8                siprintf
                0x00000000080094c8                sprintf
 .text.__ssputs_r
                0x0000000008009508       0xb6 d:/software/st/stm32cubeide_1.7.0/stm32cubeide/plugins/com.st.stm32cube.ide.mcu.externaltools.gnu-tools-for-stm32.9-2020-q2-update.win32_2.0.0.202105311346/tools/bin/../lib/gcc/arm-none-eabi/9.3.1/../../../../arm-none-eabi/lib/thumb/v7e-m+fp/hard\libc_nano.a(lib_a-nano-svfprintf.o)
                0x0000000008009508                __ssputs_r
 *fill*         0x00000000080095be        0x2 
 .text._svfprintf_r
                0x00000000080095c0      0x200 d:/software/st/stm32cubeide_1.7.0/stm32cubeide/plugins/com.st.stm32cube.ide.mcu.externaltools.gnu-tools-for-stm32.9-2020-q2-update.win32_2.0.0.202105311346/tools/bin/../lib/gcc/arm-none-eabi/9.3.1/../../../../arm-none-eabi/lib/thumb/v7e-m+fp/hard\libc_nano.a(lib_a-nano-svfprintf.o)
                0x00000000080095c0                _svfiprintf_r
                0x00000000080095c0                _svfprintf_r
 .text._printf_common
                0x00000000080097c0       0xda d:/software/st/stm32cubeide_1.7.0/stm32cubeide/plugins/com.st.stm32cube.ide.mcu.externaltools.gnu-tools-for-stm32.9-2020-q2-update.win32_2.0.0.202105311346/tools/bin/../lib/gcc/arm-none-eabi/9.3.1/../../../../arm-none-eabi/lib/thumb/v7e-m+fp/hard\libc_nano.a(lib_a-nano-vfprintf_i.o)
                0x00000000080097c0                _printf_common
 *fill*         0x000000000800989a        0x2 
 .text._printf_i
                0x000000000800989c      0x24c d:/software/st/stm32cubeide_1.7.0/stm32cubeide/plugins/com.st.stm32cube.ide.mcu.externaltools.gnu-tools-for-stm32.9-2020-q2-update.win32_2.0.0.202105311346/tools/bin/../lib/gcc/arm-none-eabi/9.3.1/../../../../arm-none-eabi/lib/thumb/v7e-m+fp/hard\libc_nano.a(lib_a-nano-vfprintf_i.o)
                0x000000000800989c                _printf_i
 .text.memcpy   0x0000000008009ae8       0x1c d:/software/st/stm32cubeide_1.7.0/stm32cubeide/plugins/com.st.stm32cube.ide.mcu.externaltools.gnu-tools-for-stm32.9-2020-q2-update.win32_2.0.0.202105311346/tools/bin/../lib/gcc/arm-none-eabi/9.3.1/../../../../arm-none-eabi/lib/thumb/v7e-m+fp/hard\libc_nano.a(lib_a-memcpy-stub.o)
                0x0000000008009ae8                memcpy
 .text.memmove  0x0000000008009b04       0x34 d:/software/st/stm32cubeide_1.7.0/stm32cubeide/plugins/com.st.stm32cube.ide.mcu.externaltools.gnu-tools-for-stm32.9-2020-q2-update.win32_2.0.0.202105311346/tools/bin/../lib/gcc/arm-none-eabi/9.3.1/../../../../arm-none-eabi/lib/thumb/v7e-m+fp/hard\libc_nano.a(lib_a-memmove.o)
                0x0000000008009b04                memmove
 .text._free_r  0x0000000008009b38       0xa0 d:/software/st/stm32cubeide_1.7.0/stm32cubeide/plugins/com.st.stm32cube.ide.mcu.externaltools.gnu-tools-for-stm32.9-2020-q2-update.win32_2.0.0.202105311346/tools/bin/../lib/gcc/arm-none-eabi/9.3.1/../../../../arm-none-eabi/lib/thumb/v7e-m+fp/hard\libc_nano.a(lib_a-nano-freer.o)
                0x0000000008009b38                _free_r
 .text._malloc_r
                0x0000000008009bd8       0xb4 d:/software/st/stm32cubeide_1.7.0/stm32cubeide/plugins/com.st.stm32cube.ide.mcu.externaltools.gnu-tools-for-stm32.9-2020-q2-update.win32_2.0.0.202105311346/tools/bin/../lib/gcc/arm-none-eabi/9.3.1/../../../../arm-none-eabi/lib/thumb/v7e-m+fp/hard\libc_nano.a(lib_a-nano-mallocr.o)
                0x0000000008009bd8                _malloc_r
 .text._realloc_r
                0x0000000008009c8c       0x4c d:/software/st/stm32cubeide_1.7.0/stm32cubeide/plugins/com.st.stm32cube.ide.mcu.externaltools.gnu-tools-for-stm32.9-2020-q2-update.win32_2.0.0.202105311346/tools/bin/../lib/gcc/arm-none-eabi/9.3.1/../../../../arm-none-eabi/lib/thumb/v7e-m+fp/hard\libc_nano.a(lib_a-nano-reallocr.o)
                0x0000000008009c8c                _realloc_r
 .text._sbrk_r  0x0000000008009cd8       0x20 d:/software/st/stm32cubeide_1.7.0/stm32cubeide/plugins/com.st.stm32cube.ide.mcu.externaltools.gnu-tools-for-stm32.9-2020-q2-update.win32_2.0.0.202105311346/tools/bin/../lib/gcc/arm-none-eabi/9.3.1/../../../../arm-none-eabi/lib/thumb/v7e-m+fp/hard\libc_nano.a(lib_a-sbrkr.o)
                0x0000000008009cd8                _sbrk_r
 .text.__malloc_lock
                0x0000000008009cf8        0xc d:/software/st/stm32cubeide_1.7.0/stm32cubeide/plugins/com.st.stm32cube.ide.mcu.externaltools.gnu-tools-for-stm32.9-2020-q2-update.win32_2.0.0.202105311346/tools/bin/../lib/gcc/arm-none-eabi/9.3.1/../../../../arm-none-eabi/lib/thumb/v7e-m+fp/hard\libc_nano.a(lib_a-mlock.o)
                0x0000000008009cf8                __malloc_lock
 .text.__malloc_unlock
                0x0000000008009d04        0xc d:/software/st/stm32cubeide_1.7.0/stm32cubeide/plugins/com.st.stm32cube.ide.mcu.externaltools.gnu-tools-for-stm32.9-2020-q2-update.win32_2.0.0.202105311346/tools/bin/../lib/gcc/arm-none-eabi/9.3.1/../../../../arm-none-eabi/lib/thumb/v7e-m+fp/hard\libc_nano.a(lib_a-mlock.o)
                0x0000000008009d04                __malloc_unlock
 .text._malloc_usable_size_r
                0x0000000008009d10       0x10 d:/software/st/stm32cubeide_1.7.0/stm32cubeide/plugins/com.st.stm32cube.ide.mcu.externaltools.gnu-tools-for-stm32.9-2020-q2-update.win32_2.0.0.202105311346/tools/bin/../lib/gcc/arm-none-eabi/9.3.1/../../../../arm-none-eabi/lib/thumb/v7e-m+fp/hard\libc_nano.a(lib_a-nano-msizer.o)
                0x0000000008009d10                _malloc_usable_size_r
 .text.__retarget_lock_acquire_recursive
                0x0000000008009d20        0x2 d:/software/st/stm32cubeide_1.7.0/stm32cubeide/plugins/com.st.stm32cube.ide.mcu.externaltools.gnu-tools-for-stm32.9-2020-q2-update.win32_2.0.0.202105311346/tools/bin/../lib/gcc/arm-none-eabi/9.3.1/../../../../arm-none-eabi/lib/thumb/v7e-m+fp/hard\libc_nano.a(lib_a-lock.o)
                0x0000000008009d20                __retarget_lock_acquire_recursive
 .text.__retarget_lock_release_recursive
                0x0000000008009d22        0x2 d:/software/st/stm32cubeide_1.7.0/stm32cubeide/plugins/com.st.stm32cube.ide.mcu.externaltools.gnu-tools-for-stm32.9-2020-q2-update.win32_2.0.0.202105311346/tools/bin/../lib/gcc/arm-none-eabi/9.3.1/../../../../arm-none-eabi/lib/thumb/v7e-m+fp/hard\libc_nano.a(lib_a-lock.o)
                0x0000000008009d22                __retarget_lock_release_recursive
 *(.glue_7)
 .glue_7        0x0000000008009d24        0x0 linker stubs
 *(.glue_7t)
 .glue_7t       0x0000000008009d24        0x0 linker stubs
 *(.eh_frame)
 .eh_frame      0x0000000008009d24        0x0 d:/software/st/stm32cubeide_1.7.0/stm32cubeide/plugins/com.st.stm32cube.ide.mcu.externaltools.gnu-tools-for-stm32.9-2020-q2-update.win32_2.0.0.202105311346/tools/bin/../lib/gcc/arm-none-eabi/9.3.1/thumb/v7e-m+fp/hard/crtbegin.o
 *(.init)
 .init          0x0000000008009d24        0x4 d:/software/st/stm32cubeide_1.7.0/stm32cubeide/plugins/com.st.stm32cube.ide.mcu.externaltools.gnu-tools-for-stm32.9-2020-q2-update.win32_2.0.0.202105311346/tools/bin/../lib/gcc/arm-none-eabi/9.3.1/thumb/v7e-m+fp/hard/crti.o
                0x0000000008009d24                _init
 .init          0x0000000008009d28        0x8 d:/software/st/stm32cubeide_1.7.0/stm32cubeide/plugins/com.st.stm32cube.ide.mcu.externaltools.gnu-tools-for-stm32.9-2020-q2-update.win32_2.0.0.202105311346/tools/bin/../lib/gcc/arm-none-eabi/9.3.1/thumb/v7e-m+fp/hard/crtn.o
 *(.fini)
 .fini          0x0000000008009d30        0x4 d:/software/st/stm32cubeide_1.7.0/stm32cubeide/plugins/com.st.stm32cube.ide.mcu.externaltools.gnu-tools-for-stm32.9-2020-q2-update.win32_2.0.0.202105311346/tools/bin/../lib/gcc/arm-none-eabi/9.3.1/thumb/v7e-m+fp/hard/crti.o
                0x0000000008009d30                _fini
 .fini          0x0000000008009d34        0x8 d:/software/st/stm32cubeide_1.7.0/stm32cubeide/plugins/com.st.stm32cube.ide.mcu.externaltools.gnu-tools-for-stm32.9-2020-q2-update.win32_2.0.0.202105311346/tools/bin/../lib/gcc/arm-none-eabi/9.3.1/thumb/v7e-m+fp/hard/crtn.o
                0x0000000008009d3c                . = ALIGN (0x4)
                0x0000000008009d3c                _etext = .

.vfp11_veneer   0x0000000008009d3c        0x0
 .vfp11_veneer  0x0000000008009d3c        0x0 linker stubs

.v4_bx          0x0000000008009d3c        0x0
 .v4_bx         0x0000000008009d3c        0x0 linker stubs

.iplt           0x0000000008009d3c        0x0
 .iplt          0x0000000008009d3c        0x0 d:/software/st/stm32cubeide_1.7.0/stm32cubeide/plugins/com.st.stm32cube.ide.mcu.externaltools.gnu-tools-for-stm32.9-2020-q2-update.win32_2.0.0.202105311346/tools/bin/../lib/gcc/arm-none-eabi/9.3.1/thumb/v7e-m+fp/hard/crtbegin.o

.rodata         0x0000000008009d3c     0x313c
                0x0000000008009d3c                . = ALIGN (0x4)
 *(.rodata)
 .rodata        0x0000000008009d3c      0x141 ./Core/Src/main.o
 *fill*         0x0000000008009e7d        0x3 
 .rodata        0x0000000008009e80       0x24 ./Core/Src/uart.o
 *(.rodata*)
 .rodata.ascii_1608
                0x0000000008009ea4      0x5f0 ./Core/Src/lcd.o
                0x0000000008009ea4                ascii_1608
 .rodata.ascii_2412
                0x000000000800a494     0x11d0 ./Core/Src/lcd.o
                0x000000000800a494                ascii_2412
 .rodata.ascii_3216
                0x000000000800b664     0x17c0 ./Core/Src/lcd.o
                0x000000000800b664                ascii_3216
 .rodata.AHBPrescTable
                0x000000000800ce24       0x10 ./Core/Src/system_stm32f4xx.o
                0x000000000800ce24                AHBPrescTable
 .rodata.APBPrescTable
                0x000000000800ce34        0x8 ./Core/Src/system_stm32f4xx.o
                0x000000000800ce34                APBPrescTable
 .rodata.flagBitshiftOffset.9376
                0x000000000800ce3c        0x8 ./Drivers/STM32F4xx_HAL_Driver/Src/stm32f4xx_hal_dma.o
 .rodata._svfprintf_r.str1.1
                0x000000000800ce44       0x11 d:/software/st/stm32cubeide_1.7.0/stm32cubeide/plugins/com.st.stm32cube.ide.mcu.externaltools.gnu-tools-for-stm32.9-2020-q2-update.win32_2.0.0.202105311346/tools/bin/../lib/gcc/arm-none-eabi/9.3.1/../../../../arm-none-eabi/lib/thumb/v7e-m+fp/hard\libc_nano.a(lib_a-nano-svfprintf.o)
 .rodata._printf_i.str1.1
                0x000000000800ce55       0x22 d:/software/st/stm32cubeide_1.7.0/stm32cubeide/plugins/com.st.stm32cube.ide.mcu.externaltools.gnu-tools-for-stm32.9-2020-q2-update.win32_2.0.0.202105311346/tools/bin/../lib/gcc/arm-none-eabi/9.3.1/../../../../arm-none-eabi/lib/thumb/v7e-m+fp/hard\libc_nano.a(lib_a-nano-vfprintf_i.o)
                0x000000000800ce78                . = ALIGN (0x4)
 *fill*         0x000000000800ce77        0x1 

.ARM.extab      0x000000000800ce78        0x0
                0x000000000800ce78                . = ALIGN (0x4)
 *(.ARM.extab* .gnu.linkonce.armextab.*)
                0x000000000800ce78                . = ALIGN (0x4)

.ARM            0x000000000800ce78        0x8
                0x000000000800ce78                . = ALIGN (0x4)
                0x000000000800ce78                __exidx_start = .
 *(.ARM.exidx*)
 .ARM.exidx     0x000000000800ce78        0x8 d:/software/st/stm32cubeide_1.7.0/stm32cubeide/plugins/com.st.stm32cube.ide.mcu.externaltools.gnu-tools-for-stm32.9-2020-q2-update.win32_2.0.0.202105311346/tools/bin/../lib/gcc/arm-none-eabi/9.3.1/thumb/v7e-m+fp/hard\libgcc.a(_udivmoddi4.o)
                0x000000000800ce80                __exidx_end = .
                0x000000000800ce80                . = ALIGN (0x4)

.rel.dyn        0x000000000800ce80        0x0
 .rel.iplt      0x000000000800ce80        0x0 d:/software/st/stm32cubeide_1.7.0/stm32cubeide/plugins/com.st.stm32cube.ide.mcu.externaltools.gnu-tools-for-stm32.9-2020-q2-update.win32_2.0.0.202105311346/tools/bin/../lib/gcc/arm-none-eabi/9.3.1/thumb/v7e-m+fp/hard/crtbegin.o

.preinit_array  0x000000000800ce80        0x0
                0x000000000800ce80                . = ALIGN (0x4)
                0x000000000800ce80                PROVIDE (__preinit_array_start = .)
 *(.preinit_array*)
                0x000000000800ce80                PROVIDE (__preinit_array_end = .)
                0x000000000800ce80                . = ALIGN (0x4)

.init_array     0x000000000800ce80        0x4
                0x000000000800ce80                . = ALIGN (0x4)
                0x000000000800ce80                PROVIDE (__init_array_start = .)
 *(SORT_BY_NAME(.init_array.*))
 *(.init_array*)
 .init_array    0x000000000800ce80        0x4 d:/software/st/stm32cubeide_1.7.0/stm32cubeide/plugins/com.st.stm32cube.ide.mcu.externaltools.gnu-tools-for-stm32.9-2020-q2-update.win32_2.0.0.202105311346/tools/bin/../lib/gcc/arm-none-eabi/9.3.1/thumb/v7e-m+fp/hard/crtbegin.o
                0x000000000800ce84                PROVIDE (__init_array_end = .)
                0x000000000800ce84                . = ALIGN (0x4)

.fini_array     0x000000000800ce84        0x4
                0x000000000800ce84                . = ALIGN (0x4)
                [!provide]                        PROVIDE (__fini_array_start = .)
 *(SORT_BY_NAME(.fini_array.*))
 *(.fini_array*)
 .fini_array    0x000000000800ce84        0x4 d:/software/st/stm32cubeide_1.7.0/stm32cubeide/plugins/com.st.stm32cube.ide.mcu.externaltools.gnu-tools-for-stm32.9-2020-q2-update.win32_2.0.0.202105311346/tools/bin/../lib/gcc/arm-none-eabi/9.3.1/thumb/v7e-m+fp/hard/crtbegin.o
                [!provide]                        PROVIDE (__fini_array_end = .)
                0x000000000800ce88                . = ALIGN (0x4)
                0x000000000800ce88                _sidata = LOADADDR (.data)

.data           0x0000000020000000       0x80 load address 0x000000000800ce88
                0x0000000020000000                . = ALIGN (0x4)
                0x0000000020000000                _sdata = .
 *(.data)
 *(.data*)
 .data.led7seg  0x0000000020000000        0x4 ./Core/Src/led_7seg.o
                0x0000000020000000                led7seg
 .data.arrayOfNum
                0x0000000020000004        0xa ./Core/Src/led_7seg.o
                0x0000000020000004                arrayOfNum
 .data.spi_buffer
                0x000000002000000e        0x2 ./Core/Src/led_7seg.o
                0x000000002000000e                spi_buffer
 .data.SystemCoreClock
                0x0000000020000010        0x4 ./Core/Src/system_stm32f4xx.o
                0x0000000020000010                SystemCoreClock
 .data.uwTickPrio
                0x0000000020000014        0x4 ./Drivers/STM32F4xx_HAL_Driver/Src/stm32f4xx_hal.o
                0x0000000020000014                uwTickPrio
 .data.uwTickFreq
                0x0000000020000018        0x1 ./Drivers/STM32F4xx_HAL_Driver/Src/stm32f4xx_hal.o
                0x0000000020000018                uwTickFreq
 *fill*         0x0000000020000019        0x3 
 .data._impure_ptr
                0x000000002000001c        0x4 d:/software/st/stm32cubeide_1.7.0/stm32cubeide/plugins/com.st.stm32cube.ide.mcu.externaltools.gnu-tools-for-stm32.9-2020-q2-update.win32_2.0.0.202105311346/tools/bin/../lib/gcc/arm-none-eabi/9.3.1/../../../../arm-none-eabi/lib/thumb/v7e-m+fp/hard\libc_nano.a(lib_a-impure.o)
                0x000000002000001c                _impure_ptr
 .data.impure_data
                0x0000000020000020       0x60 d:/software/st/stm32cubeide_1.7.0/stm32cubeide/plugins/com.st.stm32cube.ide.mcu.externaltools.gnu-tools-for-stm32.9-2020-q2-update.win32_2.0.0.202105311346/tools/bin/../lib/gcc/arm-none-eabi/9.3.1/../../../../arm-none-eabi/lib/thumb/v7e-m+fp/hard\libc_nano.a(lib_a-impure.o)
 *(.RamFunc)
 *(.RamFunc*)
                0x0000000020000080                . = ALIGN (0x4)
                0x0000000020000080                _edata = .
                0x000000000800cf08                _siccmram = LOADADDR (.ccmram)

.igot.plt       0x0000000020000080        0x0 load address 0x000000000800cf08
 .igot.plt      0x0000000020000080        0x0 d:/software/st/stm32cubeide_1.7.0/stm32cubeide/plugins/com.st.stm32cube.ide.mcu.externaltools.gnu-tools-for-stm32.9-2020-q2-update.win32_2.0.0.202105311346/tools/bin/../lib/gcc/arm-none-eabi/9.3.1/thumb/v7e-m+fp/hard/crtbegin.o

.ccmram         0x0000000010000000        0x0 load address 0x000000000800cf08
                0x0000000010000000                . = ALIGN (0x4)
                0x0000000010000000                _sccmram = .
 *(.ccmram)
 *(.ccmram*)
                0x0000000010000000                . = ALIGN (0x4)
                0x0000000010000000                _eccmram = .
                0x0000000010000000                . = ALIGN (0x4)

.bss            0x0000000020000080      0x46c
                0x0000000020000080                _sbss = .
                0x0000000020000080                __bss_start__ = _sbss
 *(.bss)
 .bss           0x0000000020000080       0x1c d:/software/st/stm32cubeide_1.7.0/stm32cubeide/plugins/com.st.stm32cube.ide.mcu.externaltools.gnu-tools-for-stm32.9-2020-q2-update.win32_2.0.0.202105311346/tools/bin/../lib/gcc/arm-none-eabi/9.3.1/thumb/v7e-m+fp/hard/crtbegin.o
 *(.bss*)
 .bss.spi_button
                0x000000002000009c        0x2 ./Core/Src/button.o
                0x000000002000009c                spi_button
 .bss.duty_cycle
                0x000000002000009e        0x1 ./Core/Src/buzzer.o
                0x000000002000009e                duty_cycle
 *fill*         0x000000002000009f        0x1 
 .bss.led7_index
                0x00000000200000a0        0x2 ./Core/Src/led_7seg.o
                0x00000000200000a0                led7_index
 .bss.count_led_debug
                0x00000000200000a2        0x1 ./Core/Src/main.o
                0x00000000200000a2                count_led_debug
 .bss.count_adc
                0x00000000200000a3        0x1 ./Core/Src/main.o
                0x00000000200000a3                count_adc
 .bss.sample_index
                0x00000000200000a4        0x1 ./Core/Src/main.o
                0x00000000200000a4                sample_index
 .bss.total_samples
                0x00000000200000a5        0x1 ./Core/Src/main.o
                0x00000000200000a5                total_samples
 .bss.buzzer_state.11224
                0x00000000200000a6        0x1 ./Core/Src/main.o
 *fill*         0x00000000200000a7        0x1 
 .bss.flag_timer2
                0x00000000200000a8        0x2 ./Core/Src/software_timer.o
                0x00000000200000a8                flag_timer2
 .bss.timer2_counter
                0x00000000200000aa        0x2 ./Core/Src/software_timer.o
                0x00000000200000aa                timer2_counter
 .bss.timer2_MUL
                0x00000000200000ac        0x2 ./Core/Src/software_timer.o
                0x00000000200000ac                timer2_MUL
 .bss.timer3_flag
                0x00000000200000ae        0x2 ./Core/Src/software_timer.o
                0x00000000200000ae                timer3_flag
 .bss.timer3_counter
                0x00000000200000b0        0x2 ./Core/Src/software_timer.o
                0x00000000200000b0                timer3_counter
 .bss.timer3_MUL
                0x00000000200000b2        0x2 ./Core/Src/software_timer.o
                0x00000000200000b2                timer3_MUL
 .bss.timer4_flag
                0x00000000200000b4        0x2 ./Core/Src/software_timer.o
                0x00000000200000b4                timer4_flag
 .bss.timer4_counter
                0x00000000200000b6        0x2 ./Core/Src/software_timer.o
                0x00000000200000b6                timer4_counter
 .bss.timer4_MUL
                0x00000000200000b8        0x2 ./Core/Src/software_timer.o
                0x00000000200000b8                timer4_MUL
 *fill*         0x00000000200000ba        0x2 
 .bss.FSMC_Initialized
                0x00000000200000bc        0x4 ./Core/Src/stm32f4xx_hal_msp.o
 .bss.__sbrk_heap_end
                0x00000000200000c0        0x4 ./Core/Src/sysmem.o
 .bss.receive_buffer1
                0x00000000200000c4        0x1 ./Core/Src/uart.o
                0x00000000200000c4                receive_buffer1
 .bss.uart_flag
                0x00000000200000c5        0x1 ./Core/Src/uart.o
                0x00000000200000c5                uart_flag
 .bss.bf_head   0x00000000200000c6        0x1 ./Core/Src/uart.o
                0x00000000200000c6                bf_head
 .bss.bf_tail   0x00000000200000c7        0x1 ./Core/Src/uart.o
                0x00000000200000c7                bf_tail
 .bss.__malloc_free_list
                0x00000000200000c8        0x4 d:/software/st/stm32cubeide_1.7.0/stm32cubeide/plugins/com.st.stm32cube.ide.mcu.externaltools.gnu-tools-for-stm32.9-2020-q2-update.win32_2.0.0.202105311346/tools/bin/../lib/gcc/arm-none-eabi/9.3.1/../../../../arm-none-eabi/lib/thumb/v7e-m+fp/hard\libc_nano.a(lib_a-nano-mallocr.o)
                0x00000000200000c8                __malloc_free_list
 .bss.__malloc_sbrk_start
                0x00000000200000cc        0x4 d:/software/st/stm32cubeide_1.7.0/stm32cubeide/plugins/com.st.stm32cube.ide.mcu.externaltools.gnu-tools-for-stm32.9-2020-q2-update.win32_2.0.0.202105311346/tools/bin/../lib/gcc/arm-none-eabi/9.3.1/../../../../arm-none-eabi/lib/thumb/v7e-m+fp/hard\libc_nano.a(lib_a-nano-mallocr.o)
                0x00000000200000cc                __malloc_sbrk_start
 *(COMMON)
 COMMON         0x00000000200000d0       0x20 ./Core/Src/button.o
                0x00000000200000d0                button_count
 COMMON         0x00000000200000f0        0xf ./Core/Src/ds3231.o
                0x00000000200000f0                ds3231_sec
                0x00000000200000f1                ds3231_year
                0x00000000200000f2                ds3231_min
                0x00000000200000f3                ds3231_date
                0x00000000200000f4                ds3231_day
                0x00000000200000f5                ds3231_hours
                0x00000000200000f6                ds3231_month
                0x00000000200000f8                ds3231_buffer
 *fill*         0x00000000200000ff        0x1 
 COMMON         0x0000000020000100       0x3a ./Core/Src/lcd.o
                0x0000000020000100                lcddev
                0x0000000020000108                s
 *fill*         0x000000002000013a        0x2 
 COMMON         0x000000002000013c      0x2c8 ./Core/Src/main.o
                0x000000002000013c                power_samples
                0x000000002000018c                hi2c1
                0x00000000200001e0                hsram1
                0x0000000020000230                hadc1
                0x0000000020000278                htim13
                0x00000000200002c0                huart1
                0x0000000020000304                hdma_adc1
                0x0000000020000364                hspi1
                0x00000000200003bc                htim2
 COMMON         0x0000000020000404        0xa ./Core/Src/sensor.o
                0x0000000020000404                adc_receive
 *fill*         0x000000002000040e        0x2 
 COMMON         0x0000000020000410       0xc8 ./Core/Src/uart.o
                0x0000000020000410                msg
                0x0000000020000474                buffer
 COMMON         0x00000000200004d8        0x4 ./Drivers/STM32F4xx_HAL_Driver/Src/stm32f4xx_hal.o
                0x00000000200004d8                uwTick
 COMMON         0x00000000200004dc        0x4 d:/software/st/stm32cubeide_1.7.0/stm32cubeide/plugins/com.st.stm32cube.ide.mcu.externaltools.gnu-tools-for-stm32.9-2020-q2-update.win32_2.0.0.202105311346/tools/bin/../lib/gcc/arm-none-eabi/9.3.1/../../../../arm-none-eabi/lib/thumb/v7e-m+fp/hard\libc_nano.a(lib_a-reent.o)
                0x00000000200004dc                errno
 COMMON         0x00000000200004e0        0x9 d:/software/st/stm32cubeide_1.7.0/stm32cubeide/plugins/com.st.stm32cube.ide.mcu.externaltools.gnu-tools-for-stm32.9-2020-q2-update.win32_2.0.0.202105311346/tools/bin/../lib/gcc/arm-none-eabi/9.3.1/../../../../arm-none-eabi/lib/thumb/v7e-m+fp/hard\libc_nano.a(lib_a-lock.o)
                0x00000000200004e0                __lock___atexit_recursive_mutex
                0x00000000200004e1                __lock___arc4random_mutex
                0x00000000200004e2                __lock___env_recursive_mutex
                0x00000000200004e3                __lock___sinit_recursive_mutex
                0x00000000200004e4                __lock___malloc_recursive_mutex
                0x00000000200004e5                __lock___at_quick_exit_mutex
                0x00000000200004e6                __lock___dd_hash_mutex
                0x00000000200004e7                __lock___tz_mutex
                0x00000000200004e8                __lock___sfp_recursive_mutex
                0x00000000200004ec                . = ALIGN (0x4)
 *fill*         0x00000000200004e9        0x3 
                0x00000000200004ec                _ebss = .
                0x00000000200004ec                __bss_end__ = _ebss

._user_heap_stack
                0x00000000200004ec      0x604
                0x00000000200004f0                . = ALIGN (0x8)
 *fill*         0x00000000200004ec        0x4 
                [!provide]                        PROVIDE (end = .)
                0x00000000200004f0                PROVIDE (_end = .)
                0x00000000200006f0                . = (. + _Min_Heap_Size)
 *fill*         0x00000000200004f0      0x200 
                0x0000000020000af0                . = (. + _Min_Stack_Size)
 *fill*         0x00000000200006f0      0x400 
                0x0000000020000af0                . = ALIGN (0x8)

/DISCARD/
 libc.a(*)
 libm.a(*)
 libgcc.a(*)

.ARM.attributes
                0x0000000000000000       0x30
 *(.ARM.attributes)
 .ARM.attributes
                0x0000000000000000       0x1e d:/software/st/stm32cubeide_1.7.0/stm32cubeide/plugins/com.st.stm32cube.ide.mcu.externaltools.gnu-tools-for-stm32.9-2020-q2-update.win32_2.0.0.202105311346/tools/bin/../lib/gcc/arm-none-eabi/9.3.1/thumb/v7e-m+fp/hard/crti.o
 .ARM.attributes
                0x000000000000001e       0x34 d:/software/st/stm32cubeide_1.7.0/stm32cubeide/plugins/com.st.stm32cube.ide.mcu.externaltools.gnu-tools-for-stm32.9-2020-q2-update.win32_2.0.0.202105311346/tools/bin/../lib/gcc/arm-none-eabi/9.3.1/thumb/v7e-m+fp/hard/crtbegin.o
 .ARM.attributes
                0x0000000000000052       0x34 ./Core/Src/button.o
 .ARM.attributes
                0x0000000000000086       0x34 ./Core/Src/buzzer.o
 .ARM.attributes
                0x00000000000000ba       0x34 ./Core/Src/ds3231.o
 .ARM.attributes
                0x00000000000000ee       0x34 ./Core/Src/lcd.o
 .ARM.attributes
                0x0000000000000122       0x34 ./Core/Src/led_7seg.o
 .ARM.attributes
                0x0000000000000156       0x34 ./Core/Src/main.o
 .ARM.attributes
                0x000000000000018a       0x34 ./Core/Src/sensor.o
 .ARM.attributes
                0x00000000000001be       0x34 ./Core/Src/software_timer.o
 .ARM.attributes
                0x00000000000001f2       0x34 ./Core/Src/stm32f4xx_hal_msp.o
 .ARM.attributes
                0x0000000000000226       0x34 ./Core/Src/stm32f4xx_it.o
 .ARM.attributes
                0x000000000000025a       0x34 ./Core/Src/sysmem.o
 .ARM.attributes
                0x000000000000028e       0x34 ./Core/Src/system_stm32f4xx.o
 .ARM.attributes
                0x00000000000002c2       0x34 ./Core/Src/uart.o
 .ARM.attributes
                0x00000000000002f6       0x34 ./Core/Src/utils.o
 .ARM.attributes
                0x000000000000032a       0x21 ./Core/Startup/startup_stm32f407zgtx.o
 .ARM.attributes
                0x000000000000034b       0x34 ./Drivers/STM32F4xx_HAL_Driver/Src/stm32f4xx_hal.o
 .ARM.attributes
                0x000000000000037f       0x34 ./Drivers/STM32F4xx_HAL_Driver/Src/stm32f4xx_hal_adc.o
 .ARM.attributes
                0x00000000000003b3       0x34 ./Drivers/STM32F4xx_HAL_Driver/Src/stm32f4xx_hal_cortex.o
 .ARM.attributes
                0x00000000000003e7       0x34 ./Drivers/STM32F4xx_HAL_Driver/Src/stm32f4xx_hal_dma.o
 .ARM.attributes
                0x000000000000041b       0x34 ./Drivers/STM32F4xx_HAL_Driver/Src/stm32f4xx_hal_gpio.o
 .ARM.attributes
                0x000000000000044f       0x34 ./Drivers/STM32F4xx_HAL_Driver/Src/stm32f4xx_hal_i2c.o
 .ARM.attributes
                0x0000000000000483       0x34 ./Drivers/STM32F4xx_HAL_Driver/Src/stm32f4xx_hal_rcc.o
 .ARM.attributes
                0x00000000000004b7       0x34 ./Drivers/STM32F4xx_HAL_Driver/Src/stm32f4xx_hal_spi.o
 .ARM.attributes
                0x00000000000004eb       0x34 ./Drivers/STM32F4xx_HAL_Driver/Src/stm32f4xx_hal_sram.o
 .ARM.attributes
                0x000000000000051f       0x34 ./Drivers/STM32F4xx_HAL_Driver/Src/stm32f4xx_hal_tim.o
 .ARM.attributes
                0x0000000000000553       0x34 ./Drivers/STM32F4xx_HAL_Driver/Src/stm32f4xx_hal_tim_ex.o
 .ARM.attributes
                0x0000000000000587       0x34 ./Drivers/STM32F4xx_HAL_Driver/Src/stm32f4xx_hal_uart.o
 .ARM.attributes
                0x00000000000005bb       0x34 ./Drivers/STM32F4xx_HAL_Driver/Src/stm32f4xx_ll_fsmc.o
 .ARM.attributes
                0x00000000000005ef       0x34 d:/software/st/stm32cubeide_1.7.0/stm32cubeide/plugins/com.st.stm32cube.ide.mcu.externaltools.gnu-tools-for-stm32.9-2020-q2-update.win32_2.0.0.202105311346/tools/bin/../lib/gcc/arm-none-eabi/9.3.1/../../../../arm-none-eabi/lib/thumb/v7e-m+fp/hard\libc_nano.a(lib_a-errno.o)
 .ARM.attributes
                0x0000000000000623       0x32 d:/software/st/stm32cubeide_1.7.0/stm32cubeide/plugins/com.st.stm32cube.ide.mcu.externaltools.gnu-tools-for-stm32.9-2020-q2-update.win32_2.0.0.202105311346/tools/bin/../lib/gcc/arm-none-eabi/9.3.1/../../../../arm-none-eabi/lib/thumb/v7e-m+fp/hard\libc_nano.a(lib_a-impure.o)
 .ARM.attributes
                0x0000000000000655       0x34 d:/software/st/stm32cubeide_1.7.0/stm32cubeide/plugins/com.st.stm32cube.ide.mcu.externaltools.gnu-tools-for-stm32.9-2020-q2-update.win32_2.0.0.202105311346/tools/bin/../lib/gcc/arm-none-eabi/9.3.1/../../../../arm-none-eabi/lib/thumb/v7e-m+fp/hard\libc_nano.a(lib_a-init.o)
 .ARM.attributes
                0x0000000000000689       0x34 d:/software/st/stm32cubeide_1.7.0/stm32cubeide/plugins/com.st.stm32cube.ide.mcu.externaltools.gnu-tools-for-stm32.9-2020-q2-update.win32_2.0.0.202105311346/tools/bin/../lib/gcc/arm-none-eabi/9.3.1/../../../../arm-none-eabi/lib/thumb/v7e-m+fp/hard\libc_nano.a(lib_a-memset.o)
 .ARM.attributes
                0x00000000000006bd       0x34 d:/software/st/stm32cubeide_1.7.0/stm32cubeide/plugins/com.st.stm32cube.ide.mcu.externaltools.gnu-tools-for-stm32.9-2020-q2-update.win32_2.0.0.202105311346/tools/bin/../lib/gcc/arm-none-eabi/9.3.1/../../../../arm-none-eabi/lib/thumb/v7e-m+fp/hard\libc_nano.a(lib_a-sprintf.o)
 .ARM.attributes
                0x00000000000006f1       0x17 d:/software/st/stm32cubeide_1.7.0/stm32cubeide/plugins/com.st.stm32cube.ide.mcu.externaltools.gnu-tools-for-stm32.9-2020-q2-update.win32_2.0.0.202105311346/tools/bin/../lib/gcc/arm-none-eabi/9.3.1/../../../../arm-none-eabi/lib/thumb/v7e-m+fp/hard\libc_nano.a(lib_a-strlen.o)
 .ARM.attributes
                0x0000000000000708       0x34 d:/software/st/stm32cubeide_1.7.0/stm32cubeide/plugins/com.st.stm32cube.ide.mcu.externaltools.gnu-tools-for-stm32.9-2020-q2-update.win32_2.0.0.202105311346/tools/bin/../lib/gcc/arm-none-eabi/9.3.1/../../../../arm-none-eabi/lib/thumb/v7e-m+fp/hard\libc_nano.a(lib_a-nano-svfprintf.o)
 .ARM.attributes
                0x000000000000073c       0x34 d:/software/st/stm32cubeide_1.7.0/stm32cubeide/plugins/com.st.stm32cube.ide.mcu.externaltools.gnu-tools-for-stm32.9-2020-q2-update.win32_2.0.0.202105311346/tools/bin/../lib/gcc/arm-none-eabi/9.3.1/../../../../arm-none-eabi/lib/thumb/v7e-m+fp/hard\libc_nano.a(lib_a-nano-vfprintf_i.o)
 .ARM.attributes
                0x0000000000000770       0x1c d:/software/st/stm32cubeide_1.7.0/stm32cubeide/plugins/com.st.stm32cube.ide.mcu.externaltools.gnu-tools-for-stm32.9-2020-q2-update.win32_2.0.0.202105311346/tools/bin/../lib/gcc/arm-none-eabi/9.3.1/../../../../arm-none-eabi/lib/thumb/v7e-m+fp/hard\libc_nano.a(lib_a-memchr.o)
 .ARM.attributes
                0x000000000000078c       0x34 d:/software/st/stm32cubeide_1.7.0/stm32cubeide/plugins/com.st.stm32cube.ide.mcu.externaltools.gnu-tools-for-stm32.9-2020-q2-update.win32_2.0.0.202105311346/tools/bin/../lib/gcc/arm-none-eabi/9.3.1/../../../../arm-none-eabi/lib/thumb/v7e-m+fp/hard\libc_nano.a(lib_a-memcpy-stub.o)
 .ARM.attributes
                0x00000000000007c0       0x34 d:/software/st/stm32cubeide_1.7.0/stm32cubeide/plugins/com.st.stm32cube.ide.mcu.externaltools.gnu-tools-for-stm32.9-2020-q2-update.win32_2.0.0.202105311346/tools/bin/../lib/gcc/arm-none-eabi/9.3.1/../../../../arm-none-eabi/lib/thumb/v7e-m+fp/hard\libc_nano.a(lib_a-memmove.o)
 .ARM.attributes
                0x00000000000007f4       0x34 d:/software/st/stm32cubeide_1.7.0/stm32cubeide/plugins/com.st.stm32cube.ide.mcu.externaltools.gnu-tools-for-stm32.9-2020-q2-update.win32_2.0.0.202105311346/tools/bin/../lib/gcc/arm-none-eabi/9.3.1/../../../../arm-none-eabi/lib/thumb/v7e-m+fp/hard\libc_nano.a(lib_a-nano-freer.o)
 .ARM.attributes
                0x0000000000000828       0x34 d:/software/st/stm32cubeide_1.7.0/stm32cubeide/plugins/com.st.stm32cube.ide.mcu.externaltools.gnu-tools-for-stm32.9-2020-q2-update.win32_2.0.0.202105311346/tools/bin/../lib/gcc/arm-none-eabi/9.3.1/../../../../arm-none-eabi/lib/thumb/v7e-m+fp/hard\libc_nano.a(lib_a-nano-mallocr.o)
 .ARM.attributes
                0x000000000000085c       0x34 d:/software/st/stm32cubeide_1.7.0/stm32cubeide/plugins/com.st.stm32cube.ide.mcu.externaltools.gnu-tools-for-stm32.9-2020-q2-update.win32_2.0.0.202105311346/tools/bin/../lib/gcc/arm-none-eabi/9.3.1/../../../../arm-none-eabi/lib/thumb/v7e-m+fp/hard\libc_nano.a(lib_a-nano-reallocr.o)
 .ARM.attributes
                0x0000000000000890       0x34 d:/software/st/stm32cubeide_1.7.0/stm32cubeide/plugins/com.st.stm32cube.ide.mcu.externaltools.gnu-tools-for-stm32.9-2020-q2-update.win32_2.0.0.202105311346/tools/bin/../lib/gcc/arm-none-eabi/9.3.1/../../../../arm-none-eabi/lib/thumb/v7e-m+fp/hard\libc_nano.a(lib_a-sbrkr.o)
 .ARM.attributes
                0x00000000000008c4       0x34 d:/software/st/stm32cubeide_1.7.0/stm32cubeide/plugins/com.st.stm32cube.ide.mcu.externaltools.gnu-tools-for-stm32.9-2020-q2-update.win32_2.0.0.202105311346/tools/bin/../lib/gcc/arm-none-eabi/9.3.1/../../../../arm-none-eabi/lib/thumb/v7e-m+fp/hard\libc_nano.a(lib_a-mlock.o)
 .ARM.attributes
                0x00000000000008f8       0x34 d:/software/st/stm32cubeide_1.7.0/stm32cubeide/plugins/com.st.stm32cube.ide.mcu.externaltools.gnu-tools-for-stm32.9-2020-q2-update.win32_2.0.0.202105311346/tools/bin/../lib/gcc/arm-none-eabi/9.3.1/../../../../arm-none-eabi/lib/thumb/v7e-m+fp/hard\libc_nano.a(lib_a-nano-msizer.o)
 .ARM.attributes
                0x000000000000092c       0x34 d:/software/st/stm32cubeide_1.7.0/stm32cubeide/plugins/com.st.stm32cube.ide.mcu.externaltools.gnu-tools-for-stm32.9-2020-q2-update.win32_2.0.0.202105311346/tools/bin/../lib/gcc/arm-none-eabi/9.3.1/../../../../arm-none-eabi/lib/thumb/v7e-m+fp/hard\libc_nano.a(lib_a-reent.o)
 .ARM.attributes
                0x0000000000000960       0x34 d:/software/st/stm32cubeide_1.7.0/stm32cubeide/plugins/com.st.stm32cube.ide.mcu.externaltools.gnu-tools-for-stm32.9-2020-q2-update.win32_2.0.0.202105311346/tools/bin/../lib/gcc/arm-none-eabi/9.3.1/../../../../arm-none-eabi/lib/thumb/v7e-m+fp/hard\libc_nano.a(lib_a-lock.o)
 .ARM.attributes
                0x0000000000000994       0x1e d:/software/st/stm32cubeide_1.7.0/stm32cubeide/plugins/com.st.stm32cube.ide.mcu.externaltools.gnu-tools-for-stm32.9-2020-q2-update.win32_2.0.0.202105311346/tools/bin/../lib/gcc/arm-none-eabi/9.3.1/thumb/v7e-m+fp/hard\libgcc.a(_arm_addsubdf3.o)
 .ARM.attributes
                0x00000000000009b2       0x1e d:/software/st/stm32cubeide_1.7.0/stm32cubeide/plugins/com.st.stm32cube.ide.mcu.externaltools.gnu-tools-for-stm32.9-2020-q2-update.win32_2.0.0.202105311346/tools/bin/../lib/gcc/arm-none-eabi/9.3.1/thumb/v7e-m+fp/hard\libgcc.a(_arm_muldivdf3.o)
 .ARM.attributes
                0x00000000000009d0       0x1e d:/software/st/stm32cubeide_1.7.0/stm32cubeide/plugins/com.st.stm32cube.ide.mcu.externaltools.gnu-tools-for-stm32.9-2020-q2-update.win32_2.0.0.202105311346/tools/bin/../lib/gcc/arm-none-eabi/9.3.1/thumb/v7e-m+fp/hard\libgcc.a(_arm_truncdfsf2.o)
 .ARM.attributes
                0x00000000000009ee       0x1e d:/software/st/stm32cubeide_1.7.0/stm32cubeide/plugins/com.st.stm32cube.ide.mcu.externaltools.gnu-tools-for-stm32.9-2020-q2-update.win32_2.0.0.202105311346/tools/bin/../lib/gcc/arm-none-eabi/9.3.1/thumb/v7e-m+fp/hard\libgcc.a(_aeabi_uldivmod.o)
 .ARM.attributes
                0x0000000000000a0c       0x34 d:/software/st/stm32cubeide_1.7.0/stm32cubeide/plugins/com.st.stm32cube.ide.mcu.externaltools.gnu-tools-for-stm32.9-2020-q2-update.win32_2.0.0.202105311346/tools/bin/../lib/gcc/arm-none-eabi/9.3.1/thumb/v7e-m+fp/hard\libgcc.a(_udivmoddi4.o)
 .ARM.attributes
                0x0000000000000a40       0x1e d:/software/st/stm32cubeide_1.7.0/stm32cubeide/plugins/com.st.stm32cube.ide.mcu.externaltools.gnu-tools-for-stm32.9-2020-q2-update.win32_2.0.0.202105311346/tools/bin/../lib/gcc/arm-none-eabi/9.3.1/thumb/v7e-m+fp/hard\libgcc.a(_dvmd_tls.o)
 .ARM.attributes
                0x0000000000000a5e       0x1e d:/software/st/stm32cubeide_1.7.0/stm32cubeide/plugins/com.st.stm32cube.ide.mcu.externaltools.gnu-tools-for-stm32.9-2020-q2-update.win32_2.0.0.202105311346/tools/bin/../lib/gcc/arm-none-eabi/9.3.1/thumb/v7e-m+fp/hard/crtn.o
OUTPUT(LAB_06.elf elf32-littlearm)
LOAD linker stubs
LOAD d:/software/st/stm32cubeide_1.7.0/stm32cubeide/plugins/com.st.stm32cube.ide.mcu.externaltools.gnu-tools-for-stm32.9-2020-q2-update.win32_2.0.0.202105311346/tools/bin/../lib/gcc/arm-none-eabi/9.3.1/../../../../arm-none-eabi/lib/thumb/v7e-m+fp/hard\libc.a
LOAD d:/software/st/stm32cubeide_1.7.0/stm32cubeide/plugins/com.st.stm32cube.ide.mcu.externaltools.gnu-tools-for-stm32.9-2020-q2-update.win32_2.0.0.202105311346/tools/bin/../lib/gcc/arm-none-eabi/9.3.1/../../../../arm-none-eabi/lib/thumb/v7e-m+fp/hard\libm.a
LOAD d:/software/st/stm32cubeide_1.7.0/stm32cubeide/plugins/com.st.stm32cube.ide.mcu.externaltools.gnu-tools-for-stm32.9-2020-q2-update.win32_2.0.0.202105311346/tools/bin/../lib/gcc/arm-none-eabi/9.3.1/thumb/v7e-m+fp/hard\libgcc.a

.debug_info     0x0000000000000000    0x23e21
 .debug_info    0x0000000000000000     0x14d1 ./Core/Src/button.o
 .debug_info    0x00000000000014d1     0x13d6 ./Core/Src/buzzer.o
 .debug_info    0x00000000000028a7     0x14f3 ./Core/Src/ds3231.o
 .debug_info    0x0000000000003d9a     0x2946 ./Core/Src/lcd.o
 .debug_info    0x00000000000066e0     0x159d ./Core/Src/led_7seg.o
 .debug_info    0x0000000000007c7d     0x2d1a ./Core/Src/main.o
 .debug_info    0x000000000000a997     0x1447 ./Core/Src/sensor.o
 .debug_info    0x000000000000bdde     0x14f6 ./Core/Src/software_timer.o
 .debug_info    0x000000000000d2d4     0x1d24 ./Core/Src/stm32f4xx_hal_msp.o
 .debug_info    0x000000000000eff8     0x1464 ./Core/Src/stm32f4xx_it.o
 .debug_info    0x000000000001045c      0xa25 ./Core/Src/sysmem.o
 .debug_info    0x0000000000010e81      0x5a4 ./Core/Src/system_stm32f4xx.o
 .debug_info    0x0000000000011425     0x1e45 ./Core/Src/uart.o
 .debug_info    0x000000000001326a       0xd8 ./Core/Src/utils.o
 .debug_info    0x0000000000013342       0x22 ./Core/Startup/startup_stm32f407zgtx.o
 .debug_info    0x0000000000013364      0x9b2 ./Drivers/STM32F4xx_HAL_Driver/Src/stm32f4xx_hal.o
 .debug_info    0x0000000000013d16      0xdbc ./Drivers/STM32F4xx_HAL_Driver/Src/stm32f4xx_hal_adc.o
 .debug_info    0x0000000000014ad2      0xed7 ./Drivers/STM32F4xx_HAL_Driver/Src/stm32f4xx_hal_cortex.o
 .debug_info    0x00000000000159a9      0x9f1 ./Drivers/STM32F4xx_HAL_Driver/Src/stm32f4xx_hal_dma.o
 .debug_info    0x000000000001639a      0x83e ./Drivers/STM32F4xx_HAL_Driver/Src/stm32f4xx_hal_gpio.o
 .debug_info    0x0000000000016bd8     0x264d ./Drivers/STM32F4xx_HAL_Driver/Src/stm32f4xx_hal_i2c.o
 .debug_info    0x0000000000019225      0x996 ./Drivers/STM32F4xx_HAL_Driver/Src/stm32f4xx_hal_rcc.o
 .debug_info    0x0000000000019bbb     0x17c0 ./Drivers/STM32F4xx_HAL_Driver/Src/stm32f4xx_hal_spi.o
 .debug_info    0x000000000001b37b      0xbab ./Drivers/STM32F4xx_HAL_Driver/Src/stm32f4xx_hal_sram.o
 .debug_info    0x000000000001bf26     0x2c22 ./Drivers/STM32F4xx_HAL_Driver/Src/stm32f4xx_hal_tim.o
 .debug_info    0x000000000001eb48     0x15a2 ./Drivers/STM32F4xx_HAL_Driver/Src/stm32f4xx_hal_tim_ex.o
 .debug_info    0x00000000000200ea     0x31de ./Drivers/STM32F4xx_HAL_Driver/Src/stm32f4xx_hal_uart.o
 .debug_info    0x00000000000232c8      0xb59 ./Drivers/STM32F4xx_HAL_Driver/Src/stm32f4xx_ll_fsmc.o

.debug_abbrev   0x0000000000000000     0x3a24
 .debug_abbrev  0x0000000000000000      0x1d2 ./Core/Src/button.o
 .debug_abbrev  0x00000000000001d2      0x1ab ./Core/Src/buzzer.o
 .debug_abbrev  0x000000000000037d      0x1cb ./Core/Src/ds3231.o
 .debug_abbrev  0x0000000000000548      0x3bd ./Core/Src/lcd.o
 .debug_abbrev  0x0000000000000905      0x1bc ./Core/Src/led_7seg.o
 .debug_abbrev  0x0000000000000ac1      0x38e ./Core/Src/main.o
 .debug_abbrev  0x0000000000000e4f      0x1b2 ./Core/Src/sensor.o
 .debug_abbrev  0x0000000000001001      0x1ba ./Core/Src/software_timer.o
 .debug_abbrev  0x00000000000011bb      0x238 ./Core/Src/stm32f4xx_hal_msp.o
 .debug_abbrev  0x00000000000013f3      0x187 ./Core/Src/stm32f4xx_it.o
 .debug_abbrev  0x000000000000157a      0x1bf ./Core/Src/sysmem.o
 .debug_abbrev  0x0000000000001739      0x145 ./Core/Src/system_stm32f4xx.o
 .debug_abbrev  0x000000000000187e      0x2b5 ./Core/Src/uart.o
 .debug_abbrev  0x0000000000001b33       0x87 ./Core/Src/utils.o
 .debug_abbrev  0x0000000000001bba       0x12 ./Core/Startup/startup_stm32f407zgtx.o
 .debug_abbrev  0x0000000000001bcc      0x1ed ./Drivers/STM32F4xx_HAL_Driver/Src/stm32f4xx_hal.o
 .debug_abbrev  0x0000000000001db9      0x22f ./Drivers/STM32F4xx_HAL_Driver/Src/stm32f4xx_hal_adc.o
 .debug_abbrev  0x0000000000001fe8      0x33c ./Drivers/STM32F4xx_HAL_Driver/Src/stm32f4xx_hal_cortex.o
 .debug_abbrev  0x0000000000002324      0x259 ./Drivers/STM32F4xx_HAL_Driver/Src/stm32f4xx_hal_dma.o
 .debug_abbrev  0x000000000000257d      0x1f1 ./Drivers/STM32F4xx_HAL_Driver/Src/stm32f4xx_hal_gpio.o
 .debug_abbrev  0x000000000000276e      0x282 ./Drivers/STM32F4xx_HAL_Driver/Src/stm32f4xx_hal_i2c.o
 .debug_abbrev  0x00000000000029f0      0x275 ./Drivers/STM32F4xx_HAL_Driver/Src/stm32f4xx_hal_rcc.o
 .debug_abbrev  0x0000000000002c65      0x26e ./Drivers/STM32F4xx_HAL_Driver/Src/stm32f4xx_hal_spi.o
 .debug_abbrev  0x0000000000002ed3      0x1f4 ./Drivers/STM32F4xx_HAL_Driver/Src/stm32f4xx_hal_sram.o
 .debug_abbrev  0x00000000000030c7      0x25e ./Drivers/STM32F4xx_HAL_Driver/Src/stm32f4xx_hal_tim.o
 .debug_abbrev  0x0000000000003325      0x266 ./Drivers/STM32F4xx_HAL_Driver/Src/stm32f4xx_hal_tim_ex.o
 .debug_abbrev  0x000000000000358b      0x2eb ./Drivers/STM32F4xx_HAL_Driver/Src/stm32f4xx_hal_uart.o
 .debug_abbrev  0x0000000000003876      0x1ae ./Drivers/STM32F4xx_HAL_Driver/Src/stm32f4xx_ll_fsmc.o

.debug_aranges  0x0000000000000000     0x1650
 .debug_aranges
                0x0000000000000000       0x28 ./Core/Src/button.o
 .debug_aranges
                0x0000000000000028       0x28 ./Core/Src/buzzer.o
 .debug_aranges
                0x0000000000000050       0x30 ./Core/Src/ds3231.o
 .debug_aranges
                0x0000000000000080       0xd8 ./Core/Src/lcd.o
 .debug_aranges
                0x0000000000000158       0x48 ./Core/Src/led_7seg.o
 .debug_aranges
                0x00000000000001a0       0xe0 ./Core/Src/main.o
 .debug_aranges
                0x0000000000000280       0x50 ./Core/Src/sensor.o
 .debug_aranges
                0x00000000000002d0       0x40 ./Core/Src/software_timer.o
 .debug_aranges
                0x0000000000000310       0x98 ./Core/Src/stm32f4xx_hal_msp.o
 .debug_aranges
                0x00000000000003a8       0x78 ./Core/Src/stm32f4xx_it.o
 .debug_aranges
                0x0000000000000420       0x20 ./Core/Src/sysmem.o
 .debug_aranges
                0x0000000000000440       0x28 ./Core/Src/system_stm32f4xx.o
 .debug_aranges
                0x0000000000000468       0x48 ./Core/Src/uart.o
 .debug_aranges
                0x00000000000004b0       0x28 ./Core/Src/utils.o
 .debug_aranges
                0x00000000000004d8       0x28 ./Core/Startup/startup_stm32f407zgtx.o
 .debug_aranges
                0x0000000000000500       0xf0 ./Drivers/STM32F4xx_HAL_Driver/Src/stm32f4xx_hal.o
 .debug_aranges
                0x00000000000005f0       0xe8 ./Drivers/STM32F4xx_HAL_Driver/Src/stm32f4xx_hal_adc.o
 .debug_aranges