main.c:193:5:main	8	static
main.c:270:6:SystemClock_Config	88	static
main.c:315:13:MX_ADC1_Init	24	static
main.c:397:13:MX_I2C1_Init	8	static
main.c:431:13:MX_SPI1_Init	8	static
main.c:469:13:MX_TIM1_Init	32	static
main.c:515:13:MX_TIM2_Init	32	static
main.c:560:13:MX_TIM13_Init	40	static
main.c:606:13:MX_USART1_UART_Init	8	static
main.c:637:13:MX_DMA_Init	16	static
main.c:655:13:MX_GPIO_Init	64	static
main.c:740:13:MX_FSMC_Init	64	static
main.c:801:6:system_init	8	static
main.c:812:6:test_LedDebug	8	static
main.c:821:6:game_init	4	static
main.c:827:6:game_reset	16	static
main.c:846:6:game_draw_menu	24	static
main.c:860:6:game_draw_controls	24	static
main.c:879:6:game_draw_score	48	static
main.c:886:6:food_generate	16	static
main.c:909:6:food_draw	32	static
main.c:917:6:snake_move	16	static
main.c:943:9:snake_check_collision	16	static
main.c:961:6:game_update	64	static
main.c:994:6:game_draw	40	static
main.c:1010:9:is_button_pressed	32	static
main.c:1017:6:handle_touch_input	8	static
main.c:1075:6:Error_Handler	4	static,ignoring_inline_asm
