stm32f4xx_hal_msp.c:67:6:HAL_MspInit	16	static
stm32f4xx_hal_msp.c:89:6:HAL_ADC_MspInit	48	static
stm32f4xx_hal_msp.c:151:6:HAL_ADC_MspDeInit	16	static
stm32f4xx_hal_msp.c:187:6:HAL_I2C_MspInit	48	static
stm32f4xx_hal_msp.c:223:6:HAL_I2C_MspDeInit	16	static
stm32f4xx_hal_msp.c:254:6:HAL_SPI_MspInit	48	static
stm32f4xx_hal_msp.c:291:6:HAL_SPI_MspDeInit	16	static
stm32f4xx_hal_msp.c:321:6:HAL_TIM_Base_MspInit	32	static
stm32f4xx_hal_msp.c:362:6:HAL_TIM_MspPostInit	40	static
stm32f4xx_hal_msp.c:394:6:HAL_TIM_Base_MspDeInit	16	static
stm32f4xx_hal_msp.c:441:6:HAL_UART_MspInit	48	static
stm32f4xx_hal_msp.c:480:6:HAL_UART_MspDeInit	16	static
stm32f4xx_hal_msp.c:507:13:HAL_FSMC_MspInit	32	static
stm32f4xx_hal_msp.c:565:6:HAL_SRAM_MspInit	16	static
stm32f4xx_hal_msp.c:577:13:HAL_FSMC_MspDeInit	8	static
stm32f4xx_hal_msp.c:623:6:HAL_SRAM_MspDeInit	16	static
